Archive member included to satisfy reference by file (symbol)

c:/program files (x86)/atmel/studio/7.0/toolchain/avr8/avr8-gnu-toolchain/bin/../lib/gcc/avr/5.4.0/../../../../avr/lib/avrxmega3\libm.a(addsf3.o)
                              main.o (__subsf3)
c:/program files (x86)/atmel/studio/7.0/toolchain/avr8/avr8-gnu-toolchain/bin/../lib/gcc/avr/5.4.0/../../../../avr/lib/avrxmega3\libm.a(addsf3x.o)
                              c:/program files (x86)/atmel/studio/7.0/toolchain/avr8/avr8-gnu-toolchain/bin/../lib/gcc/avr/5.4.0/../../../../avr/lib/avrxmega3\libm.a(addsf3.o) (__addsf3x)
c:/program files (x86)/atmel/studio/7.0/toolchain/avr8/avr8-gnu-toolchain/bin/../lib/gcc/avr/5.4.0/../../../../avr/lib/avrxmega3\libm.a(cmpsf2.o)
                              main.o (__ltsf2)
c:/program files (x86)/atmel/studio/7.0/toolchain/avr8/avr8-gnu-toolchain/bin/../lib/gcc/avr/5.4.0/../../../../avr/lib/avrxmega3\libm.a(divsf3.o)
                              main.o (__divsf3)
c:/program files (x86)/atmel/studio/7.0/toolchain/avr8/avr8-gnu-toolchain/bin/../lib/gcc/avr/5.4.0/../../../../avr/lib/avrxmega3\libm.a(divsf3x.o)
                              c:/program files (x86)/atmel/studio/7.0/toolchain/avr8/avr8-gnu-toolchain/bin/../lib/gcc/avr/5.4.0/../../../../avr/lib/avrxmega3\libm.a(divsf3.o) (__divsf3x)
c:/program files (x86)/atmel/studio/7.0/toolchain/avr8/avr8-gnu-toolchain/bin/../lib/gcc/avr/5.4.0/../../../../avr/lib/avrxmega3\libm.a(floatsisf.o)
                              main.o (__floatsisf)
c:/program files (x86)/atmel/studio/7.0/toolchain/avr8/avr8-gnu-toolchain/bin/../lib/gcc/avr/5.4.0/../../../../avr/lib/avrxmega3\libm.a(fp_cmp.o)
                              c:/program files (x86)/atmel/studio/7.0/toolchain/avr8/avr8-gnu-toolchain/bin/../lib/gcc/avr/5.4.0/../../../../avr/lib/avrxmega3\libm.a(cmpsf2.o) (__fp_cmp)
c:/program files (x86)/atmel/studio/7.0/toolchain/avr8/avr8-gnu-toolchain/bin/../lib/gcc/avr/5.4.0/../../../../avr/lib/avrxmega3\libm.a(fp_inf.o)
                              c:/program files (x86)/atmel/studio/7.0/toolchain/avr8/avr8-gnu-toolchain/bin/../lib/gcc/avr/5.4.0/../../../../avr/lib/avrxmega3\libm.a(addsf3x.o) (__fp_inf)
c:/program files (x86)/atmel/studio/7.0/toolchain/avr8/avr8-gnu-toolchain/bin/../lib/gcc/avr/5.4.0/../../../../avr/lib/avrxmega3\libm.a(fp_nan.o)
                              c:/program files (x86)/atmel/studio/7.0/toolchain/avr8/avr8-gnu-toolchain/bin/../lib/gcc/avr/5.4.0/../../../../avr/lib/avrxmega3\libm.a(addsf3x.o) (__fp_nan)
c:/program files (x86)/atmel/studio/7.0/toolchain/avr8/avr8-gnu-toolchain/bin/../lib/gcc/avr/5.4.0/../../../../avr/lib/avrxmega3\libm.a(fp_pscA.o)
                              c:/program files (x86)/atmel/studio/7.0/toolchain/avr8/avr8-gnu-toolchain/bin/../lib/gcc/avr/5.4.0/../../../../avr/lib/avrxmega3\libm.a(addsf3x.o) (__fp_pscA)
c:/program files (x86)/atmel/studio/7.0/toolchain/avr8/avr8-gnu-toolchain/bin/../lib/gcc/avr/5.4.0/../../../../avr/lib/avrxmega3\libm.a(fp_pscB.o)
                              c:/program files (x86)/atmel/studio/7.0/toolchain/avr8/avr8-gnu-toolchain/bin/../lib/gcc/avr/5.4.0/../../../../avr/lib/avrxmega3\libm.a(addsf3x.o) (__fp_pscB)
c:/program files (x86)/atmel/studio/7.0/toolchain/avr8/avr8-gnu-toolchain/bin/../lib/gcc/avr/5.4.0/../../../../avr/lib/avrxmega3\libm.a(fp_round.o)
                              c:/program files (x86)/atmel/studio/7.0/toolchain/avr8/avr8-gnu-toolchain/bin/../lib/gcc/avr/5.4.0/../../../../avr/lib/avrxmega3\libm.a(addsf3.o) (__fp_round)
c:/program files (x86)/atmel/studio/7.0/toolchain/avr8/avr8-gnu-toolchain/bin/../lib/gcc/avr/5.4.0/../../../../avr/lib/avrxmega3\libm.a(fp_split3.o)
                              c:/program files (x86)/atmel/studio/7.0/toolchain/avr8/avr8-gnu-toolchain/bin/../lib/gcc/avr/5.4.0/../../../../avr/lib/avrxmega3\libm.a(addsf3x.o) (__fp_split3)
c:/program files (x86)/atmel/studio/7.0/toolchain/avr8/avr8-gnu-toolchain/bin/../lib/gcc/avr/5.4.0/../../../../avr/lib/avrxmega3\libm.a(fp_zero.o)
                              c:/program files (x86)/atmel/studio/7.0/toolchain/avr8/avr8-gnu-toolchain/bin/../lib/gcc/avr/5.4.0/../../../../avr/lib/avrxmega3\libm.a(addsf3x.o) (__fp_zero)
c:/program files (x86)/atmel/studio/7.0/toolchain/avr8/avr8-gnu-toolchain/bin/../lib/gcc/avr/5.4.0/../../../../avr/lib/avrxmega3\libm.a(gesf2.o)
                              my_eeprom.o (__gesf2)
c:/program files (x86)/atmel/studio/7.0/toolchain/avr8/avr8-gnu-toolchain/bin/../lib/gcc/avr/5.4.0/../../../../avr/lib/avrxmega3\libm.a(mulsf3.o)
                              main.o (__mulsf3)
c:/program files (x86)/atmel/studio/7.0/toolchain/avr8/avr8-gnu-toolchain/bin/../lib/gcc/avr/5.4.0/../../../../avr/lib/avrxmega3\libm.a(mulsf3x.o)
                              c:/program files (x86)/atmel/studio/7.0/toolchain/avr8/avr8-gnu-toolchain/bin/../lib/gcc/avr/5.4.0/../../../../avr/lib/avrxmega3\libm.a(mulsf3.o) (__mulsf3x)
[...]
Memory Configuration

Name             Origin             Length             Attributes
text             0x00000000         0x00008000         xr
data             0x00807000         0x00001000         rw !x
eeprom           0x00810000         0x00000200         rw !x
fuse             0x00820000         0x00000010         rw !x
lock             0x00830000         0x00000400         rw !x
signature        0x00840000         0x00000400         rw !x
user_signatures  0x00850000         0x00000400         rw !x
*default*        0x00000000         0xffffffff

Linker script and memory map

Address of section .data set to 0x807000
                0x00008000                __RODATA_PM_OFFSET__ = 0x8000
LOAD C:/Program Files (x86)/Atmel/Studio/7.0/Packs/atmel/AVR-Dx_DFP/1.6.76/gcc/dev/avr32db32/avrxmega3/crtavr32db32.o
LOAD ff/ff.o
LOAD ff/mmc.o
LOAD ff/rtc.o
LOAD main.o
LOAD my_eeprom.o
LOAD my_i2c.o
LOAD my_uart.o
LOAD my_xbee.o
START GROUP
LOAD c:/program files (x86)/atmel/studio/7.0/toolchain/avr8/avr8-gnu-toolchain/bin/../lib/gcc/avr/5.4.0/../../../../avr/lib/avrxmega3\libm.a
END GROUP
LOAD c:/program files (x86)/atmel/studio/7.0/toolchain/avr8/avr8-gnu-toolchain/bin/../lib/gcc/avr/5.4.0/avrxmega3\libgcc.a
LOAD c:/program files (x86)/atmel/studio/7.0/toolchain/avr8/avr8-gnu-toolchain/bin/../lib/gcc/avr/5.4.0/../../../../avr/lib/avrxmega3\libm.a
START GROUP
LOAD c:/program files (x86)/atmel/studio/7.0/toolchain/avr8/avr8-gnu-toolchain/bin/../lib/gcc/avr/5.4.0/avrxmega3\libgcc.a
LOAD c:/program files (x86)/atmel/studio/7.0/toolchain/avr8/avr8-gnu-toolchain/bin/../lib/gcc/avr/5.4.0/../../../../avr/lib/avrxmega3\libm.a
LOAD c:/program files (x86)/atmel/studio/7.0/toolchain/avr8/avr8-gnu-toolchain/bin/../lib/gcc/avr/5.4.0/../../../../avr/lib/avrxmega3\libc.a
LOAD C:/Program Files (x86)/Atmel/Studio/7.0/Packs/atmel/AVR-Dx_DFP/1.6.76/gcc/dev/avr32db32/avrxmega3\libavr32db32.a
END GROUP
                [0x00000000]                __TEXT_REGION_ORIGIN__ = DEFINED (__TEXT_REGION_ORIGIN__)?__TEXT_REGION_ORIGIN__:0x0
                [0x00807000]                __DATA_REGION_ORIGIN__ = DEFINED (__DATA_REGION_ORIGIN__)?__DATA_REGION_ORIGIN__:0x802000
                [0x00008000]                __TEXT_REGION_LENGTH__ = DEFINED (__TEXT_REGION_LENGTH__)?__TEXT_REGION_LENGTH__:0x100000
                [0x00001000]                __DATA_REGION_LENGTH__ = DEFINED (__DATA_REGION_LENGTH__)?__DATA_REGION_LENGTH__:0xffa0
                [0x00000200]                __EEPROM_REGION_LENGTH__ = DEFINED (__EEPROM_REGION_LENGTH__)?__EEPROM_REGION_LENGTH__:0x10000
                [0x00000010]                __FUSE_REGION_LENGTH__ = DEFINED (__FUSE_REGION_LENGTH__)?__FUSE_REGION_LENGTH__:0x400
                0x00000400                __LOCK_REGION_LENGTH__ = DEFINED (__LOCK_REGION_LENGTH__)?__LOCK_REGION_LENGTH__:0x400
                0x00000400                __SIGNATURE_REGION_LENGTH__ = DEFINED (__SIGNATURE_REGION_LENGTH__)?__SIGNATURE_REGION_LENGTH__:0x400
                0x00000400                __USER_SIGNATURE_REGION_LENGTH__ = DEFINED (__USER_SIGNATURE_REGION_LENGTH__)?__USER_SIGNATURE_REGION_LENGTH__:0x400
                0x00008000                __RODATA_PM_OFFSET__ = DEFINED (__RODATA_PM_OFFSET__)?__RODATA_PM_OFFSET__:0x8000

.hash
 *(.hash)

.dynsym
 *(.dynsym)

.dynstr
 *(.dynstr)

.gnu.version
 *(.gnu.version)

.gnu.version_d
 *(.gnu.version_d)

.gnu.version_r
 *(.gnu.version_r)

.rel.init
 *(.rel.init)

.rela.init
 *(.rela.init)

.rel.text
 *(.rel.text)
 *(.rel.text.*)
 *(.rel.gnu.linkonce.t*)

.rela.text
 *(.rela.text)
 *(.rela.text.*)
 *(.rela.gnu.linkonce.t*)

.rel.fini
 *(.rel.fini)

.rela.fini
 *(.rela.fini)

.rel.rodata
 *(.rel.rodata)
 *(.rel.rodata.*)
 *(.rel.gnu.linkonce.r*)

.rela.rodata
 *(.rela.rodata)
 *(.rela.rodata.*)
 *(.rela.gnu.linkonce.r*)

.rel.data
 *(.rel.data)
 *(.rel.data.*)
 *(.rel.gnu.linkonce.d*)

.rela.data
 *(.rela.data)
 *(.rela.data.*)
 *(.rela.gnu.linkonce.d*)

.rel.ctors
 *(.rel.ctors)

.rela.ctors
 *(.rela.ctors)

.rel.dtors
 *(.rel.dtors)

.rela.dtors
 *(.rela.dtors)

.rel.got
 *(.rel.got)

.rela.got
 *(.rela.got)

.rel.bss
 *(.rel.bss)

.rela.bss
 *(.rela.bss)

.rel.plt
 *(.rel.plt)

.rela.plt
 *(.rela.plt)

.text           0x00000000     0x6c78
 *(.vectors)
 .vectors       0x00000000       0xb0 C:/Program Files (x86)/Atmel/Studio/7.0/Packs/atmel/AVR-Dx_DFP/1.6.76/gcc/dev/avr32db32/avrxmega3/crtavr32db32.o
                0x00000000                __vector_default
                0x00000000                __vectors
 *(.vectors)
 *(.progmem.gcc*)
 .progmem.gcc_fplib
                0x000000b0       0x28 c:/program files (x86)/atmel/studio/7.0/toolchain/avr8/avr8-gnu-toolchain/bin/../lib/gcc/avr/5.4.0/../../../../avr/lib/avrxmega3\libm.a(exp.o)
 .progmem.gcc_fplib
                0x000000d8       0x5a c:/program files (x86)/atmel/studio/7.0/toolchain/avr8/avr8-gnu-toolchain/bin/../lib/gcc/avr/5.4.0/../../../../avr/lib/avrxmega3\libm.a(log.o)
                0x00000132                . = ALIGN (0x2)
                0x00000132                __trampolines_start = .
 *(.trampolines)
 .trampolines   0x00000132        0x0 linker stubs
 *(.trampolines*)
                0x00000132                __trampolines_end = .
 *libprintf_flt.a:*(.progmem.data)
 *libc.a:*(.progmem.data)
 .progmem.data  0x00000132       0xfa c:/program files (x86)/atmel/studio/7.0/toolchain/avr8/avr8-gnu-toolchain/bin/../lib/gcc/avr/5.4.0/../../../../avr/lib/avrxmega3\libc.a(ftoa_engine.o)
 *(.progmem*)
                0x0000022c                . = ALIGN (0x2)
 *(.jumptables)
 *(.jumptables*)
 *(.lowtext)
 *(.lowtext*)
                0x0000022c                __ctors_start = .
 *(.ctors)
                0x0000022c                __ctors_end = .
                0x0000022c                __dtors_start = .
 *(.dtors)
                0x0000022c                __dtors_end = .
 SORT(*)(.ctors)
 SORT(*)(.dtors)
 *(.init0)
 .init0         0x0000022c        0x0 C:/Program Files (x86)/Atmel/Studio/7.0/Packs/atmel/AVR-Dx_DFP/1.6.76/gcc/dev/avr32db32/avrxmega3/crtavr32db32.o
                0x0000022c                __init
 *(.init0)
 *(.init1)
 *(.init1)
 *(.init2)
 .init2         0x0000022c        0xc C:/Program Files (x86)/Atmel/Studio/7.0/Packs/atmel/AVR-Dx_DFP/1.6.76/gcc/dev/avr32db32/avrxmega3/crtavr32db32.o
 *(.init2)
 *(.init3)
 *(.init3)
 *(.init4)
 .init4         0x00000238       0x16 c:/program files (x86)/atmel/studio/7.0/toolchain/avr8/avr8-gnu-toolchain/bin/../lib/gcc/avr/5.4.0/avrxmega3\libgcc.a(_copy_data.o)
                0x00000238                __do_copy_data
 .init4         0x0000024e       0x10 c:/program files (x86)/atmel/studio/7.0/toolchain/avr8/avr8-gnu-toolchain/bin/../lib/gcc/avr/5.4.0/avrxmega3\libgcc.a(_clear_bss.o)
                0x0000024e                __do_clear_bss
 *(.init4)
 *(.init5)
 *(.init5)
 *(.init6)
 *(.init6)
 *(.init7)
 *(.init7)
 *(.init8)
 *(.init8)
 *(.init9)
 .init9         0x0000025e        0x8 C:/Program Files (x86)/Atmel/Studio/7.0/Packs/atmel/AVR-Dx_DFP/1.6.76/gcc/dev/avr32db32/avrxmega3/crtavr32db32.o
 *(.init9)
 *(.text)
 .text          0x00000266        0x4 C:/Program Files (x86)/Atmel/Studio/7.0/Packs/atmel/AVR-Dx_DFP/1.6.76/gcc/dev/avr32db32/avrxmega3/crtavr32db32.o
                0x00000266                __vector_38
                0x00000266                __vector_22
                0x00000266                __vector_28
                0x00000266                __vector_1
                0x00000266                __vector_32
                0x00000266                __vector_34
                0x00000266                __vector_24
                0x00000266                __vector_12
                0x00000266                __bad_interrupt
                0x00000266                __vector_6
                0x00000266                __vector_31
                0x00000266                __vector_35
                0x00000266                __vector_39
                0x00000266                __vector_3
                0x00000266                __vector_23
                0x00000266                __vector_30
                0x00000266                __vector_25
                0x00000266                __vector_11
                0x00000266                __vector_13
                0x00000266                __vector_17
                0x00000266                __vector_19
                0x00000266                __vector_7
                0x00000266                __vector_41
                0x00000266                __vector_43
                0x00000266                __vector_27
                0x00000266                __vector_33
                0x00000266                __vector_37
                0x00000266                __vector_4
                0x00000266                __vector_2
                0x00000266                __vector_15
                0x00000266                __vector_36
                0x00000266                __vector_29
                0x00000266                __vector_40
                0x00000266                __vector_26
                0x00000266                __vector_14
                0x00000266                __vector_10
                0x00000266                __vector_16
                0x00000266                __vector_18
                0x00000266                __vector_20
                0x00000266                __vector_42
 .text          0x0000026a      0x18e c:/program files (x86)/atmel/studio/7.0/toolchain/avr8/avr8-gnu-toolchain/bin/../lib/gcc/avr/5.4.0/../../../../avr/lib/avrxmega3\libc.a(gmtime_r.o)
                0x0000026a                gmtime_r
                0x000003f8                . = ALIGN (0x2)
 *(.text.*)
 .text.ld_dword
                0x000003f8       0x2a ff/ff.o
 .text.mem_cmp  0x00000422       0x1e ff/ff.o
 .text.clst2sect
                0x00000440       0x50 ff/ff.o
 .text.get_ldnumber
                0x00000490       0x40 ff/ff.o
 .text.validate
                0x000004d0       0x54 ff/ff.o
 .text.ld_clust.isra.1
                0x00000524       0x2a ff/ff.o
 .text.sync_window.part.3
                0x0000054e       0xa2 ff/ff.o
 .text.move_window
                0x000005f0       0x7e ff/ff.o
 .text.check_fs
                0x0000066e       0x82 ff/ff.o
 .text.find_volume
                0x000006f0      0x50a ff/ff.o
 .text.get_fat.isra.7
                0x00000bfa      0x180 ff/ff.o
 .text.dir_sdi.constprop.9
                0x00000d7a       0xfe ff/ff.o
 .text.put_fat.part.6
                0x00000e78      0x212 ff/ff.o
 .text.create_chain
                0x0000108a      0x2c2 ff/ff.o
 .text.dir_next
                0x0000134c      0x2a2 ff/ff.o
 .text.follow_path
                0x000015ee      0x2f8 ff/ff.o
 .text.f_mount  0x000018e6       0x7e ff/ff.o
                0x000018e6                f_mount
 .text.f_open   0x00001964      0x4c4 ff/ff.o
                0x00001964                f_open
 .text.f_write  0x00001e28      0x346 ff/ff.o
                0x00001e28                f_write
 .text.putc_bfd
                0x0000216e       0x8a ff/ff.o
 .text.putc_flush
                0x000021f8       0x5c ff/ff.o
 .text.f_sync   0x00002254      0x20a ff/ff.o
                0x00002254                f_sync
 .text.f_close  0x0000245e       0x3c ff/ff.o
                0x0000245e                f_close
 .text.f_puts   0x0000249a       0x4c ff/ff.o
                0x0000249a                f_puts
 .text.power_off
                0x000024e6       0x16 ff/mmc.o
 .text.xchg_spi
                0x000024fc       0x12 ff/mmc.o
 .text.wait_ready
                0x0000250e       0x2e ff/mmc.o
 .text.deselect
                0x0000253c        0xc ff/mmc.o
 .text.select   0x00002548       0x30 ff/mmc.o
 .text.send_cmd
                0x00002578       0x9e ff/mmc.o
 .text.rcvr_datablock
                0x00002616       0x7a ff/mmc.o
 .text.xmit_datablock.part.1
                0x00002690       0x50 ff/mmc.o
 .text.mmc_disk_initialize
                0x000026e0      0x1dc ff/mmc.o
                0x000026e0                mmc_disk_initialize
 .text.mmc_disk_read
                0x000028bc       0x8c ff/mmc.o
                0x000028bc                mmc_disk_read
 .text.mmc_disk_write
                0x00002948      0x102 ff/mmc.o
                0x00002948                mmc_disk_write
 .text.mmc_disk_ioctl
                0x00002a4a      0x576 ff/mmc.o
                0x00002a4a                mmc_disk_ioctl
 .text.disk_timerproc
                0x00002fc0       0x28 ff/mmc.o
                0x00002fc0                disk_timerproc
 .text.disk_initialize
                0x00002fe8        0x4 ff/mmc.o
                0x00002fe8                disk_initialize
 .text.disk_status
                0x00002fec        0x6 ff/mmc.o
                0x00002fec                disk_status
 .text.disk_read
                0x00002ff2       0x14 ff/mmc.o
                0x00002ff2                disk_read
 .text.disk_write
                0x00003006       0x14 ff/mmc.o
                0x00003006                disk_write
 .text.disk_ioctl
                0x0000301a        0x8 ff/mmc.o
                0x0000301a                disk_ioctl
 .text.get_fattime
                0x00003022       0x98 ff/rtc.o
                0x00003022                get_fattime
 .text._ZL8blinkLEDi.part.0
                0x000030ba       0x50 main.o
 .text.startup.main
                0x0000310a      0x244 main.o
                0x0000310a                main
 .text.__vector_21
                0x0000334e      0x4dc main.o
                0x0000334e                __vector_21
 .text.__vector_9
                0x0000382a       0x48 main.o
                0x0000382a                __vector_9
 .text.__vector_5
                0x00003872      0x950 main.o
                0x00003872                __vector_5
 .text.__vector_8
                0x000041c2       0x60 main.o
                0x000041c2                __vector_8
 .text._ZN9my_eeprom20LoadCorrectionFactorEv
                0x00004222      0x332 my_eeprom.o
                0x00004222                _ZN9my_eeprom20LoadCorrectionFactorEv
 .text._ZN9my_eeprom19SetCorrectionFactorEPKc
                0x00004554      0x53c my_eeprom.o
                0x00004554                _ZN9my_eeprom19SetCorrectionFactorEPKc
 .text._ZN9my_eeprom26MakeCorrectionFactorStringEPcPKc
                0x00004a90      0x280 my_eeprom.o
                0x00004a90                _ZN9my_eeprom26MakeCorrectionFactorStringEPcPKc
 .text._ZN9my_eeprom22LoadMeasurementSettingEv
                0x00004d10       0xee my_eeprom.o
                0x00004d10                _ZN9my_eeprom22LoadMeasurementSettingEv
 .text._ZN9my_eeprom21SetMeasurementSettingEv
                0x00004dfe       0xf6 my_eeprom.o
                0x00004dfe                _ZN9my_eeprom21SetMeasurementSettingEv
 .text._ZL10SCL_SetLowv
                0x00004ef4       0x10 my_i2c.o
 .text._ZL10_bus_startv
                0x00004f04       0x18 my_i2c.o
 .text._ZL9_bus_stopv
                0x00004f1c       0x26 my_i2c.o
 .text._ZL9_bus_readb
                0x00004f42       0xa4 my_i2c.o
 .text._ZL10_bus_writeh
                0x00004fe6       0x88 my_i2c.o
 .text._ZN6my_i2c13InitializeI2CEv
                0x0000506e       0x12 my_i2c.o
                0x0000506e                _ZN6my_i2c13InitializeI2CEv
 .text._ZN6my_i2c13InitializeOPTEh
                0x00005080       0x54 my_i2c.o
                0x00005080                _ZN6my_i2c13InitializeOPTEh
 .text._ZN6my_i2c9ReadAHT20EPfS0_
                0x000050d4      0x274 my_i2c.o
                0x000050d4                _ZN6my_i2c9ReadAHT20EPfS0_
 .text._ZN6my_i2c7ReadOPTEh
                0x00005348       0xd6 my_i2c.o
                0x00005348                _ZN6my_i2c7ReadOPTEh
 .text._ZN7my_uart10InitializeEv
                0x0000541e       0x16 my_uart.o
                0x0000541e                _ZN7my_uart10InitializeEv
 .text._ZN7my_uart7tx_doneEv
                0x00005434        0xc my_uart.o
                0x00005434                _ZN7my_uart7tx_doneEv
 .text._ZN7my_uart9send_charEh
                0x00005440       0x14 my_uart.o
                0x00005440                _ZN7my_uart9send_charEh
 .text._ZN7my_xbee15get_char_lengthEPKc
                0x00005454       0x12 my_xbee.o
                0x00005454                _ZN7my_xbee15get_char_lengthEPKc
 .text._ZN7my_xbee8tx_charsEPKc
                0x00005466       0xac my_xbee.o
                0x00005466                _ZN7my_xbee8tx_charsEPKc
 .text._ZN7my_xbee8bl_charsEPKc
                0x00005512       0x8c my_xbee.o
                0x00005512                _ZN7my_xbee8bl_charsEPKc
 .text._ZN7my_xbee10bltx_charsEPKc
                0x0000559e       0x14 my_xbee.o
                0x0000559e                _ZN7my_xbee10bltx_charsEPKc
 .text.avr-libc.fplib
                0x000055b2        0xe c:/program files (x86)/atmel/studio/7.0/toolchain/avr8/avr8-gnu-toolchain/bin/../lib/gcc/avr/5.4.0/../../../../avr/lib/avrxmega3\libm.a(addsf3.o)
                0x000055b2                __subsf3
                0x000055b4                __addsf3
 .text.avr-libc.fplib
                0x000055c0       0xcc c:/program files (x86)/atmel/studio/7.0/toolchain/avr8/avr8-gnu-toolchain/bin/../lib/gcc/avr/5.4.0/../../../../avr/lib/avrxmega3\libm.a(addsf3x.o)
                0x000055e2                __addsf3x
 .text.avr-libc.fplib
                0x0000568c        0xa c:/program files (x86)/atmel/studio/7.0/toolchain/avr8/avr8-gnu-toolchain/bin/../lib/gcc/avr/5.4.0/../../../../avr/lib/avrxmega3\libm.a(cmpsf2.o)
                0x0000568c                __nesf2
                0x0000568c                __eqsf2
                0x0000568c                __cmpsf2
                0x0000568c                __ltsf2
                0x0000568c                __lesf2
 .text.avr-libc.fplib
                0x00005696        0x8 c:/program files (x86)/atmel/studio/7.0/toolchain/avr8/avr8-gnu-toolchain/bin/../lib/gcc/avr/5.4.0/../../../../avr/lib/avrxmega3\libm.a(divsf3.o)
                0x00005696                __divsf3
 .text.avr-libc.fplib
                0x0000569e       0xdc c:/program files (x86)/atmel/studio/7.0/toolchain/avr8/avr8-gnu-toolchain/bin/../lib/gcc/avr/5.4.0/../../../../avr/lib/avrxmega3\libm.a(divsf3x.o)
                0x000056be                __divsf3x
                0x000056c4                __divsf3_pse
 .text.avr-libc.fplib
                0x0000577a       0x7a c:/program files (x86)/atmel/studio/7.0/toolchain/avr8/avr8-gnu-toolchain/bin/../lib/gcc/avr/5.4.0/../../../../avr/lib/avrxmega3\libm.a(floatsisf.o)
                0x0000577a                __floatunsisf
                0x0000577e                __floatsisf
 .text.avr-libc.fplib
                0x000057f4       0x48 c:/program files (x86)/atmel/studio/7.0/toolchain/avr8/avr8-gnu-toolchain/bin/../lib/gcc/avr/5.4.0/../../../../avr/lib/avrxmega3\libm.a(fp_cmp.o)
                0x000057f4                __fp_cmp
 .text.avr-libc.fplib
                0x0000583c        0xc c:/program files (x86)/atmel/studio/7.0/toolchain/avr8/avr8-gnu-toolchain/bin/../lib/gcc/avr/5.4.0/../../../../avr/lib/avrxmega3\libm.a(fp_inf.o)
                0x0000583c                __fp_inf
 .text.avr-libc.fplib
                0x00005848        0x6 c:/program files (x86)/atmel/studio/7.0/toolchain/avr8/avr8-gnu-toolchain/bin/../lib/gcc/avr/5.4.0/../../../../avr/lib/avrxmega3\libm.a(fp_nan.o)
                0x00005848                __fp_nan
 .text.avr-libc.fplib
                0x0000584e        0xe c:/program files (x86)/atmel/studio/7.0/toolchain/avr8/avr8-gnu-toolchain/bin/../lib/gcc/avr/5.4.0/../../../../avr/lib/avrxmega3\libm.a(fp_pscA.o)
                0x0000584e                __fp_pscA
 .text.avr-libc.fplib
                0x0000585c        0xe c:/program files (x86)/atmel/studio/7.0/toolchain/avr8/avr8-gnu-toolchain/bin/../lib/gcc/avr/5.4.0/../../../../avr/lib/avrxmega3\libm.a(fp_pscB.o)
                0x0000585c                __fp_pscB
 .text.avr-libc.fplib
                0x0000586a       0x22 c:/program files (x86)/atmel/studio/7.0/toolchain/avr8/avr8-gnu-toolchain/bin/../lib/gcc/avr/5.4.0/../../../../avr/lib/avrxmega3\libm.a(fp_round.o)
                0x0000586a                __fp_round
 .text.avr-libc.fplib
                0x0000588c       0x44 c:/program files (x86)/atmel/studio/7.0/toolchain/avr8/avr8-gnu-toolchain/bin/../lib/gcc/avr/5.4.0/../../../../avr/lib/avrxmega3\libm.a(fp_split3.o)
                0x0000588c                __fp_split3
                0x0000589c                __fp_splitA
 .text.avr-libc.fplib
                0x000058d0        0xe c:/program files (x86)/atmel/studio/7.0/toolchain/avr8/avr8-gnu-toolchain/bin/../lib/gcc/avr/5.4.0/../../../../avr/lib/avrxmega3\libm.a(fp_zero.o)
                0x000058d0                __fp_zero
                0x000058d2                __fp_szero
 .text.avr-libc.fplib
                0x000058de        0xa c:/program files (x86)/atmel/studio/7.0/toolchain/avr8/avr8-gnu-toolchain/bin/../lib/gcc/avr/5.4.0/../../../../avr/lib/avrxmega3\libm.a(gesf2.o)
                0x000058de                __gesf2
                0x000058de                __gtsf2
 .text.avr-libc.fplib
                0x000058e8        0x8 c:/program files (x86)/atmel/studio/7.0/toolchain/avr8/avr8-gnu-toolchain/bin/../lib/gcc/avr/5.4.0/../../../../avr/lib/avrxmega3\libm.a(mulsf3.o)
                0x000058e8                __mulsf3
 .text.avr-libc.fplib
                0x000058f0       0xd2 c:/program files (x86)/atmel/studio/7.0/toolchain/avr8/avr8-gnu-toolchain/bin/../lib/gcc/avr/5.4.0/../../../../avr/lib/avrxmega3\libm.a(mulsf3x.o)
                0x0000590e                __mulsf3x
                0x00005914                __mulsf3_pse
 .text.avr-libc.fplib
                0x000059c2       0xa0 c:/program files (x86)/atmel/studio/7.0/toolchain/avr8/avr8-gnu-toolchain/bin/../lib/gcc/avr/5.4.0/../../../../avr/lib/avrxmega3\libm.a(pow.o)
                0x000059c2                pow
 .text.avr-libc.fplib
                0x00005a62       0x74 c:/program files (x86)/atmel/studio/7.0/toolchain/avr8/avr8-gnu-toolchain/bin/../lib/gcc/avr/5.4.0/../../../../avr/lib/avrxmega3\libm.a(exp.o)
                0x00005a72                exp
 .text.avr-libc.fplib
                0x00005ad6       0x4e c:/program files (x86)/atmel/studio/7.0/toolchain/avr8/avr8-gnu-toolchain/bin/../lib/gcc/avr/5.4.0/../../../../avr/lib/avrxmega3\libm.a(fp_powser.o)
                0x00005ad6                __fp_powser
 .text.avr-libc.fplib
                0x00005b24       0x10 c:/program files (x86)/atmel/studio/7.0/toolchain/avr8/avr8-gnu-toolchain/bin/../lib/gcc/avr/5.4.0/../../../../avr/lib/avrxmega3\libm.a(inverse.o)
                0x00005b24                inverse
 .text.avr-libc.fplib
                0x00005b34       0x74 c:/program files (x86)/atmel/studio/7.0/toolchain/avr8/avr8-gnu-toolchain/bin/../lib/gcc/avr/5.4.0/../../../../avr/lib/avrxmega3\libm.a(ldexp.o)
                0x00005b3c                ldexp
 .text.avr-libc.fplib
                0x00005ba8       0xa0 c:/program files (x86)/atmel/studio/7.0/toolchain/avr8/avr8-gnu-toolchain/bin/../lib/gcc/avr/5.4.0/../../../../avr/lib/avrxmega3\libm.a(log.o)
                0x00005bb8                log
 .text.avr-libc.fplib
                0x00005c48       0x68 c:/program files (x86)/atmel/studio/7.0/toolchain/avr8/avr8-gnu-toolchain/bin/../lib/gcc/avr/5.4.0/../../../../avr/lib/avrxmega3\libm.a(modf.o)
                0x00005c48                modf
                0x00005c48                modff
 .text.avr-libc.fplib
                0x00005cb0       0x1c c:/program files (x86)/atmel/studio/7.0/toolchain/avr8/avr8-gnu-toolchain/bin/../lib/gcc/avr/5.4.0/../../../../avr/lib/avrxmega3\libm.a(fp_mpack.o)
                0x00005cb0                __fp_mpack
                0x00005cb4                __fp_mpack_finite
 .text.libgcc.div
                0x00005ccc       0x28 c:/program files (x86)/atmel/studio/7.0/toolchain/avr8/avr8-gnu-toolchain/bin/../lib/gcc/avr/5.4.0/avrxmega3\libgcc.a(_udivmodhi4.o)
                0x00005ccc                __udivmodhi4
 .text.libgcc.div
                0x00005cf4       0x44 c:/program files (x86)/atmel/studio/7.0/toolchain/avr8/avr8-gnu-toolchain/bin/../lib/gcc/avr/5.4.0/avrxmega3\libgcc.a(_udivmodsi4.o)
                0x00005cf4                __udivmodsi4
 .text.libgcc.mul
                0x00005d38       0x16 c:/program files (x86)/atmel/studio/7.0/toolchain/avr8/avr8-gnu-toolchain/bin/../lib/gcc/avr/5.4.0/avrxmega3\libgcc.a(_muluhisi3.o)
                0x00005d38                __muluhisi3
 .text.libgcc.mul
                0x00005d4e       0x1e c:/program files (x86)/atmel/studio/7.0/toolchain/avr8/avr8-gnu-toolchain/bin/../lib/gcc/avr/5.4.0/avrxmega3\libgcc.a(_umulhisi3.o)
                0x00005d4e                __umulhisi3
 .text.avr-libc
                0x00005d6c       0x40 c:/program files (x86)/atmel/studio/7.0/toolchain/avr8/avr8-gnu-toolchain/bin/../lib/gcc/avr/5.4.0/../../../../avr/lib/avrxmega3\libc.a(dtostrf.o)
                0x00005d6c                dtostrf
 .text.avr-libc
                0x00005dac      0x242 c:/program files (x86)/atmel/studio/7.0/toolchain/avr8/avr8-gnu-toolchain/bin/../lib/gcc/avr/5.4.0/../../../../avr/lib/avrxmega3\libc.a(malloc.o)
                0x00005dac                malloc
                0x00005edc                free
 .text.avr-libc
                0x00005fee       0x3c c:/program files (x86)/atmel/studio/7.0/toolchain/avr8/avr8-gnu-toolchain/bin/../lib/gcc/avr/5.4.0/../../../../avr/lib/avrxmega3\libc.a(atoi.o)
                0x00005fee                atoi
 .text.avr-libc
                0x0000602a       0x4e c:/program files (x86)/atmel/studio/7.0/toolchain/avr8/avr8-gnu-toolchain/bin/../lib/gcc/avr/5.4.0/../../../../avr/lib/avrxmega3\libc.a(atol.o)
                0x0000602a                atol
 .text.avr-libc
                0x00006078       0x1c c:/program files (x86)/atmel/studio/7.0/toolchain/avr8/avr8-gnu-toolchain/bin/../lib/gcc/avr/5.4.0/../../../../avr/lib/avrxmega3\libc.a(strncmp.o)
                0x00006078                strncmp
 .text.avr-libc
                0x00006094       0x1e c:/program files (x86)/atmel/studio/7.0/toolchain/avr8/avr8-gnu-toolchain/bin/../lib/gcc/avr/5.4.0/../../../../avr/lib/avrxmega3\libc.a(strncpy.o)
                0x00006094                strncpy
 .text.avr-libc
                0x000060b2       0x2a c:/program files (x86)/atmel/studio/7.0/toolchain/avr8/avr8-gnu-toolchain/bin/../lib/gcc/avr/5.4.0/../../../../avr/lib/avrxmega3\libc.a(mulsi10.o)
                0x000060b2                __mulsi_const_10
 .text.avr-libc
                0x000060dc       0x10 c:/program files (x86)/atmel/studio/7.0/toolchain/avr8/avr8-gnu-toolchain/bin/../lib/gcc/avr/5.4.0/../../../../avr/lib/avrxmega3\libc.a(mul10.o)
                0x000060dc                __mulhi_const_10
 .text.avr-libc
                0x000060ec       0x60 c:/program files (x86)/atmel/studio/7.0/toolchain/avr8/avr8-gnu-toolchain/bin/../lib/gcc/avr/5.4.0/../../../../avr/lib/avrxmega3\libc.a(snprintf.o)
                0x000060ec                snprintf
 .text.avr-libc
                0x0000614c       0x44 c:/program files (x86)/atmel/studio/7.0/toolchain/avr8/avr8-gnu-toolchain/bin/../lib/gcc/avr/5.4.0/../../../../avr/lib/avrxmega3\libc.a(sprintf.o)
                0x0000614c                sprintf
 .text.avr-libc
                0x00006190      0x3c2 c:/program files (x86)/atmel/studio/7.0/toolchain/avr8/avr8-gnu-toolchain/bin/../lib/gcc/avr/5.4.0/../../../../avr/lib/avrxmega3\libc.a(vfprintf_std.o)
                0x00006190                vfprintf
 .text.avr-libc
                0x00006552      0x2b4 c:/program files (x86)/atmel/studio/7.0/toolchain/avr8/avr8-gnu-toolchain/bin/../lib/gcc/avr/5.4.0/../../../../avr/lib/avrxmega3\libc.a(dtoa_prf.o)
                0x00006552                dtoa_prf
 .text.avr-libc
                0x00006806      0x1b0 c:/program files (x86)/atmel/studio/7.0/toolchain/avr8/avr8-gnu-toolchain/bin/../lib/gcc/avr/5.4.0/../../../../avr/lib/avrxmega3\libc.a(ftoa_engine.o)
                0x00006806                __ftoa_engine
 .text.avr-libc
                0x000069b6       0x16 c:/program files (x86)/atmel/studio/7.0/toolchain/avr8/avr8-gnu-toolchain/bin/../lib/gcc/avr/5.4.0/../../../../avr/lib/avrxmega3\libc.a(strnlen_P.o)
                0x000069b6                strnlen_P
 .text.avr-libc
                0x000069cc       0x16 c:/program files (x86)/atmel/studio/7.0/toolchain/avr8/avr8-gnu-toolchain/bin/../lib/gcc/avr/5.4.0/../../../../avr/lib/avrxmega3\libc.a(strnlen.o)
                0x000069cc                strnlen
 .text.avr-libc
                0x000069e2       0x78 c:/program files (x86)/atmel/studio/7.0/toolchain/avr8/avr8-gnu-toolchain/bin/../lib/gcc/avr/5.4.0/../../../../avr/lib/avrxmega3\libc.a(fputc.o)
                0x000069e2                fputc
 .text.avr-libc
                0x00006a5a       0xbc c:/program files (x86)/atmel/studio/7.0/toolchain/avr8/avr8-gnu-toolchain/bin/../lib/gcc/avr/5.4.0/../../../../avr/lib/avrxmega3\libc.a(ultoa_invert.o)
                0x00006a5a                __ultoa_invert
 .text.avr-libc
                0x00006b16       0x10 C:/Program Files (x86)/Atmel/Studio/7.0/Packs/atmel/AVR-Dx_DFP/1.6.76/gcc/dev/avr32db32/avrxmega3\libavr32db32.a(eerd_byte.o)
                0x00006b16                eeprom_read_byte
                0x00006b1e                eeprom_mapen
 .text.avr-libc
                0x00006b26        0xe C:/Program Files (x86)/Atmel/Studio/7.0/Packs/atmel/AVR-Dx_DFP/1.6.76/gcc/dev/avr32db32/avrxmega3\libavr32db32.a(eerd_dword.o)
                0x00006b26                eeprom_read_float
                0x00006b26                eeprom_read_dword
 .text.avr-libc
                0x00006b34        0xa C:/Program Files (x86)/Atmel/Studio/7.0/Packs/atmel/AVR-Dx_DFP/1.6.76/gcc/dev/avr32db32/avrxmega3\libavr32db32.a(eerd_word.o)
                0x00006b34                eeprom_read_word
 .text.avr-libc
                0x00006b3e       0x16 C:/Program Files (x86)/Atmel/Studio/7.0/Packs/atmel/AVR-Dx_DFP/1.6.76/gcc/dev/avr32db32/avrxmega3\libavr32db32.a(eeupd_byte.o)
                0x00006b3e                eeprom_update_byte
                0x00006b40                eeprom_update_r18
 .text.avr-libc
                0x00006b54       0x18 C:/Program Files (x86)/Atmel/Studio/7.0/Packs/atmel/AVR-Dx_DFP/1.6.76/gcc/dev/avr32db32/avrxmega3\libavr32db32.a(eeupd_dword.o)
                0x00006b54                eeprom_update_float
                0x00006b54                eeprom_update_dword
 .text.avr-libc
                0x00006b6c        0xc C:/Program Files (x86)/Atmel/Studio/7.0/Packs/atmel/AVR-Dx_DFP/1.6.76/gcc/dev/avr32db32/avrxmega3\libavr32db32.a(eeupd_word.o)
                0x00006b6c                eeprom_update_word
 .text.avr-libc
                0x00006b78       0x28 C:/Program Files (x86)/Atmel/Studio/7.0/Packs/atmel/AVR-Dx_DFP/1.6.76/gcc/dev/avr32db32/avrxmega3\libavr32db32.a(eewr_byte.o)
                0x00006b78                eeprom_write_byte
                0x00006b7a                eeprom_write_r18
 .text.avr-libc
                0x00006ba0        0xc C:/Program Files (x86)/Atmel/Studio/7.0/Packs/atmel/AVR-Dx_DFP/1.6.76/gcc/dev/avr32db32/avrxmega3\libavr32db32.a(ccp_write.o)
                0x00006ba0                ccp_write_io
 .text.libgcc.div
                0x00006bac       0x28 c:/program files (x86)/atmel/studio/7.0/toolchain/avr8/avr8-gnu-toolchain/bin/../lib/gcc/avr/5.4.0/avrxmega3\libgcc.a(_divmodhi4.o)
                0x00006bac                _div
                0x00006bac                __divmodhi4
 .text.libgcc.div
                0x00006bd4       0x2e c:/program files (x86)/atmel/studio/7.0/toolchain/avr8/avr8-gnu-toolchain/bin/../lib/gcc/avr/5.4.0/avrxmega3\libgcc.a(_divmodsi4.o)
                0x00006bd4                __divmodsi4
 .text.libgcc.div
                0x00006c02       0x10 c:/program files (x86)/atmel/studio/7.0/toolchain/avr8/avr8-gnu-toolchain/bin/../lib/gcc/avr/5.4.0/avrxmega3\libgcc.a(_negsi2.o)
                0x00006c02                __negsi2
 .text.libgcc.prologue
                0x00006c12       0x32 c:/program files (x86)/atmel/studio/7.0/toolchain/avr8/avr8-gnu-toolchain/bin/../lib/gcc/avr/5.4.0/avrxmega3\libgcc.a(_prologue.o)
                0x00006c12                __prologue_saves__
 .text.libgcc.prologue
                0x00006c44       0x30 c:/program files (x86)/atmel/studio/7.0/toolchain/avr8/avr8-gnu-toolchain/bin/../lib/gcc/avr/5.4.0/avrxmega3\libgcc.a(_epilogue.o)
                0x00006c44                __epilogue_restores__
                0x00006c74                . = ALIGN (0x2)
 *(.fini9)
 .fini9         0x00006c74        0x0 c:/program files (x86)/atmel/studio/7.0/toolchain/avr8/avr8-gnu-toolchain/bin/../lib/gcc/avr/5.4.0/avrxmega3\libgcc.a(_exit.o)
                0x00006c74                _exit
                0x00006c74                exit
 *(.fini9)
 *(.fini8)
 *(.fini8)
 *(.fini7)
 *(.fini7)
 *(.fini6)
 *(.fini6)
 *(.fini5)
 *(.fini5)
 *(.fini4)
 *(.fini4)
 *(.fini3)
 *(.fini3)
 *(.fini2)
 *(.fini2)
 *(.fini1)
 *(.fini1)
 *(.fini0)
 .fini0         0x00006c74        0x4 c:/program files (x86)/atmel/studio/7.0/toolchain/avr8/avr8-gnu-toolchain/bin/../lib/gcc/avr/5.4.0/avrxmega3\libgcc.a(_exit.o)
 *(.fini0)
                0x00006c78                _etext = .

.rodata         0x0000ec78      0x109 load address 0x00006c78
 *(.rodata)
 .rodata        0x0000ec78        0x7 main.o
 *(.rodata*)
 .rodata.str1.1
                0x0000ec7f       0x19 ff/ff.o
 .rodata.str1.1
                0x0000ec98       0xc4 main.o
                                 0xc5 (size before relaxing)
 .rodata.str1.1
                0x0000ed5c       0x25 my_eeprom.o
 *(.gnu.linkonce.r*)

.data           0x00807000       0x32 load address 0x00006d81
                0x00807000                PROVIDE (__data_start, .)
 *(.data)
 .data          0x00807000        0x6 c:/program files (x86)/atmel/studio/7.0/toolchain/avr8/avr8-gnu-toolchain/bin/../lib/gcc/avr/5.4.0/../../../../avr/lib/avrxmega3\libc.a(malloc.o)
                0x00807000                __malloc_heap_end
                0x00807002                __malloc_heap_start
                0x00807004                __malloc_margin
 *(.data*)
 .data.Stat     0x00807006        0x1 ff/mmc.o
 .data._ZL12outputToXBee
                0x00807007        0x1 main.o
 .data._ZL10xbeeOffset
                0x00807008        0x1 main.o
 .data._ZL9startTime
                0x00807009        0x4 main.o
 .data._ZN9my_eeprom12interval_illE
                0x0080700d        0x2 my_eeprom.o
                0x0080700d                _ZN9my_eeprom12interval_illE
 .data._ZN9my_eeprom12interval_velE
                0x0080700f        0x2 my_eeprom.o
                0x0080700f                _ZN9my_eeprom12interval_velE
 .data._ZN9my_eeprom12interval_glbE
                0x00807011        0x2 my_eeprom.o
                0x00807011                _ZN9my_eeprom12interval_glbE
 .data._ZN9my_eeprom11interval_thE
                0x00807013        0x2 my_eeprom.o
                0x00807013                _ZN9my_eeprom11interval_thE
 .data._ZN9my_eeprom11measure_illE
                0x00807015        0x1 my_eeprom.o
                0x00807015                _ZN9my_eeprom11measure_illE
 .data._ZN9my_eeprom11measure_velE
                0x00807016        0x1 my_eeprom.o
                0x00807016                _ZN9my_eeprom11measure_velE
 .data._ZN9my_eeprom11measure_glbE
                0x00807017        0x1 my_eeprom.o
                0x00807017                _ZN9my_eeprom11measure_glbE
 .data._ZN9my_eeprom10measure_thE
                0x00807018        0x1 my_eeprom.o
                0x00807018                _ZN9my_eeprom10measure_thE
 .data._ZN9my_eeprom7Cf_vel0E
                0x00807019        0x4 my_eeprom.o
                0x00807019                _ZN9my_eeprom7Cf_vel0E
 .data._ZN9my_eeprom7Cf_velAE
                0x0080701d        0x4 my_eeprom.o
                0x0080701d                _ZN9my_eeprom7Cf_velAE
 .data._ZN9my_eeprom7Cf_luxAE
                0x00807021        0x4 my_eeprom.o
                0x00807021                _ZN9my_eeprom7Cf_luxAE
 .data._ZN9my_eeprom7Cf_glbAE
                0x00807025        0x4 my_eeprom.o
                0x00807025                _ZN9my_eeprom7Cf_glbAE
 .data._ZN9my_eeprom7Cf_hmdAE
                0x00807029        0x4 my_eeprom.o
                0x00807029                _ZN9my_eeprom7Cf_hmdAE
 .data._ZN9my_eeprom7Cf_dbtAE
                0x0080702d        0x4 my_eeprom.o
                0x0080702d                _ZN9my_eeprom7Cf_dbtAE
 *(.gnu.linkonce.d*)
                0x00807032                . = ALIGN (0x2)
 *fill*         0x00807031        0x1 
                0x00807032                _edata = .
                0x00807032                PROVIDE (__data_end, .)

.bss            0x00807032      0x16a
                0x00807032                PROVIDE (__bss_start, .)
 *(.bss)
 *(.bss*)
 .bss.Fsid      0x00807032        0x2 ff/ff.o
 .bss.FatFs     0x00807034        0x2 ff/ff.o
 .bss.CardType  0x00807036        0x1 ff/mmc.o
 .bss.Timer2    0x00807037        0x1 ff/mmc.o
 .bss.Timer1    0x00807038        0x1 ff/mmc.o
 .bss._ZL8charBuff
                0x00807039       0x64 main.o
 .bss._ZL7fSystem
                0x0080709d        0x2 main.o
 .bss.initSD    0x0080709f        0x1 main.o
                0x0080709f                initSD
 .bss._ZL7wc_time
                0x008070a0        0x1 main.o
 .bss._ZL8pass_ill
                0x008070a1        0x2 main.o
 .bss._ZL8pass_vel
                0x008070a3        0x2 main.o
 .bss._ZL8pass_glb
                0x008070a5        0x2 main.o
 .bss._ZL7pass_th
                0x008070a7        0x2 main.o
 .bss._ZL14outputToSDCard
                0x008070a9        0x1 main.o
 .bss._ZL11outputToBLE
                0x008070aa        0x1 main.o
 .bss._ZL7cmdBuff
                0x008070ab       0x64 main.o
 .bss._ZL9frameBuff
                0x0080710f       0x64 main.o
 .bss._ZL9frameSize
                0x00807173        0x1 main.o
 .bss._ZL13framePosition
                0x00807174        0x1 main.o
 .bss._ZL12readingFrame
                0x00807175        0x1 main.o
 .bss._ZL7logging
                0x00807176        0x1 main.o
 .bss._ZL11currentTime
                0x00807177        0x4 main.o
 .bss.myRTC     0x0080717b        0x8 main.o
                0x0080717b                myRTC
 .bss._ZN9my_eeprom9startAutoE
                0x00807183        0x1 my_eeprom.o
                0x00807183                _ZN9my_eeprom9startAutoE
 .bss._ZN9my_eeprom7Cf_velBE
                0x00807184        0x4 my_eeprom.o
                0x00807184                _ZN9my_eeprom7Cf_velBE
 .bss._ZN9my_eeprom7Cf_luxBE
                0x00807188        0x4 my_eeprom.o
                0x00807188                _ZN9my_eeprom7Cf_luxBE
 .bss._ZN9my_eeprom7Cf_glbBE
                0x0080718c        0x4 my_eeprom.o
                0x0080718c                _ZN9my_eeprom7Cf_glbBE
 .bss._ZN9my_eeprom7Cf_hmdBE
                0x00807190        0x4 my_eeprom.o
                0x00807190                _ZN9my_eeprom7Cf_hmdBE
 .bss._ZN9my_eeprom7Cf_dbtBE
                0x00807194        0x4 my_eeprom.o
                0x00807194                _ZN9my_eeprom7Cf_dbtBE
 *(COMMON)
 COMMON         0x00807198        0x4 c:/program files (x86)/atmel/studio/7.0/toolchain/avr8/avr8-gnu-toolchain/bin/../lib/gcc/avr/5.4.0/../../../../avr/lib/avrxmega3\libc.a(malloc.o)
                0x00807198                __brkval
                0x0080719a                __flp
                0x0080719c                PROVIDE (__bss_end, .)
                0x00006d81                __data_load_start = LOADADDR (.data)
                0x00006db3                __data_load_end = (__data_load_start + SIZEOF (.data))

.noinit         0x0080719c        0x0
                [!provide]                PROVIDE (__noinit_start, .)
 *(.noinit*)
                [!provide]                PROVIDE (__noinit_end, .)
                0x0080719c                _end = .
                0x0080719c                PROVIDE (__heap_start, .)

.eeprom         0x00810000       0x3a
 *(.eeprom*)
 .eeprom        0x00810000       0x3a my_eeprom.o
                0x0081003a                __eeprom_end = .

.fuse
 *(.fuse)
 *(.lfuse)
 *(.hfuse)
 *(.efuse)

.lock
 *(.lock*)

.signature
 *(.signature*)

.user_signatures
 *(.user_signatures*)

.stab
 *(.stab)

.stabstr
 *(.stabstr)

.stab.excl
 *(.stab.excl)

.stab.exclstr
 *(.stab.exclstr)

.stab.index
 *(.stab.index)

.stab.indexstr
 *(.stab.indexstr)

.comment        0x00000000       0x5c
 *(.comment)
 .comment       0x00000000       0x30 ff/ff.o
                                 0x31 (size before relaxing)
 .comment       0x00000030       0x31 ff/mmc.o
 .comment       0x00000030       0x31 ff/rtc.o
 .comment       0x00000030       0x31 main.o
 .comment       0x00000030       0x31 my_eeprom.o
 .comment       0x00000030       0x31 my_i2c.o
 .comment       0x00000030       0x31 my_uart.o
 .comment       0x00000030       0x31 my_xbee.o
 .comment       0x00000030       0x31 c:/program files (x86)/atmel/studio/7.0/toolchain/avr8/avr8-gnu-toolchain/bin/../lib/gcc/avr/5.4.0/../../../../avr/lib/avrxmega3\libc.a(dtostrf.o)
 .comment       0x00000030       0x31 c:/program files (x86)/atmel/studio/7.0/toolchain/avr8/avr8-gnu-toolchain/bin/../lib/gcc/avr/5.4.0/../../../../avr/lib/avrxmega3\libc.a(malloc.o)
 .comment       0x00000030       0x31 c:/program files (x86)/atmel/studio/7.0/toolchain/avr8/avr8-gnu-toolchain/bin/../lib/gcc/avr/5.4.0/../../../../avr/lib/avrxmega3\libc.a(snprintf.o)
 .comment       0x00000030       0x31 c:/program files (x86)/atmel/studio/7.0/toolchain/avr8/avr8-gnu-toolchain/bin/../lib/gcc/avr/5.4.0/../../../../avr/lib/avrxmega3\libc.a(sprintf.o)
 .comment       0x00000030       0x31 c:/program files (x86)/atmel/studio/7.0/toolchain/avr8/avr8-gnu-toolchain/bin/../lib/gcc/avr/5.4.0/../../../../avr/lib/avrxmega3\libc.a(gmtime_r.o)
 .comment       0x00000030       0x2c c:/program files (x86)/atmel/studio/7.0/toolchain/avr8/avr8-gnu-toolchain/bin/../lib/gcc/avr/5.4.0/../../../../avr/lib/avrxmega3\libc.a(vfprintf_std.o)
                                 0x2d (size before relaxing)
 .comment       0x0000005c       0x31 c:/program files (x86)/atmel/studio/7.0/toolchain/avr8/avr8-gnu-toolchain/bin/../lib/gcc/avr/5.4.0/../../../../avr/lib/avrxmega3\libc.a(dtoa_prf.o)
 .comment       0x0000005c       0x31 c:/program files (x86)/atmel/studio/7.0/toolchain/avr8/avr8-gnu-toolchain/bin/../lib/gcc/avr/5.4.0/../../../../avr/lib/avrxmega3\libc.a(fputc.o)

.note.gnu.avr.deviceinfo
                0x00000000       0x3c
 .note.gnu.avr.deviceinfo
                0x00000000       0x3c C:/Program Files (x86)/Atmel/Studio/7.0/Packs/atmel/AVR-Dx_DFP/1.6.76/gcc/dev/avr32db32/avrxmega3/crtavr32db32.o

.note.gnu.build-id
 *(.note.gnu.build-id)

.debug
 *(.debug)

.line
 *(.line)

.debug_srcinfo
 *(.debug_srcinfo)

.debug_sfnames
 *(.debug_sfnames)

.debug_aranges  0x00000000      0x100
 *(.debug_aranges)
 .debug_aranges
                0x00000000       0x20 C:/Program Files (x86)/Atmel/Studio/7.0/Packs/atmel/AVR-Dx_DFP/1.6.76/gcc/dev/avr32db32/avrxmega3\libavr32db32.a(eerd_byte.o)
 .debug_aranges
                0x00000020       0x20 C:/Program Files (x86)/Atmel/Studio/7.0/Packs/atmel/AVR-Dx_DFP/1.6.76/gcc/dev/avr32db32/avrxmega3\libavr32db32.a(eerd_dword.o)
 .debug_aranges
                0x00000040       0x20 C:/Program Files (x86)/Atmel/Studio/7.0/Packs/atmel/AVR-Dx_DFP/1.6.76/gcc/dev/avr32db32/avrxmega3\libavr32db32.a(eerd_word.o)
 .debug_aranges
                0x00000060       0x20 C:/Program Files (x86)/Atmel/Studio/7.0/Packs/atmel/AVR-Dx_DFP/1.6.76/gcc/dev/avr32db32/avrxmega3\libavr32db32.a(eeupd_byte.o)
 .debug_aranges
                0x00000080       0x20 C:/Program Files (x86)/Atmel/Studio/7.0/Packs/atmel/AVR-Dx_DFP/1.6.76/gcc/dev/avr32db32/avrxmega3\libavr32db32.a(eeupd_dword.o)
 .debug_aranges
                0x000000a0       0x20 C:/Program Files (x86)/Atmel/Studio/7.0/Packs/atmel/AVR-Dx_DFP/1.6.76/gcc/dev/avr32db32/avrxmega3\libavr32db32.a(eeupd_word.o)
 .debug_aranges
                0x000000c0       0x20 C:/Program Files (x86)/Atmel/Studio/7.0/Packs/atmel/AVR-Dx_DFP/1.6.76/gcc/dev/avr32db32/avrxmega3\libavr32db32.a(eewr_byte.o)
 .debug_aranges
                0x000000e0       0x20 C:/Program Files (x86)/Atmel/Studio/7.0/Packs/atmel/AVR-Dx_DFP/1.6.76/gcc/dev/avr32db32/avrxmega3\libavr32db32.a(ccp_write.o)

.debug_pubnames
 *(.debug_pubnames)

.debug_info     0x00000000     0x2b9b
 *(.debug_info .gnu.linkonce.wi.*)
 .debug_info    0x00000000     0x26a6 C:/Program Files (x86)/Atmel/Studio/7.0/Packs/atmel/AVR-Dx_DFP/1.6.76/gcc/dev/avr32db32/avrxmega3/crtavr32db32.o
 .debug_info    0x000026a6       0x9e C:/Program Files (x86)/Atmel/Studio/7.0/Packs/atmel/AVR-Dx_DFP/1.6.76/gcc/dev/avr32db32/avrxmega3\libavr32db32.a(eerd_byte.o)
 .debug_info    0x00002744       0x9f C:/Program Files (x86)/Atmel/Studio/7.0/Packs/atmel/AVR-Dx_DFP/1.6.76/gcc/dev/avr32db32/avrxmega3\libavr32db32.a(eerd_dword.o)
 .debug_info    0x000027e3       0x9e C:/Program Files (x86)/Atmel/Studio/7.0/Packs/atmel/AVR-Dx_DFP/1.6.76/gcc/dev/avr32db32/avrxmega3\libavr32db32.a(eerd_word.o)
 .debug_info    0x00002881       0x9f C:/Program Files (x86)/Atmel/Studio/7.0/Packs/atmel/AVR-Dx_DFP/1.6.76/gcc/dev/avr32db32/avrxmega3\libavr32db32.a(eeupd_byte.o)
 .debug_info    0x00002920       0xa0 C:/Program Files (x86)/Atmel/Studio/7.0/Packs/atmel/AVR-Dx_DFP/1.6.76/gcc/dev/avr32db32/avrxmega3\libavr32db32.a(eeupd_dword.o)
 .debug_info    0x000029c0       0x9f C:/Program Files (x86)/Atmel/Studio/7.0/Packs/atmel/AVR-Dx_DFP/1.6.76/gcc/dev/avr32db32/avrxmega3\libavr32db32.a(eeupd_word.o)
 .debug_info    0x00002a5f       0x9e C:/Program Files (x86)/Atmel/Studio/7.0/Packs/atmel/AVR-Dx_DFP/1.6.76/gcc/dev/avr32db32/avrxmega3\libavr32db32.a(eewr_byte.o)
 .debug_info    0x00002afd       0x9e C:/Program Files (x86)/Atmel/Studio/7.0/Packs/atmel/AVR-Dx_DFP/1.6.76/gcc/dev/avr32db32/avrxmega3\libavr32db32.a(ccp_write.o)

.debug_abbrev   0x00000000     0x253a
 *(.debug_abbrev)
 .debug_abbrev  0x00000000     0x249a C:/Program Files (x86)/Atmel/Studio/7.0/Packs/atmel/AVR-Dx_DFP/1.6.76/gcc/dev/avr32db32/avrxmega3/crtavr32db32.o
 .debug_abbrev  0x0000249a       0x14 C:/Program Files (x86)/Atmel/Studio/7.0/Packs/atmel/AVR-Dx_DFP/1.6.76/gcc/dev/avr32db32/avrxmega3\libavr32db32.a(eerd_byte.o)
 .debug_abbrev  0x000024ae       0x14 C:/Program Files (x86)/Atmel/Studio/7.0/Packs/atmel/AVR-Dx_DFP/1.6.76/gcc/dev/avr32db32/avrxmega3\libavr32db32.a(eerd_dword.o)
 .debug_abbrev  0x000024c2       0x14 C:/Program Files (x86)/Atmel/Studio/7.0/Packs/atmel/AVR-Dx_DFP/1.6.76/gcc/dev/avr32db32/avrxmega3\libavr32db32.a(eerd_word.o)
 .debug_abbrev  0x000024d6       0x14 C:/Program Files (x86)/Atmel/Studio/7.0/Packs/atmel/AVR-Dx_DFP/1.6.76/gcc/dev/avr32db32/avrxmega3\libavr32db32.a(eeupd_byte.o)
 .debug_abbrev  0x000024ea       0x14 C:/Program Files (x86)/Atmel/Studio/7.0/Packs/atmel/AVR-Dx_DFP/1.6.76/gcc/dev/avr32db32/avrxmega3\libavr32db32.a(eeupd_dword.o)
 .debug_abbrev  0x000024fe       0x14 C:/Program Files (x86)/Atmel/Studio/7.0/Packs/atmel/AVR-Dx_DFP/1.6.76/gcc/dev/avr32db32/avrxmega3\libavr32db32.a(eeupd_word.o)
 .debug_abbrev  0x00002512       0x14 C:/Program Files (x86)/Atmel/Studio/7.0/Packs/atmel/AVR-Dx_DFP/1.6.76/gcc/dev/avr32db32/avrxmega3\libavr32db32.a(eewr_byte.o)
 .debug_abbrev  0x00002526       0x14 C:/Program Files (x86)/Atmel/Studio/7.0/Packs/atmel/AVR-Dx_DFP/1.6.76/gcc/dev/avr32db32/avrxmega3\libavr32db32.a(ccp_write.o)

.debug_line     0x00000000      0x56c
 *(.debug_line .debug_line.* .debug_line_end)
 .debug_line    0x00000000      0x19f C:/Program Files (x86)/Atmel/Studio/7.0/Packs/atmel/AVR-Dx_DFP/1.6.76/gcc/dev/avr32db32/avrxmega3/crtavr32db32.o
 .debug_line    0x0000019f       0x79 C:/Program Files (x86)/Atmel/Studio/7.0/Packs/atmel/AVR-Dx_DFP/1.6.76/gcc/dev/avr32db32/avrxmega3\libavr32db32.a(eerd_byte.o)
 .debug_line    0x00000218       0x6e C:/Program Files (x86)/Atmel/Studio/7.0/Packs/atmel/AVR-Dx_DFP/1.6.76/gcc/dev/avr32db32/avrxmega3\libavr32db32.a(eerd_dword.o)
 .debug_line    0x00000286       0x61 C:/Program Files (x86)/Atmel/Studio/7.0/Packs/atmel/AVR-Dx_DFP/1.6.76/gcc/dev/avr32db32/avrxmega3\libavr32db32.a(eerd_word.o)
 .debug_line    0x000002e7       0x80 C:/Program Files (x86)/Atmel/Studio/7.0/Packs/atmel/AVR-Dx_DFP/1.6.76/gcc/dev/avr32db32/avrxmega3\libavr32db32.a(eeupd_byte.o)
 .debug_line    0x00000367       0x7b C:/Program Files (x86)/Atmel/Studio/7.0/Packs/atmel/AVR-Dx_DFP/1.6.76/gcc/dev/avr32db32/avrxmega3\libavr32db32.a(eeupd_dword.o)
 .debug_line    0x000003e2       0x62 C:/Program Files (x86)/Atmel/Studio/7.0/Packs/atmel/AVR-Dx_DFP/1.6.76/gcc/dev/avr32db32/avrxmega3\libavr32db32.a(eeupd_word.o)
 .debug_line    0x00000444       0xc1 C:/Program Files (x86)/Atmel/Studio/7.0/Packs/atmel/AVR-Dx_DFP/1.6.76/gcc/dev/avr32db32/avrxmega3\libavr32db32.a(eewr_byte.o)
 .debug_line    0x00000505       0x67 C:/Program Files (x86)/Atmel/Studio/7.0/Packs/atmel/AVR-Dx_DFP/1.6.76/gcc/dev/avr32db32/avrxmega3\libavr32db32.a(ccp_write.o)

.debug_frame
 *(.debug_frame)

.debug_str      0x00000000     0x1178
 *(.debug_str)
 .debug_str     0x00000000     0x1178 C:/Program Files (x86)/Atmel/Studio/7.0/Packs/atmel/AVR-Dx_DFP/1.6.76/gcc/dev/avr32db32/avrxmega3/crtavr32db32.o

.debug_loc
 *(.debug_loc)

.debug_macinfo
 *(.debug_macinfo)

.debug_weaknames
 *(.debug_weaknames)

.debug_funcnames
 *(.debug_funcnames)

.debug_typenames
 *(.debug_typenames)

.debug_varnames
 *(.debug_varnames)

.debug_pubtypes
 *(.debug_pubtypes)

.debug_ranges
 *(.debug_ranges)

.debug_macro
 *(.debug_macro)
OUTPUT(mlogger.elf elf32-avr)
LOAD linker stubs
