Archive member included to satisfy reference by file (symbol)

c:/program files (x86)/atmel/studio/7.0/toolchain/avr8/avr8-gnu-toolchain/bin/../lib/gcc/avr/5.4.0/../../../../avr/lib/avrxmega2\libm.a(addsf3.o)
                              main.o (__subsf3)
c:/program files (x86)/atmel/studio/7.0/toolchain/avr8/avr8-gnu-toolchain/bin/../lib/gcc/avr/5.4.0/../../../../avr/lib/avrxmega2\libm.a(addsf3x.o)
                              c:/program files (x86)/atmel/studio/7.0/toolchain/avr8/avr8-gnu-toolchain/bin/../lib/gcc/avr/5.4.0/../../../../avr/lib/avrxmega2\libm.a(addsf3.o) (__addsf3x)
c:/program files (x86)/atmel/studio/7.0/toolchain/avr8/avr8-gnu-toolchain/bin/../lib/gcc/avr/5.4.0/../../../../avr/lib/avrxmega2\libm.a(cmpsf2.o)
                              main.o (__ltsf2)
c:/program files (x86)/atmel/studio/7.0/toolchain/avr8/avr8-gnu-toolchain/bin/../lib/gcc/avr/5.4.0/../../../../avr/lib/avrxmega2\libm.a(divsf3.o)
                              main.o (__divsf3)
c:/program files (x86)/atmel/studio/7.0/toolchain/avr8/avr8-gnu-toolchain/bin/../lib/gcc/avr/5.4.0/../../../../avr/lib/avrxmega2\libm.a(divsf3x.o)
                              c:/program files (x86)/atmel/studio/7.0/toolchain/avr8/avr8-gnu-toolchain/bin/../lib/gcc/avr/5.4.0/../../../../avr/lib/avrxmega2\libm.a(divsf3.o) (__divsf3x)
c:/program files (x86)/atmel/studio/7.0/toolchain/avr8/avr8-gnu-toolchain/bin/../lib/gcc/avr/5.4.0/../../../../avr/lib/avrxmega2\libm.a(floatsisf.o)
                              main.o (__floatunsisf)
c:/program files (x86)/atmel/studio/7.0/toolchain/avr8/avr8-gnu-toolchain/bin/../lib/gcc/avr/5.4.0/../../../../avr/lib/avrxmega2\libm.a(fp_cmp.o)
                              c:/program files (x86)/atmel/studio/7.0/toolchain/avr8/avr8-gnu-toolchain/bin/../lib/gcc/avr/5.4.0/../../../../avr/lib/avrxmega2\libm.a(cmpsf2.o) (__fp_cmp)
c:/program files (x86)/atmel/studio/7.0/toolchain/avr8/avr8-gnu-toolchain/bin/../lib/gcc/avr/5.4.0/../../../../avr/lib/avrxmega2\libm.a(fp_inf.o)
                              c:/program files (x86)/atmel/studio/7.0/toolchain/avr8/avr8-gnu-toolchain/bin/../lib/gcc/avr/5.4.0/../../../../avr/lib/avrxmega2\libm.a(addsf3x.o) (__fp_inf)
c:/program files (x86)/atmel/studio/7.0/toolchain/avr8/avr8-gnu-toolchain/bin/../lib/gcc/avr/5.4.0/../../../../avr/lib/avrxmega2\libm.a(fp_nan.o)
                              c:/program files (x86)/atmel/studio/7.0/toolchain/avr8/avr8-gnu-toolchain/bin/../lib/gcc/avr/5.4.0/../../../../avr/lib/avrxmega2\libm.a(addsf3x.o) (__fp_nan)
c:/program files (x86)/atmel/studio/7.0/toolchain/avr8/avr8-gnu-toolchain/bin/../lib/gcc/avr/5.4.0/../../../../avr/lib/avrxmega2\libm.a(fp_pscA.o)
                              c:/program files (x86)/atmel/studio/7.0/toolchain/avr8/avr8-gnu-toolchain/bin/../lib/gcc/avr/5.4.0/../../../../avr/lib/avrxmega2\libm.a(addsf3x.o) (__fp_pscA)
c:/program files (x86)/atmel/studio/7.0/toolchain/avr8/avr8-gnu-toolchain/bin/../lib/gcc/avr/5.4.0/../../../../avr/lib/avrxmega2\libm.a(fp_pscB.o)
                              c:/program files (x86)/atmel/studio/7.0/toolchain/avr8/avr8-gnu-toolchain/bin/../lib/gcc/avr/5.4.0/../../../../avr/lib/avrxmega2\libm.a(addsf3x.o) (__fp_pscB)
c:/program files (x86)/atmel/studio/7.0/toolchain/avr8/avr8-gnu-toolchain/bin/../lib/gcc/avr/5.4.0/../../../../avr/lib/avrxmega2\libm.a(fp_round.o)
                              c:/program files (x86)/atmel/studio/7.0/toolchain/avr8/avr8-gnu-toolchain/bin/../lib/gcc/avr/5.4.0/../../../../avr/lib/avrxmega2\libm.a(addsf3.o) (__fp_round)
c:/program files (x86)/atmel/studio/7.0/toolchain/avr8/avr8-gnu-toolchain/bin/../lib/gcc/avr/5.4.0/../../../../avr/lib/avrxmega2\libm.a(fp_split3.o)
                              c:/program files (x86)/atmel/studio/7.0/toolchain/avr8/avr8-gnu-toolchain/bin/../lib/gcc/avr/5.4.0/../../../../avr/lib/avrxmega2\libm.a(addsf3x.o) (__fp_split3)
c:/program files (x86)/atmel/studio/7.0/toolchain/avr8/avr8-gnu-toolchain/bin/../lib/gcc/avr/5.4.0/../../../../avr/lib/avrxmega2\libm.a(fp_zero.o)
                              c:/program files (x86)/atmel/studio/7.0/toolchain/avr8/avr8-gnu-toolchain/bin/../lib/gcc/avr/5.4.0/../../../../avr/lib/avrxmega2\libm.a(addsf3x.o) (__fp_zero)
c:/program files (x86)/atmel/studio/7.0/toolchain/avr8/avr8-gnu-toolchain/bin/../lib/gcc/avr/5.4.0/../../../../avr/lib/avrxmega2\libm.a(gesf2.o)
                              my_eeprom.o (__gesf2)
c:/program files (x86)/atmel/studio/7.0/toolchain/avr8/avr8-gnu-toolchain/bin/../lib/gcc/avr/5.4.0/../../../../avr/lib/avrxmega2\libm.a(mulsf3.o)
                              main.o (__mulsf3)
c:/program files (x86)/atmel/studio/7.0/toolchain/avr8/avr8-gnu-toolchain/bin/../lib/gcc/avr/5.4.0/../../../../avr/lib/avrxmega2\libm.a(mulsf3x.o)
                              c:/program files (x86)/atmel/studio/7.0/toolchain/avr8/avr8-gnu-toolchain/bin/../lib/gcc/avr/5.4.0/../../../../avr/lib/avrxmega2\libm.a(mulsf3.o) (__mulsf3x)
[...]
Memory Configuration

Name             Origin             Length             Attributes
text             0x00000000         0x00010000         xr
data             0x00806000         0x00002000         rw !x
eeprom           0x00810000         0x00000200         rw !x
fuse             0x00820000         0x00000010         rw !x
lock             0x00830000         0x00000400         rw !x
signature        0x00840000         0x00000400         rw !x
user_signatures  0x00850000         0x00000400         rw !x
*default*        0x00000000         0xffffffff

Linker script and memory map

Address of section .data set to 0x806000
                0x00008000                __RODATA_PM_OFFSET__ = 0x8000
LOAD C:/Program Files (x86)/Atmel/Studio/7.0/Packs/Atmel/AVR-Dx_DFP/2.0.141/gcc/dev/avr64da32/avrxmega2/crtavr64da32.o
LOAD ff/ff.o
LOAD ff/mmc.o
LOAD ff/rtc.o
LOAD main.o
LOAD my_eeprom.o
LOAD my_i2c.o
LOAD my_uart.o
LOAD my_xbee.o
START GROUP
LOAD c:/program files (x86)/atmel/studio/7.0/toolchain/avr8/avr8-gnu-toolchain/bin/../lib/gcc/avr/5.4.0/../../../../avr/lib/avrxmega2\libm.a
END GROUP
LOAD c:/program files (x86)/atmel/studio/7.0/toolchain/avr8/avr8-gnu-toolchain/bin/../lib/gcc/avr/5.4.0/avrxmega2\libgcc.a
LOAD c:/program files (x86)/atmel/studio/7.0/toolchain/avr8/avr8-gnu-toolchain/bin/../lib/gcc/avr/5.4.0/../../../../avr/lib/avrxmega2\libm.a
START GROUP
LOAD c:/program files (x86)/atmel/studio/7.0/toolchain/avr8/avr8-gnu-toolchain/bin/../lib/gcc/avr/5.4.0/avrxmega2\libgcc.a
LOAD c:/program files (x86)/atmel/studio/7.0/toolchain/avr8/avr8-gnu-toolchain/bin/../lib/gcc/avr/5.4.0/../../../../avr/lib/avrxmega2\libm.a
LOAD c:/program files (x86)/atmel/studio/7.0/toolchain/avr8/avr8-gnu-toolchain/bin/../lib/gcc/avr/5.4.0/../../../../avr/lib/avrxmega2\libc.a
LOAD C:/Program Files (x86)/Atmel/Studio/7.0/Packs/Atmel/AVR-Dx_DFP/2.0.141/gcc/dev/avr64da32/avrxmega2\libavr64da32.a
END GROUP
                [0x00000000]                __TEXT_REGION_ORIGIN__ = DEFINED (__TEXT_REGION_ORIGIN__)?__TEXT_REGION_ORIGIN__:0x0
                [0x00806000]                __DATA_REGION_ORIGIN__ = DEFINED (__DATA_REGION_ORIGIN__)?__DATA_REGION_ORIGIN__:0x802000
                [0x00010000]                __TEXT_REGION_LENGTH__ = DEFINED (__TEXT_REGION_LENGTH__)?__TEXT_REGION_LENGTH__:0x100000
                [0x00002000]                __DATA_REGION_LENGTH__ = DEFINED (__DATA_REGION_LENGTH__)?__DATA_REGION_LENGTH__:0xffa0
                [0x00000200]                __EEPROM_REGION_LENGTH__ = DEFINED (__EEPROM_REGION_LENGTH__)?__EEPROM_REGION_LENGTH__:0x10000
                [0x00000010]                __FUSE_REGION_LENGTH__ = DEFINED (__FUSE_REGION_LENGTH__)?__FUSE_REGION_LENGTH__:0x400
                0x00000400                __LOCK_REGION_LENGTH__ = DEFINED (__LOCK_REGION_LENGTH__)?__LOCK_REGION_LENGTH__:0x400
                0x00000400                __SIGNATURE_REGION_LENGTH__ = DEFINED (__SIGNATURE_REGION_LENGTH__)?__SIGNATURE_REGION_LENGTH__:0x400
                0x00000400                __USER_SIGNATURE_REGION_LENGTH__ = DEFINED (__USER_SIGNATURE_REGION_LENGTH__)?__USER_SIGNATURE_REGION_LENGTH__:0x400

.hash
 *(.hash)

.dynsym
 *(.dynsym)

.dynstr
 *(.dynstr)

.gnu.version
 *(.gnu.version)

.gnu.version_d
 *(.gnu.version_d)

.gnu.version_r
 *(.gnu.version_r)

.rel.init
 *(.rel.init)

.rela.init
 *(.rela.init)

.rel.text
 *(.rel.text)
 *(.rel.text.*)
 *(.rel.gnu.linkonce.t*)

.rela.text
 *(.rela.text)
 *(.rela.text.*)
 *(.rela.gnu.linkonce.t*)

.rel.fini
 *(.rel.fini)

.rela.fini
 *(.rela.fini)

.rel.rodata
 *(.rel.rodata)
 *(.rel.rodata.*)
 *(.rel.gnu.linkonce.r*)

.rela.rodata
 *(.rela.rodata)
 *(.rela.rodata.*)
 *(.rela.gnu.linkonce.r*)

.rel.data
 *(.rel.data)
 *(.rel.data.*)
 *(.rel.gnu.linkonce.d*)

.rela.data
 *(.rela.data)
 *(.rela.data.*)
 *(.rela.gnu.linkonce.d*)

.rel.ctors
 *(.rel.ctors)

.rela.ctors
 *(.rela.ctors)

.rel.dtors
 *(.rel.dtors)

.rela.dtors
 *(.rela.dtors)

.rel.got
 *(.rel.got)

.rela.got
 *(.rela.got)

.rel.bss
 *(.rel.bss)

.rela.bss
 *(.rela.bss)

.rel.plt
 *(.rel.plt)

.rela.plt
 *(.rela.plt)

.text           0x00000000     0x7280
 *(.vectors)
 .vectors       0x00000000       0xb0 C:/Program Files (x86)/Atmel/Studio/7.0/Packs/Atmel/AVR-Dx_DFP/2.0.141/gcc/dev/avr64da32/avrxmega2/crtavr64da32.o
                0x00000000                __vector_default
                0x00000000                __vectors
 *(.vectors)
 *(.progmem.gcc*)
 .progmem.gcc_sw_table.mmc_disk_ioctl
                0x000000b0       0x74 ff/mmc.o
                0x00000124                . = ALIGN (0x2)
                0x00000124                __trampolines_start = .
 *(.trampolines)
 .trampolines   0x00000124        0x0 linker stubs
 *(.trampolines*)
                0x00000124                __trampolines_end = .
 *libprintf_flt.a:*(.progmem.data)
 *libc.a:*(.progmem.data)
 .progmem.data  0x00000124       0xfa c:/program files (x86)/atmel/studio/7.0/toolchain/avr8/avr8-gnu-toolchain/bin/../lib/gcc/avr/5.4.0/../../../../avr/lib/avrxmega2\libc.a(ftoa_engine.o)
 *(.progmem*)
                0x0000021e                . = ALIGN (0x2)
 *(.jumptables)
 *(.jumptables*)
 *(.lowtext)
 *(.lowtext*)
                0x0000021e                __ctors_start = .
 *(.ctors)
                0x0000021e                __ctors_end = .
                0x0000021e                __dtors_start = .
 *(.dtors)
                0x0000021e                __dtors_end = .
 SORT(*)(.ctors)
 SORT(*)(.dtors)
 *(.init0)
 .init0         0x0000021e        0x0 C:/Program Files (x86)/Atmel/Studio/7.0/Packs/Atmel/AVR-Dx_DFP/2.0.141/gcc/dev/avr64da32/avrxmega2/crtavr64da32.o
                0x0000021e                __init
 *(.init0)
 *(.init1)
 *(.init1)
 *(.init2)
 .init2         0x0000021e        0xc C:/Program Files (x86)/Atmel/Studio/7.0/Packs/Atmel/AVR-Dx_DFP/2.0.141/gcc/dev/avr64da32/avrxmega2/crtavr64da32.o
 *(.init2)
 *(.init3)
 *(.init3)
 *(.init4)
 .init4         0x0000022a       0x16 c:/program files (x86)/atmel/studio/7.0/toolchain/avr8/avr8-gnu-toolchain/bin/../lib/gcc/avr/5.4.0/avrxmega2\libgcc.a(_copy_data.o)
                0x0000022a                __do_copy_data
 .init4         0x00000240       0x10 c:/program files (x86)/atmel/studio/7.0/toolchain/avr8/avr8-gnu-toolchain/bin/../lib/gcc/avr/5.4.0/avrxmega2\libgcc.a(_clear_bss.o)
                0x00000240                __do_clear_bss
 *(.init4)
 *(.init5)
 *(.init5)
 *(.init6)
 *(.init6)
 *(.init7)
 *(.init7)
 *(.init8)
 *(.init8)
 *(.init9)
 .init9         0x00000250        0x8 C:/Program Files (x86)/Atmel/Studio/7.0/Packs/Atmel/AVR-Dx_DFP/2.0.141/gcc/dev/avr64da32/avrxmega2/crtavr64da32.o
 *(.init9)
 *(.text)
 .text          0x00000258        0x4 C:/Program Files (x86)/Atmel/Studio/7.0/Packs/Atmel/AVR-Dx_DFP/2.0.141/gcc/dev/avr64da32/avrxmega2/crtavr64da32.o
                0x00000258                __vector_38
                0x00000258                __vector_22
                0x00000258                __vector_28
                0x00000258                __vector_1
                0x00000258                __vector_32
                0x00000258                __vector_34
                0x00000258                __vector_24
                0x00000258                __vector_12
                0x00000258                __bad_interrupt
                0x00000258                __vector_31
                0x00000258                __vector_35
                0x00000258                __vector_39
                0x00000258                __vector_23
                0x00000258                __vector_30
                0x00000258                __vector_25
                0x00000258                __vector_11
                0x00000258                __vector_13
                0x00000258                __vector_17
                0x00000258                __vector_41
                0x00000258                __vector_43
                0x00000258                __vector_27
                0x00000258                __vector_5
                0x00000258                __vector_33
                0x00000258                __vector_37
                0x00000258                __vector_4
                0x00000258                __vector_9
                0x00000258                __vector_2
                0x00000258                __vector_21
                0x00000258                __vector_15
                0x00000258                __vector_36
                0x00000258                __vector_29
                0x00000258                __vector_40
                0x00000258                __vector_8
                0x00000258                __vector_26
                0x00000258                __vector_14
                0x00000258                __vector_10
                0x00000258                __vector_16
                0x00000258                __vector_18
                0x00000258                __vector_20
                0x00000258                __vector_42
 .text          0x0000025c      0x18e c:/program files (x86)/atmel/studio/7.0/toolchain/avr8/avr8-gnu-toolchain/bin/../lib/gcc/avr/5.4.0/../../../../avr/lib/avrxmega2\libc.a(gmtime_r.o)
                0x0000025c                gmtime_r
                0x000003ea                . = ALIGN (0x2)
 *(.text.*)
 .text.ld_word  0x000003ea       0x14 ff/ff.o
 .text.ld_dword
                0x000003fe       0x36 ff/ff.o
 .text.st_word  0x00000434        0x8 ff/ff.o
 .text.st_dword
                0x0000043c        0xc ff/ff.o
 .text.mem_cpy  0x00000448       0x1e ff/ff.o
 .text.mem_set  0x00000466       0x12 ff/ff.o
 .text.mem_cmp  0x00000478       0x30 ff/ff.o
 .text.chk_chr  0x000004a8       0x1a ff/ff.o
 .text.dbc_1st  0x000004c2       0x2e ff/ff.o
 .text.dbc_2nd  0x000004f0       0x32 ff/ff.o
 .text.clst2sect
                0x00000522       0x5c ff/ff.o
 .text.ld_clust
                0x0000057e       0x5a ff/ff.o
 .text.st_clust
                0x000005d8       0x4a ff/ff.o
 .text.create_name
                0x00000622      0x202 ff/ff.o
 .text.get_ldnumber
                0x00000824       0x6e ff/ff.o
 .text.putc_init
                0x00000892       0x10 ff/ff.o
 .text.validate
                0x000008a2       0x6a ff/ff.o
 .text.sync_window
                0x0000090c       0xb4 ff/ff.o
 .text.move_window
                0x000009c0       0x7c ff/ff.o
 .text.check_fs
                0x00000a3c       0x8c ff/ff.o
 .text.find_volume
                0x00000ac8      0x5a2 ff/ff.o
 .text.put_fat  0x0000106a      0x252 ff/ff.o
 .text.get_fat  0x000012bc      0x1c4 ff/ff.o
 .text.dir_sdi  0x00001480      0x1cc ff/ff.o
 .text.create_chain
                0x0000164c      0x2a2 ff/ff.o
 .text.remove_chain
                0x000018ee      0x12a ff/ff.o
 .text.dir_clear
                0x00001a18       0xb0 ff/ff.o
 .text.dir_next
                0x00001ac8      0x1f0 ff/ff.o
 .text.dir_find
                0x00001cb8       0x80 ff/ff.o
 .text.follow_path
                0x00001d38      0x12a ff/ff.o
 .text.dir_alloc
                0x00001e62       0x80 ff/ff.o
 .text.dir_register
                0x00001ee2       0x68 ff/ff.o
 .text.sync_fs  0x00001f4a       0xe2 ff/ff.o
 .text.f_mount  0x0000202c       0x86 ff/ff.o
                0x0000202c                f_mount
 .text.f_open   0x000020b2      0x372 ff/ff.o
                0x000020b2                f_open
 .text.f_write  0x00002424      0x388 ff/ff.o
                0x00002424                f_write
 .text.putc_bfd
                0x000027ac       0x86 ff/ff.o
 .text.putc_flush
                0x00002832       0x66 ff/ff.o
 .text.f_sync   0x00002898      0x10e ff/ff.o
                0x00002898                f_sync
 .text.f_close  0x000029a6       0x3c ff/ff.o
                0x000029a6                f_close
 .text.f_puts   0x000029e2       0x4e ff/ff.o
                0x000029e2                f_puts
 .text.power_on
                0x00002a30       0x42 ff/mmc.o
 .text.power_off
                0x00002a72       0x16 ff/mmc.o
 .text.xchg_spi
                0x00002a88       0x12 ff/mmc.o
 .text.rcvr_spi_multi
                0x00002a9a       0x42 ff/mmc.o
 .text.xmit_spi_multi
                0x00002adc       0x30 ff/mmc.o
 .text.wait_ready
                0x00002b0c       0x3a ff/mmc.o
 .text.deselect
                0x00002b46       0x12 ff/mmc.o
 .text.select   0x00002b58       0x34 ff/mmc.o
 .text.rcvr_datablock
                0x00002b8c       0x50 ff/mmc.o
 .text.xmit_datablock
                0x00002bdc       0x58 ff/mmc.o
 .text.send_cmd
                0x00002c34       0x98 ff/mmc.o
 .text.mmc_disk_initialize
                0x00002ccc      0x1b6 ff/mmc.o
                0x00002ccc                mmc_disk_initialize
 .text.mmc_disk_status
                0x00002e82        0x6 ff/mmc.o
                0x00002e82                mmc_disk_status
 .text.mmc_disk_read
                0x00002e88       0x9c ff/mmc.o
                0x00002e88                mmc_disk_read
 .text.mmc_disk_write
                0x00002f24       0xde ff/mmc.o
                0x00002f24                mmc_disk_write
 .text.mmc_disk_ioctl
                0x00003002      0x6f0 ff/mmc.o
                0x00003002                mmc_disk_ioctl
 .text.disk_timerproc
                0x000036f2       0x28 ff/mmc.o
                0x000036f2                disk_timerproc
 .text.disk_initialize
                0x0000371a        0x6 ff/mmc.o
                0x0000371a                disk_initialize
 .text.disk_status
                0x00003720        0x6 ff/mmc.o
                0x00003720                disk_status
 .text.disk_read
                0x00003726       0x16 ff/mmc.o
                0x00003726                disk_read
 .text.disk_write
                0x0000373c       0x16 ff/mmc.o
                0x0000373c                disk_write
 .text.disk_ioctl
                0x00003752        0xa ff/mmc.o
                0x00003752                disk_ioctl
 .text.get_fattime
                0x0000375c       0xc0 ff/rtc.o
                0x0000375c                get_fattime
 .text._ZL15initialize_portv
                0x0000381c       0x40 main.o
 .text._ZL16initialize_timerv
                0x0000385c       0x96 main.o
 .text._ZL14readGlbVoltagev
                0x000038f2       0x4e main.o
 .text._ZL14readVelVoltagev
                0x00003940       0x50 main.o
 .text._ZL13solve_commandv
                0x00003990      0x3ce main.o
 .text._ZL14append_commandv
                0x00003d5e       0x96 main.o
 .text._ZL11writeSDcard2tmPKc
                0x00003df4       0xf4 main.o
 .text.main     0x00003ee8      0x11e main.o
                0x00003ee8                main
 .text.__vector_19
                0x00004006       0xea main.o
                0x00004006                __vector_19
 .text.__vector_7
                0x000040f0       0x4e main.o
                0x000040f0                __vector_7
 .text.__vector_3
                0x0000413e      0x882 main.o
                0x0000413e                __vector_3
 .text.__vector_6
                0x000049c0       0x9c main.o
                0x000049c0                __vector_6
 .text._ZN9my_eeprom20LoadCorrectionFactorEv
                0x00004a5c      0x332 my_eeprom.o
                0x00004a5c                _ZN9my_eeprom20LoadCorrectionFactorEv
 .text._ZN9my_eeprom19SetCorrectionFactorEPKc
                0x00004d8e      0x53c my_eeprom.o
                0x00004d8e                _ZN9my_eeprom19SetCorrectionFactorEPKc
 .text._ZN9my_eeprom26MakeCorrectionFactorStringEPcPKc
                0x000052ca      0x282 my_eeprom.o
                0x000052ca                _ZN9my_eeprom26MakeCorrectionFactorStringEPcPKc
 .text._ZN9my_eeprom22LoadMeasurementSettingEv
                0x0000554c       0xee my_eeprom.o
                0x0000554c                _ZN9my_eeprom22LoadMeasurementSettingEv
 .text._ZN9my_eeprom21SetMeasurementSettingEv
                0x0000563a       0xf8 my_eeprom.o
                0x0000563a                _ZN9my_eeprom21SetMeasurementSettingEv
 .text._ZL10_i2c_WaitWv
                0x00005732       0x2c my_i2c.o
 .text._ZL10_i2c_WaitRv
                0x0000575e       0x20 my_i2c.o
 .text._ZL14_start_writingh
                0x0000577e        0xc my_i2c.o
 .text._ZL14_start_readingh
                0x0000578a        0xc my_i2c.o
 .text._ZL9_bus_stopv
                0x00005796        0x8 my_i2c.o
 .text._ZL10_bus_writeh
                0x0000579e        0xa my_i2c.o
 .text._ZL9_bus_readbbPh
                0x000057a8       0x60 my_i2c.o
 .text._ZL4crc8Phh
                0x00005808       0x3e my_i2c.o
 .text._ZN6my_i2c13InitializeI2CEv
                0x00005846       0x78 my_i2c.o
                0x00005846                _ZN6my_i2c13InitializeI2CEv
 .text._ZN6my_i2c9ReadAHT20EPfS0_
                0x000058be      0x346 my_i2c.o
                0x000058be                _ZN6my_i2c9ReadAHT20EPfS0_
 .text._ZN6my_i2c12ReadVCNL4030Ev
                0x00005c04       0xb4 my_i2c.o
                0x00005c04                _ZN6my_i2c12ReadVCNL4030Ev
 .text._ZN7my_uart10InitializeEv
                0x00005cb8       0x2e my_uart.o
                0x00005cb8                _ZN7my_uart10InitializeEv
 .text._ZN7my_uart7tx_doneEv
                0x00005ce6        0xc my_uart.o
                0x00005ce6                _ZN7my_uart7tx_doneEv
 .text._ZN7my_uart9send_charEh
                0x00005cf2       0x14 my_uart.o
                0x00005cf2                _ZN7my_uart9send_charEh
 .text._ZN7my_xbee15get_char_lengthEPKc
                0x00005d06       0x18 my_xbee.o
                0x00005d06                _ZN7my_xbee15get_char_lengthEPKc
 .text._ZN7my_xbee8add_csumEic
                0x00005d1e        0x8 my_xbee.o
                0x00005d1e                _ZN7my_xbee8add_csumEic
 .text._ZN7my_xbee8tx_charsEPKc
                0x00005d26       0xd8 my_xbee.o
                0x00005d26                _ZN7my_xbee8tx_charsEPKc
 .text._ZN7my_xbee8bl_charsEPKc
                0x00005dfe       0xa8 my_xbee.o
                0x00005dfe                _ZN7my_xbee8bl_charsEPKc
 .text._ZN7my_xbee10bltx_charsEPKc
                0x00005ea6       0x16 my_xbee.o
                0x00005ea6                _ZN7my_xbee10bltx_charsEPKc
 .text.avr-libc.fplib
                0x00005ebc        0xe c:/program files (x86)/atmel/studio/7.0/toolchain/avr8/avr8-gnu-toolchain/bin/../lib/gcc/avr/5.4.0/../../../../avr/lib/avrxmega2\libm.a(addsf3.o)
                0x00005ebc                __subsf3
                0x00005ebe                __addsf3
 .text.avr-libc.fplib
                0x00005eca       0xcc c:/program files (x86)/atmel/studio/7.0/toolchain/avr8/avr8-gnu-toolchain/bin/../lib/gcc/avr/5.4.0/../../../../avr/lib/avrxmega2\libm.a(addsf3x.o)
                0x00005eec                __addsf3x
 .text.avr-libc.fplib
                0x00005f96        0xa c:/program files (x86)/atmel/studio/7.0/toolchain/avr8/avr8-gnu-toolchain/bin/../lib/gcc/avr/5.4.0/../../../../avr/lib/avrxmega2\libm.a(cmpsf2.o)
                0x00005f96                __nesf2
                0x00005f96                __eqsf2
                0x00005f96                __cmpsf2
                0x00005f96                __ltsf2
                0x00005f96                __lesf2
 .text.avr-libc.fplib
                0x00005fa0        0x8 c:/program files (x86)/atmel/studio/7.0/toolchain/avr8/avr8-gnu-toolchain/bin/../lib/gcc/avr/5.4.0/../../../../avr/lib/avrxmega2\libm.a(divsf3.o)
                0x00005fa0                __divsf3
 .text.avr-libc.fplib
                0x00005fa8       0xdc c:/program files (x86)/atmel/studio/7.0/toolchain/avr8/avr8-gnu-toolchain/bin/../lib/gcc/avr/5.4.0/../../../../avr/lib/avrxmega2\libm.a(divsf3x.o)
                0x00005fc8                __divsf3x
                0x00005fce                __divsf3_pse
 .text.avr-libc.fplib
                0x00006084       0x7a c:/program files (x86)/atmel/studio/7.0/toolchain/avr8/avr8-gnu-toolchain/bin/../lib/gcc/avr/5.4.0/../../../../avr/lib/avrxmega2\libm.a(floatsisf.o)
                0x00006084                __floatunsisf
                0x00006088                __floatsisf
 .text.avr-libc.fplib
                0x000060fe       0x48 c:/program files (x86)/atmel/studio/7.0/toolchain/avr8/avr8-gnu-toolchain/bin/../lib/gcc/avr/5.4.0/../../../../avr/lib/avrxmega2\libm.a(fp_cmp.o)
                0x000060fe                __fp_cmp
 .text.avr-libc.fplib
                0x00006146        0xc c:/program files (x86)/atmel/studio/7.0/toolchain/avr8/avr8-gnu-toolchain/bin/../lib/gcc/avr/5.4.0/../../../../avr/lib/avrxmega2\libm.a(fp_inf.o)
                0x00006146                __fp_inf
 .text.avr-libc.fplib
                0x00006152        0x6 c:/program files (x86)/atmel/studio/7.0/toolchain/avr8/avr8-gnu-toolchain/bin/../lib/gcc/avr/5.4.0/../../../../avr/lib/avrxmega2\libm.a(fp_nan.o)
                0x00006152                __fp_nan
 .text.avr-libc.fplib
                0x00006158        0xe c:/program files (x86)/atmel/studio/7.0/toolchain/avr8/avr8-gnu-toolchain/bin/../lib/gcc/avr/5.4.0/../../../../avr/lib/avrxmega2\libm.a(fp_pscA.o)
                0x00006158                __fp_pscA
 .text.avr-libc.fplib
                0x00006166        0xe c:/program files (x86)/atmel/studio/7.0/toolchain/avr8/avr8-gnu-toolchain/bin/../lib/gcc/avr/5.4.0/../../../../avr/lib/avrxmega2\libm.a(fp_pscB.o)
                0x00006166                __fp_pscB
 .text.avr-libc.fplib
                0x00006174       0x22 c:/program files (x86)/atmel/studio/7.0/toolchain/avr8/avr8-gnu-toolchain/bin/../lib/gcc/avr/5.4.0/../../../../avr/lib/avrxmega2\libm.a(fp_round.o)
                0x00006174                __fp_round
 .text.avr-libc.fplib
                0x00006196       0x44 c:/program files (x86)/atmel/studio/7.0/toolchain/avr8/avr8-gnu-toolchain/bin/../lib/gcc/avr/5.4.0/../../../../avr/lib/avrxmega2\libm.a(fp_split3.o)
                0x00006196                __fp_split3
                0x000061a6                __fp_splitA
 .text.avr-libc.fplib
                0x000061da        0xe c:/program files (x86)/atmel/studio/7.0/toolchain/avr8/avr8-gnu-toolchain/bin/../lib/gcc/avr/5.4.0/../../../../avr/lib/avrxmega2\libm.a(fp_zero.o)
                0x000061da                __fp_zero
                0x000061dc                __fp_szero
 .text.avr-libc.fplib
                0x000061e8        0xa c:/program files (x86)/atmel/studio/7.0/toolchain/avr8/avr8-gnu-toolchain/bin/../lib/gcc/avr/5.4.0/../../../../avr/lib/avrxmega2\libm.a(gesf2.o)
                0x000061e8                __gesf2
                0x000061e8                __gtsf2
 .text.avr-libc.fplib
                0x000061f2        0x8 c:/program files (x86)/atmel/studio/7.0/toolchain/avr8/avr8-gnu-toolchain/bin/../lib/gcc/avr/5.4.0/../../../../avr/lib/avrxmega2\libm.a(mulsf3.o)
                0x000061f2                __mulsf3
 .text.avr-libc.fplib
                0x000061fa       0xd2 c:/program files (x86)/atmel/studio/7.0/toolchain/avr8/avr8-gnu-toolchain/bin/../lib/gcc/avr/5.4.0/../../../../avr/lib/avrxmega2\libm.a(mulsf3x.o)
                0x00006218                __mulsf3x
                0x0000621e                __mulsf3_pse
 .text.libgcc.div
                0x000062cc       0x44 c:/program files (x86)/atmel/studio/7.0/toolchain/avr8/avr8-gnu-toolchain/bin/../lib/gcc/avr/5.4.0/avrxmega2\libgcc.a(_udivmodsi4.o)
                0x000062cc                __udivmodsi4
 .text.libgcc   0x00006310        0xc c:/program files (x86)/atmel/studio/7.0/toolchain/avr8/avr8-gnu-toolchain/bin/../lib/gcc/avr/5.4.0/avrxmega2\libgcc.a(_tablejump2.o)
                0x00006310                __tablejump2__
 .text.libgcc.mul
                0x0000631c       0x1e c:/program files (x86)/atmel/studio/7.0/toolchain/avr8/avr8-gnu-toolchain/bin/../lib/gcc/avr/5.4.0/avrxmega2\libgcc.a(_umulhisi3.o)
                0x0000631c                __umulhisi3
 .text.libgcc.mul
                0x0000633a       0x16 c:/program files (x86)/atmel/studio/7.0/toolchain/avr8/avr8-gnu-toolchain/bin/../lib/gcc/avr/5.4.0/avrxmega2\libgcc.a(_muluhisi3.o)
                0x0000633a                __muluhisi3
 .text.avr-libc
                0x00006350       0x40 c:/program files (x86)/atmel/studio/7.0/toolchain/avr8/avr8-gnu-toolchain/bin/../lib/gcc/avr/5.4.0/../../../../avr/lib/avrxmega2\libc.a(dtostrf.o)
                0x00006350                dtostrf
 .text.avr-libc
                0x00006390      0x242 c:/program files (x86)/atmel/studio/7.0/toolchain/avr8/avr8-gnu-toolchain/bin/../lib/gcc/avr/5.4.0/../../../../avr/lib/avrxmega2\libc.a(malloc.o)
                0x00006390                malloc
                0x000064c0                free
 .text.avr-libc
                0x000065d2       0x3c c:/program files (x86)/atmel/studio/7.0/toolchain/avr8/avr8-gnu-toolchain/bin/../lib/gcc/avr/5.4.0/../../../../avr/lib/avrxmega2\libc.a(atoi.o)
                0x000065d2                atoi
 .text.avr-libc
                0x0000660e       0x4e c:/program files (x86)/atmel/studio/7.0/toolchain/avr8/avr8-gnu-toolchain/bin/../lib/gcc/avr/5.4.0/../../../../avr/lib/avrxmega2\libc.a(atol.o)
                0x0000660e                atol
 .text.avr-libc
                0x0000665c       0x1c c:/program files (x86)/atmel/studio/7.0/toolchain/avr8/avr8-gnu-toolchain/bin/../lib/gcc/avr/5.4.0/../../../../avr/lib/avrxmega2\libc.a(strncmp.o)
                0x0000665c                strncmp
 .text.avr-libc
                0x00006678       0x1e c:/program files (x86)/atmel/studio/7.0/toolchain/avr8/avr8-gnu-toolchain/bin/../lib/gcc/avr/5.4.0/../../../../avr/lib/avrxmega2\libc.a(strncpy.o)
                0x00006678                strncpy
 .text.avr-libc
                0x00006696       0x2a c:/program files (x86)/atmel/studio/7.0/toolchain/avr8/avr8-gnu-toolchain/bin/../lib/gcc/avr/5.4.0/../../../../avr/lib/avrxmega2\libc.a(mulsi10.o)
                0x00006696                __mulsi_const_10
 .text.avr-libc
                0x000066c0       0x10 c:/program files (x86)/atmel/studio/7.0/toolchain/avr8/avr8-gnu-toolchain/bin/../lib/gcc/avr/5.4.0/../../../../avr/lib/avrxmega2\libc.a(mul10.o)
                0x000066c0                __mulhi_const_10
 .text.avr-libc
                0x000066d0       0x60 c:/program files (x86)/atmel/studio/7.0/toolchain/avr8/avr8-gnu-toolchain/bin/../lib/gcc/avr/5.4.0/../../../../avr/lib/avrxmega2\libc.a(snprintf.o)
                0x000066d0                snprintf
 .text.avr-libc
                0x00006730       0x44 c:/program files (x86)/atmel/studio/7.0/toolchain/avr8/avr8-gnu-toolchain/bin/../lib/gcc/avr/5.4.0/../../../../avr/lib/avrxmega2\libc.a(sprintf.o)
                0x00006730                sprintf
 .text.avr-libc
                0x00006774      0x3c2 c:/program files (x86)/atmel/studio/7.0/toolchain/avr8/avr8-gnu-toolchain/bin/../lib/gcc/avr/5.4.0/../../../../avr/lib/avrxmega2\libc.a(vfprintf_std.o)
                0x00006774                vfprintf
 .text.avr-libc
                0x00006b36      0x2b4 c:/program files (x86)/atmel/studio/7.0/toolchain/avr8/avr8-gnu-toolchain/bin/../lib/gcc/avr/5.4.0/../../../../avr/lib/avrxmega2\libc.a(dtoa_prf.o)
                0x00006b36                dtoa_prf
 .text.avr-libc
                0x00006dea      0x1b0 c:/program files (x86)/atmel/studio/7.0/toolchain/avr8/avr8-gnu-toolchain/bin/../lib/gcc/avr/5.4.0/../../../../avr/lib/avrxmega2\libc.a(ftoa_engine.o)
                0x00006dea                __ftoa_engine
 .text.avr-libc
                0x00006f9a       0x16 c:/program files (x86)/atmel/studio/7.0/toolchain/avr8/avr8-gnu-toolchain/bin/../lib/gcc/avr/5.4.0/../../../../avr/lib/avrxmega2\libc.a(strnlen_P.o)
                0x00006f9a                strnlen_P
 .text.avr-libc
                0x00006fb0       0x16 c:/program files (x86)/atmel/studio/7.0/toolchain/avr8/avr8-gnu-toolchain/bin/../lib/gcc/avr/5.4.0/../../../../avr/lib/avrxmega2\libc.a(strnlen.o)
                0x00006fb0                strnlen
 .text.avr-libc
                0x00006fc6       0x78 c:/program files (x86)/atmel/studio/7.0/toolchain/avr8/avr8-gnu-toolchain/bin/../lib/gcc/avr/5.4.0/../../../../avr/lib/avrxmega2\libc.a(fputc.o)
                0x00006fc6                fputc
 .text.avr-libc
                0x0000703e       0xbc c:/program files (x86)/atmel/studio/7.0/toolchain/avr8/avr8-gnu-toolchain/bin/../lib/gcc/avr/5.4.0/../../../../avr/lib/avrxmega2\libc.a(ultoa_invert.o)
                0x0000703e                __ultoa_invert
 .text.avr-libc
                0x000070fa       0x10 C:/Program Files (x86)/Atmel/Studio/7.0/Packs/Atmel/AVR-Dx_DFP/2.0.141/gcc/dev/avr64da32/avrxmega2\libavr64da32.a(eerd_byte.o)
                0x000070fa                eeprom_read_byte
                0x00007102                eeprom_mapen
 .text.avr-libc
                0x0000710a        0xe C:/Program Files (x86)/Atmel/Studio/7.0/Packs/Atmel/AVR-Dx_DFP/2.0.141/gcc/dev/avr64da32/avrxmega2\libavr64da32.a(eerd_dword.o)
                0x0000710a                eeprom_read_float
                0x0000710a                eeprom_read_dword
 .text.avr-libc
                0x00007118        0xa C:/Program Files (x86)/Atmel/Studio/7.0/Packs/Atmel/AVR-Dx_DFP/2.0.141/gcc/dev/avr64da32/avrxmega2\libavr64da32.a(eerd_word.o)
                0x00007118                eeprom_read_word
 .text.avr-libc
                0x00007122       0x16 C:/Program Files (x86)/Atmel/Studio/7.0/Packs/Atmel/AVR-Dx_DFP/2.0.141/gcc/dev/avr64da32/avrxmega2\libavr64da32.a(eeupd_byte.o)
                0x00007122                eeprom_update_byte
                0x00007124                eeprom_update_r18
 .text.avr-libc
                0x00007138       0x18 C:/Program Files (x86)/Atmel/Studio/7.0/Packs/Atmel/AVR-Dx_DFP/2.0.141/gcc/dev/avr64da32/avrxmega2\libavr64da32.a(eeupd_dword.o)
                0x00007138                eeprom_update_float
                0x00007138                eeprom_update_dword
 .text.avr-libc
                0x00007150        0xc C:/Program Files (x86)/Atmel/Studio/7.0/Packs/Atmel/AVR-Dx_DFP/2.0.141/gcc/dev/avr64da32/avrxmega2\libavr64da32.a(eeupd_word.o)
                0x00007150                eeprom_update_word
 .text.avr-libc
                0x0000715c       0x30 C:/Program Files (x86)/Atmel/Studio/7.0/Packs/Atmel/AVR-Dx_DFP/2.0.141/gcc/dev/avr64da32/avrxmega2\libavr64da32.a(eewr_byte.o)
                0x0000715c                eeprom_write_byte
                0x0000715e                eeprom_write_r18
 .text.libgcc.div
                0x0000718c       0x28 c:/program files (x86)/atmel/studio/7.0/toolchain/avr8/avr8-gnu-toolchain/bin/../lib/gcc/avr/5.4.0/avrxmega2\libgcc.a(_udivmodhi4.o)
                0x0000718c                __udivmodhi4
 .text.libgcc.div
                0x000071b4       0x28 c:/program files (x86)/atmel/studio/7.0/toolchain/avr8/avr8-gnu-toolchain/bin/../lib/gcc/avr/5.4.0/avrxmega2\libgcc.a(_divmodhi4.o)
                0x000071b4                _div
                0x000071b4                __divmodhi4
 .text.libgcc.div
                0x000071dc       0x2e c:/program files (x86)/atmel/studio/7.0/toolchain/avr8/avr8-gnu-toolchain/bin/../lib/gcc/avr/5.4.0/avrxmega2\libgcc.a(_divmodsi4.o)
                0x000071dc                __divmodsi4
 .text.libgcc.div
                0x0000720a       0x10 c:/program files (x86)/atmel/studio/7.0/toolchain/avr8/avr8-gnu-toolchain/bin/../lib/gcc/avr/5.4.0/avrxmega2\libgcc.a(_negsi2.o)
                0x0000720a                __negsi2
 .text.libgcc.prologue
                0x0000721a       0x32 c:/program files (x86)/atmel/studio/7.0/toolchain/avr8/avr8-gnu-toolchain/bin/../lib/gcc/avr/5.4.0/avrxmega2\libgcc.a(_prologue.o)
                0x0000721a                __prologue_saves__
 .text.libgcc.prologue
                0x0000724c       0x30 c:/program files (x86)/atmel/studio/7.0/toolchain/avr8/avr8-gnu-toolchain/bin/../lib/gcc/avr/5.4.0/avrxmega2\libgcc.a(_epilogue.o)
                0x0000724c                __epilogue_restores__
                0x0000727c                . = ALIGN (0x2)
 *(.fini9)
 .fini9         0x0000727c        0x0 c:/program files (x86)/atmel/studio/7.0/toolchain/avr8/avr8-gnu-toolchain/bin/../lib/gcc/avr/5.4.0/avrxmega2\libgcc.a(_exit.o)
                0x0000727c                _exit
                0x0000727c                exit
 *(.fini9)
 *(.fini8)
 *(.fini8)
 *(.fini7)
 *(.fini7)
 *(.fini6)
 *(.fini6)
 *(.fini5)
 *(.fini5)
 *(.fini4)
 *(.fini4)
 *(.fini3)
 *(.fini3)
 *(.fini2)
 *(.fini2)
 *(.fini1)
 *(.fini1)
 *(.fini0)
 .fini0         0x0000727c        0x4 c:/program files (x86)/atmel/studio/7.0/toolchain/avr8/avr8-gnu-toolchain/bin/../lib/gcc/avr/5.4.0/avrxmega2\libgcc.a(_exit.o)
 *(.fini0)
                0x00007280                _etext = .

.data           0x00806000      0x134 load address 0x00007280
                0x00806000                PROVIDE (__data_start, .)
 *(.data)
 .data          0x00806000        0x6 c:/program files (x86)/atmel/studio/7.0/toolchain/avr8/avr8-gnu-toolchain/bin/../lib/gcc/avr/5.4.0/../../../../avr/lib/avrxmega2\libc.a(malloc.o)
                0x00806000                __malloc_heap_end
                0x00806002                __malloc_heap_start
                0x00806004                __malloc_margin
 *(.data*)
 .data.Stat     0x00806006        0x1 ff/mmc.o
 .data._ZL12outputToXBee
                0x00806007        0x1 main.o
 .data._ZL10xbeeOffset
                0x00806008        0x1 main.o
 .data._ZL9startTime
                0x00806009        0x4 main.o
 .data._ZN9my_eeprom12interval_illE
                0x0080600d        0x2 my_eeprom.o
                0x0080600d                _ZN9my_eeprom12interval_illE
 .data._ZN9my_eeprom12interval_velE
                0x0080600f        0x2 my_eeprom.o
                0x0080600f                _ZN9my_eeprom12interval_velE
 .data._ZN9my_eeprom12interval_glbE
                0x00806011        0x2 my_eeprom.o
                0x00806011                _ZN9my_eeprom12interval_glbE
 .data._ZN9my_eeprom11interval_thE
                0x00806013        0x2 my_eeprom.o
                0x00806013                _ZN9my_eeprom11interval_thE
 .data._ZN9my_eeprom11measure_illE
                0x00806015        0x1 my_eeprom.o
                0x00806015                _ZN9my_eeprom11measure_illE
 .data._ZN9my_eeprom11measure_velE
                0x00806016        0x1 my_eeprom.o
                0x00806016                _ZN9my_eeprom11measure_velE
 .data._ZN9my_eeprom11measure_glbE
                0x00806017        0x1 my_eeprom.o
                0x00806017                _ZN9my_eeprom11measure_glbE
 .data._ZN9my_eeprom10measure_thE
                0x00806018        0x1 my_eeprom.o
                0x00806018                _ZN9my_eeprom10measure_thE
 .data._ZN9my_eeprom7Cf_vel0E
                0x00806019        0x4 my_eeprom.o
                0x00806019                _ZN9my_eeprom7Cf_vel0E
 .data._ZN9my_eeprom7Cf_velAE
                0x0080601d        0x4 my_eeprom.o
                0x0080601d                _ZN9my_eeprom7Cf_velAE
 .data._ZN9my_eeprom7Cf_luxAE
                0x00806021        0x4 my_eeprom.o
                0x00806021                _ZN9my_eeprom7Cf_luxAE
 .data._ZN9my_eeprom7Cf_glbAE
                0x00806025        0x4 my_eeprom.o
                0x00806025                _ZN9my_eeprom7Cf_glbAE
 .data._ZN9my_eeprom7Cf_hmdAE
                0x00806029        0x4 my_eeprom.o
                0x00806029                _ZN9my_eeprom7Cf_hmdAE
 .data._ZN9my_eeprom7Cf_dbtAE
                0x0080602d        0x4 my_eeprom.o
                0x0080602d                _ZN9my_eeprom7Cf_dbtAE
 *(.gnu.linkonce.d*)
 *(.rodata)
 *(.rodata*)
 .rodata.str1.1
                0x00806031       0x19 ff/ff.o
 .rodata.str1.1
                0x0080604a       0xc4 main.o
                                 0xc5 (size before relaxing)
 .rodata.str1.1
                0x0080610e       0x25 my_eeprom.o
 *(.gnu.linkonce.r*)
                0x00806134                . = ALIGN (0x2)
 *fill*         0x00806133        0x1 
                0x00806134                _edata = .
                0x00806134                PROVIDE (__data_end, .)

.bss            0x00806134      0x16a
                0x00806134                PROVIDE (__bss_start, .)
 *(.bss)
 *(.bss*)
 .bss.Fsid      0x00806134        0x2 ff/ff.o
 .bss.FatFs     0x00806136        0x2 ff/ff.o
 .bss.CardType  0x00806138        0x1 ff/mmc.o
 .bss.Timer2    0x00806139        0x1 ff/mmc.o
 .bss.Timer1    0x0080613a        0x1 ff/mmc.o
 .bss._ZL8charBuff
                0x0080613b       0x64 main.o
 .bss._ZL7fSystem
                0x0080619f        0x2 main.o
 .bss.initSD    0x008061a1        0x1 main.o
                0x008061a1                initSD
 .bss._ZL7wc_time
                0x008061a2        0x1 main.o
 .bss._ZL8pass_ill
                0x008061a3        0x2 main.o
 .bss._ZL8pass_vel
                0x008061a5        0x2 main.o
 .bss._ZL8pass_glb
                0x008061a7        0x2 main.o
 .bss._ZL7pass_th
                0x008061a9        0x2 main.o
 .bss._ZL14outputToSDCard
                0x008061ab        0x1 main.o
 .bss._ZL11outputToBLE
                0x008061ac        0x1 main.o
 .bss._ZL7cmdBuff
                0x008061ad       0x64 main.o
 .bss._ZL9frameBuff
                0x00806211       0x64 main.o
 .bss._ZL9frameSize
                0x00806275        0x1 main.o
 .bss._ZL13framePosition
                0x00806276        0x1 main.o
 .bss._ZL12readingFrame
                0x00806277        0x1 main.o
 .bss._ZL7logging
                0x00806278        0x1 main.o
 .bss._ZL11currentTime
                0x00806279        0x4 main.o
 .bss.myRTC     0x0080627d        0x8 main.o
                0x0080627d                myRTC
 .bss._ZN9my_eeprom9startAutoE
                0x00806285        0x1 my_eeprom.o
                0x00806285                _ZN9my_eeprom9startAutoE
 .bss._ZN9my_eeprom7Cf_velBE
                0x00806286        0x4 my_eeprom.o
                0x00806286                _ZN9my_eeprom7Cf_velBE
 .bss._ZN9my_eeprom7Cf_luxBE
                0x0080628a        0x4 my_eeprom.o
                0x0080628a                _ZN9my_eeprom7Cf_luxBE
 .bss._ZN9my_eeprom7Cf_glbBE
                0x0080628e        0x4 my_eeprom.o
                0x0080628e                _ZN9my_eeprom7Cf_glbBE
 .bss._ZN9my_eeprom7Cf_hmdBE
                0x00806292        0x4 my_eeprom.o
                0x00806292                _ZN9my_eeprom7Cf_hmdBE
 .bss._ZN9my_eeprom7Cf_dbtBE
                0x00806296        0x4 my_eeprom.o
                0x00806296                _ZN9my_eeprom7Cf_dbtBE
 *(COMMON)
 COMMON         0x0080629a        0x4 c:/program files (x86)/atmel/studio/7.0/toolchain/avr8/avr8-gnu-toolchain/bin/../lib/gcc/avr/5.4.0/../../../../avr/lib/avrxmega2\libc.a(malloc.o)
                0x0080629a                __brkval
                0x0080629c                __flp
                0x0080629e                PROVIDE (__bss_end, .)
                0x00007280                __data_load_start = LOADADDR (.data)
                0x000073b4                __data_load_end = (__data_load_start + SIZEOF (.data))

.noinit         0x0080629e        0x0
                [!provide]                PROVIDE (__noinit_start, .)
 *(.noinit*)
                [!provide]                PROVIDE (__noinit_end, .)
                0x0080629e                _end = .
                0x0080629e                PROVIDE (__heap_start, .)

.eeprom         0x00810000       0x3a
 *(.eeprom*)
 .eeprom        0x00810000       0x3a my_eeprom.o
                0x0081003a                __eeprom_end = .

.fuse
 *(.fuse)
 *(.lfuse)
 *(.hfuse)
 *(.efuse)

.lock
 *(.lock*)

.signature
 *(.signature*)

.user_signatures
 *(.user_signatures*)

.stab
 *(.stab)

.stabstr
 *(.stabstr)

.stab.excl
 *(.stab.excl)

.stab.exclstr
 *(.stab.exclstr)

.stab.index
 *(.stab.index)

.stab.indexstr
 *(.stab.indexstr)

.comment        0x00000000       0x5c
 *(.comment)
 .comment       0x00000000       0x30 ff/ff.o
                                 0x31 (size before relaxing)
 .comment       0x00000030       0x31 ff/mmc.o
 .comment       0x00000030       0x31 ff/rtc.o
 .comment       0x00000030       0x31 main.o
 .comment       0x00000030       0x31 my_eeprom.o
 .comment       0x00000030       0x31 my_i2c.o
 .comment       0x00000030       0x31 my_uart.o
 .comment       0x00000030       0x31 my_xbee.o
 .comment       0x00000030       0x31 c:/program files (x86)/atmel/studio/7.0/toolchain/avr8/avr8-gnu-toolchain/bin/../lib/gcc/avr/5.4.0/../../../../avr/lib/avrxmega2\libc.a(dtostrf.o)
 .comment       0x00000030       0x31 c:/program files (x86)/atmel/studio/7.0/toolchain/avr8/avr8-gnu-toolchain/bin/../lib/gcc/avr/5.4.0/../../../../avr/lib/avrxmega2\libc.a(malloc.o)
 .comment       0x00000030       0x31 c:/program files (x86)/atmel/studio/7.0/toolchain/avr8/avr8-gnu-toolchain/bin/../lib/gcc/avr/5.4.0/../../../../avr/lib/avrxmega2\libc.a(snprintf.o)
 .comment       0x00000030       0x31 c:/program files (x86)/atmel/studio/7.0/toolchain/avr8/avr8-gnu-toolchain/bin/../lib/gcc/avr/5.4.0/../../../../avr/lib/avrxmega2\libc.a(sprintf.o)
 .comment       0x00000030       0x31 c:/program files (x86)/atmel/studio/7.0/toolchain/avr8/avr8-gnu-toolchain/bin/../lib/gcc/avr/5.4.0/../../../../avr/lib/avrxmega2\libc.a(gmtime_r.o)
 .comment       0x00000030       0x2c c:/program files (x86)/atmel/studio/7.0/toolchain/avr8/avr8-gnu-toolchain/bin/../lib/gcc/avr/5.4.0/../../../../avr/lib/avrxmega2\libc.a(vfprintf_std.o)
                                 0x2d (size before relaxing)
 .comment       0x0000005c       0x31 c:/program files (x86)/atmel/studio/7.0/toolchain/avr8/avr8-gnu-toolchain/bin/../lib/gcc/avr/5.4.0/../../../../avr/lib/avrxmega2\libc.a(dtoa_prf.o)
 .comment       0x0000005c       0x31 c:/program files (x86)/atmel/studio/7.0/toolchain/avr8/avr8-gnu-toolchain/bin/../lib/gcc/avr/5.4.0/../../../../avr/lib/avrxmega2\libc.a(fputc.o)

.note.gnu.avr.deviceinfo
                0x00000000       0x3c
 .note.gnu.avr.deviceinfo
                0x00000000       0x3c C:/Program Files (x86)/Atmel/Studio/7.0/Packs/Atmel/AVR-Dx_DFP/2.0.141/gcc/dev/avr64da32/avrxmega2/crtavr64da32.o

.note.gnu.build-id
 *(.note.gnu.build-id)

.debug
 *(.debug)

.line
 *(.line)

.debug_srcinfo
 *(.debug_srcinfo)

.debug_sfnames
 *(.debug_sfnames)

.debug_aranges  0x00000000      0x540
 *(.debug_aranges)
 .debug_aranges
                0x00000000      0x188 ff/ff.o
 .debug_aranges
                0x00000188       0xc8 ff/mmc.o
 .debug_aranges
                0x00000250       0x48 ff/rtc.o
 .debug_aranges
                0x00000298       0x78 main.o
 .debug_aranges
                0x00000310       0x40 my_eeprom.o
 .debug_aranges
                0x00000350       0x98 my_i2c.o
 .debug_aranges
                0x000003e8       0x38 my_uart.o
 .debug_aranges
                0x00000420       0x40 my_xbee.o
 .debug_aranges
                0x00000460       0x20 C:/Program Files (x86)/Atmel/Studio/7.0/Packs/Atmel/AVR-Dx_DFP/2.0.141/gcc/dev/avr64da32/avrxmega2\libavr64da32.a(eerd_byte.o)
 .debug_aranges
                0x00000480       0x20 C:/Program Files (x86)/Atmel/Studio/7.0/Packs/Atmel/AVR-Dx_DFP/2.0.141/gcc/dev/avr64da32/avrxmega2\libavr64da32.a(eerd_dword.o)
 .debug_aranges
                0x000004a0       0x20 C:/Program Files (x86)/Atmel/Studio/7.0/Packs/Atmel/AVR-Dx_DFP/2.0.141/gcc/dev/avr64da32/avrxmega2\libavr64da32.a(eerd_word.o)
 .debug_aranges
                0x000004c0       0x20 C:/Program Files (x86)/Atmel/Studio/7.0/Packs/Atmel/AVR-Dx_DFP/2.0.141/gcc/dev/avr64da32/avrxmega2\libavr64da32.a(eeupd_byte.o)
 .debug_aranges
                0x000004e0       0x20 C:/Program Files (x86)/Atmel/Studio/7.0/Packs/Atmel/AVR-Dx_DFP/2.0.141/gcc/dev/avr64da32/avrxmega2\libavr64da32.a(eeupd_dword.o)
 .debug_aranges
                0x00000500       0x20 C:/Program Files (x86)/Atmel/Studio/7.0/Packs/Atmel/AVR-Dx_DFP/2.0.141/gcc/dev/avr64da32/avrxmega2\libavr64da32.a(eeupd_word.o)
 .debug_aranges
                0x00000520       0x20 C:/Program Files (x86)/Atmel/Studio/7.0/Packs/Atmel/AVR-Dx_DFP/2.0.141/gcc/dev/avr64da32/avrxmega2\libavr64da32.a(eewr_byte.o)

.debug_pubnames
 *(.debug_pubnames)

.debug_info     0x00000000     0xc992
 *(.debug_info .gnu.linkonce.wi.*)
 .debug_info    0x00000000     0x2329 C:/Program Files (x86)/Atmel/Studio/7.0/Packs/Atmel/AVR-Dx_DFP/2.0.141/gcc/dev/avr64da32/avrxmega2/crtavr64da32.o
 .debug_info    0x00002329     0x2cec ff/ff.o
 .debug_info    0x00005015     0x139f ff/mmc.o
 .debug_info    0x000063b4      0x2a8 ff/rtc.o
 .debug_info    0x0000665c     0x2e8d main.o
 .debug_info    0x000094e9     0x1468 my_eeprom.o
 .debug_info    0x0000a951     0x120b my_i2c.o
 .debug_info    0x0000bb5c      0x4a0 my_uart.o
 .debug_info    0x0000bffc      0x53f my_xbee.o
 .debug_info    0x0000c53b       0x9e C:/Program Files (x86)/Atmel/Studio/7.0/Packs/Atmel/AVR-Dx_DFP/2.0.141/gcc/dev/avr64da32/avrxmega2\libavr64da32.a(eerd_byte.o)
 .debug_info    0x0000c5d9       0x9f C:/Program Files (x86)/Atmel/Studio/7.0/Packs/Atmel/AVR-Dx_DFP/2.0.141/gcc/dev/avr64da32/avrxmega2\libavr64da32.a(eerd_dword.o)
 .debug_info    0x0000c678       0x9e C:/Program Files (x86)/Atmel/Studio/7.0/Packs/Atmel/AVR-Dx_DFP/2.0.141/gcc/dev/avr64da32/avrxmega2\libavr64da32.a(eerd_word.o)
 .debug_info    0x0000c716       0x9f C:/Program Files (x86)/Atmel/Studio/7.0/Packs/Atmel/AVR-Dx_DFP/2.0.141/gcc/dev/avr64da32/avrxmega2\libavr64da32.a(eeupd_byte.o)
 .debug_info    0x0000c7b5       0xa0 C:/Program Files (x86)/Atmel/Studio/7.0/Packs/Atmel/AVR-Dx_DFP/2.0.141/gcc/dev/avr64da32/avrxmega2\libavr64da32.a(eeupd_dword.o)
 .debug_info    0x0000c855       0x9f C:/Program Files (x86)/Atmel/Studio/7.0/Packs/Atmel/AVR-Dx_DFP/2.0.141/gcc/dev/avr64da32/avrxmega2\libavr64da32.a(eeupd_word.o)
 .debug_info    0x0000c8f4       0x9e C:/Program Files (x86)/Atmel/Studio/7.0/Packs/Atmel/AVR-Dx_DFP/2.0.141/gcc/dev/avr64da32/avrxmega2\libavr64da32.a(eewr_byte.o)

.debug_abbrev   0x00000000     0x35f8
 *(.debug_abbrev)
 .debug_abbrev  0x00000000     0x214c C:/Program Files (x86)/Atmel/Studio/7.0/Packs/Atmel/AVR-Dx_DFP/2.0.141/gcc/dev/avr64da32/avrxmega2/crtavr64da32.o
 .debug_abbrev  0x0000214c      0x26b ff/ff.o
 .debug_abbrev  0x000023b7      0x295 ff/mmc.o
 .debug_abbrev  0x0000264c       0xf4 ff/rtc.o
 .debug_abbrev  0x00002740      0x56a main.o
 .debug_abbrev  0x00002caa      0x1c4 my_eeprom.o
 .debug_abbrev  0x00002e6e      0x3b0 my_i2c.o
 .debug_abbrev  0x0000321e      0x1a5 my_uart.o
 .debug_abbrev  0x000033c3      0x1a9 my_xbee.o
 .debug_abbrev  0x0000356c       0x14 C:/Program Files (x86)/Atmel/Studio/7.0/Packs/Atmel/AVR-Dx_DFP/2.0.141/gcc/dev/avr64da32/avrxmega2\libavr64da32.a(eerd_byte.o)
 .debug_abbrev  0x00003580       0x14 C:/Program Files (x86)/Atmel/Studio/7.0/Packs/Atmel/AVR-Dx_DFP/2.0.141/gcc/dev/avr64da32/avrxmega2\libavr64da32.a(eerd_dword.o)
 .debug_abbrev  0x00003594       0x14 C:/Program Files (x86)/Atmel/Studio/7.0/Packs/Atmel/AVR-Dx_DFP/2.0.141/gcc/dev/avr64da32/avrxmega2\libavr64da32.a(eerd_word.o)
 .debug_abbrev  0x000035a8       0x14 C:/Program Files (x86)/Atmel/Studio/7.0/Packs/Atmel/AVR-Dx_DFP/2.0.141/gcc/dev/avr64da32/avrxmega2\libavr64da32.a(eeupd_byte.o)
 .debug_abbrev  0x000035bc       0x14 C:/Program Files (x86)/Atmel/Studio/7.0/Packs/Atmel/AVR-Dx_DFP/2.0.141/gcc/dev/avr64da32/avrxmega2\libavr64da32.a(eeupd_dword.o)
 .debug_abbrev  0x000035d0       0x14 C:/Program Files (x86)/Atmel/Studio/7.0/Packs/Atmel/AVR-Dx_DFP/2.0.141/gcc/dev/avr64da32/avrxmega2\libavr64da32.a(eeupd_word.o)
 .debug_abbrev  0x000035e4       0x14 C:/Program Files (x86)/Atmel/Studio/7.0/Packs/Atmel/AVR-Dx_DFP/2.0.141/gcc/dev/avr64da32/avrxmega2\libavr64da32.a(eewr_byte.o)

.debug_line     0x00000000     0x4dce
 *(.debug_line .debug_line.* .debug_line_end)
 .debug_line    0x00000000      0x19f C:/Program Files (x86)/Atmel/Studio/7.0/Packs/Atmel/AVR-Dx_DFP/2.0.141/gcc/dev/avr64da32/avrxmega2/crtavr64da32.o
 .debug_line    0x0000019f     0x1d02 ff/ff.o
 .debug_line    0x00001ea1      0xb5e ff/mmc.o
 .debug_line    0x000029ff      0x17d ff/rtc.o
 .debug_line    0x00002b7c      0xbf3 main.o
 .debug_line    0x0000376f      0x689 my_eeprom.o
 .debug_line    0x00003df8      0x8ad my_i2c.o
 .debug_line    0x000046a5      0x1af my_uart.o
 .debug_line    0x00004854      0x1fc my_xbee.o
 .debug_line    0x00004a50       0x79 C:/Program Files (x86)/Atmel/Studio/7.0/Packs/Atmel/AVR-Dx_DFP/2.0.141/gcc/dev/avr64da32/avrxmega2\libavr64da32.a(eerd_byte.o)
 .debug_line    0x00004ac9       0x6e C:/Program Files (x86)/Atmel/Studio/7.0/Packs/Atmel/AVR-Dx_DFP/2.0.141/gcc/dev/avr64da32/avrxmega2\libavr64da32.a(eerd_dword.o)
 .debug_line    0x00004b37       0x61 C:/Program Files (x86)/Atmel/Studio/7.0/Packs/Atmel/AVR-Dx_DFP/2.0.141/gcc/dev/avr64da32/avrxmega2\libavr64da32.a(eerd_word.o)
 .debug_line    0x00004b98       0x80 C:/Program Files (x86)/Atmel/Studio/7.0/Packs/Atmel/AVR-Dx_DFP/2.0.141/gcc/dev/avr64da32/avrxmega2\libavr64da32.a(eeupd_byte.o)
 .debug_line    0x00004c18       0x7b C:/Program Files (x86)/Atmel/Studio/7.0/Packs/Atmel/AVR-Dx_DFP/2.0.141/gcc/dev/avr64da32/avrxmega2\libavr64da32.a(eeupd_dword.o)
 .debug_line    0x00004c93       0x62 C:/Program Files (x86)/Atmel/Studio/7.0/Packs/Atmel/AVR-Dx_DFP/2.0.141/gcc/dev/avr64da32/avrxmega2\libavr64da32.a(eeupd_word.o)
 .debug_line    0x00004cf5       0xd9 C:/Program Files (x86)/Atmel/Studio/7.0/Packs/Atmel/AVR-Dx_DFP/2.0.141/gcc/dev/avr64da32/avrxmega2\libavr64da32.a(eewr_byte.o)

.debug_frame    0x00000000     0x13d0
 *(.debug_frame)
 .debug_frame   0x00000000      0xa0c ff/ff.o
 .debug_frame   0x00000a0c      0x284 ff/mmc.o
 .debug_frame   0x00000c90       0x74 ff/rtc.o
 .debug_frame   0x00000d04      0x2a0 main.o
 .debug_frame   0x00000fa4       0xf4 my_eeprom.o
 .debug_frame   0x00001098      0x1f0 my_i2c.o
 .debug_frame   0x00001288       0x70 my_uart.o
 .debug_frame   0x000012f8       0xd8 my_xbee.o

.debug_str      0x00000000     0x3449
 *(.debug_str)
 .debug_str     0x00000000      0xf3a C:/Program Files (x86)/Atmel/Studio/7.0/Packs/Atmel/AVR-Dx_DFP/2.0.141/gcc/dev/avr64da32/avrxmega2/crtavr64da32.o
 .debug_str     0x00000f3a      0x5cf ff/ff.o
                                0x686 (size before relaxing)
 .debug_str     0x00001509      0x27e ff/mmc.o
                                0x4b3 (size before relaxing)
 .debug_str     0x00001787       0x55 ff/rtc.o
                                0x1ff (size before relaxing)
 .debug_str     0x000017dc     0x14b6 main.o
                               0x1936 (size before relaxing)
 .debug_str     0x00002c92      0x38d my_eeprom.o
                                0x799 (size before relaxing)
 .debug_str     0x0000301f      0x3fb my_i2c.o
                                0x72d (size before relaxing)
 .debug_str     0x0000341a       0x11 my_uart.o
                                0x3b6 (size before relaxing)
 .debug_str     0x0000342b       0x1e my_xbee.o
                                0x310 (size before relaxing)

.debug_loc      0x00000000     0x7f7b
 *(.debug_loc)
 .debug_loc     0x00000000     0x49ce ff/ff.o
 .debug_loc     0x000049ce     0x136b ff/mmc.o
 .debug_loc     0x00005d39       0x90 ff/rtc.o
 .debug_loc     0x00005dc9      0xdd6 main.o
 .debug_loc     0x00006b9f      0x24d my_eeprom.o
 .debug_loc     0x00006dec      0xcc4 my_i2c.o
 .debug_loc     0x00007ab0       0xf0 my_uart.o
 .debug_loc     0x00007ba0      0x3db my_xbee.o

.debug_macinfo
 *(.debug_macinfo)

.debug_weaknames
 *(.debug_weaknames)

.debug_funcnames
 *(.debug_funcnames)

.debug_typenames
 *(.debug_typenames)

.debug_varnames
 *(.debug_varnames)

.debug_pubtypes
 *(.debug_pubtypes)

.debug_ranges   0x00000000      0x428
 *(.debug_ranges)
 .debug_ranges  0x00000000      0x178 ff/ff.o
 .debug_ranges  0x00000178       0xb8 ff/mmc.o
 .debug_ranges  0x00000230       0x38 ff/rtc.o
 .debug_ranges  0x00000268       0x98 main.o
 .debug_ranges  0x00000300       0x30 my_eeprom.o
 .debug_ranges  0x00000330       0xa0 my_i2c.o
 .debug_ranges  0x000003d0       0x28 my_uart.o
 .debug_ranges  0x000003f8       0x30 my_xbee.o

.debug_macro
 *(.debug_macro)
OUTPUT(mlogger.elf elf32-avr)
LOAD linker stubs
