Archive member included to satisfy reference by file (symbol)

c:/program files (x86)/atmel/studio/7.0/toolchain/avr8/avr8-gnu-toolchain/bin/../lib/gcc/avr/5.4.0/../../../../avr/lib/avr5\libm.a(addsf3.o)
                              main.o (__subsf3)
c:/program files (x86)/atmel/studio/7.0/toolchain/avr8/avr8-gnu-toolchain/bin/../lib/gcc/avr/5.4.0/../../../../avr/lib/avr5\libm.a(addsf3x.o)
                              c:/program files (x86)/atmel/studio/7.0/toolchain/avr8/avr8-gnu-toolchain/bin/../lib/gcc/avr/5.4.0/../../../../avr/lib/avr5\libm.a(addsf3.o) (__addsf3x)
c:/program files (x86)/atmel/studio/7.0/toolchain/avr8/avr8-gnu-toolchain/bin/../lib/gcc/avr/5.4.0/../../../../avr/lib/avr5\libm.a(cmpsf2.o)
                              main.o (__ltsf2)
c:/program files (x86)/atmel/studio/7.0/toolchain/avr8/avr8-gnu-toolchain/bin/../lib/gcc/avr/5.4.0/../../../../avr/lib/avr5\libm.a(divsf3.o)
                              main.o (__divsf3)
c:/program files (x86)/atmel/studio/7.0/toolchain/avr8/avr8-gnu-toolchain/bin/../lib/gcc/avr/5.4.0/../../../../avr/lib/avr5\libm.a(divsf3x.o)
                              c:/program files (x86)/atmel/studio/7.0/toolchain/avr8/avr8-gnu-toolchain/bin/../lib/gcc/avr/5.4.0/../../../../avr/lib/avr5\libm.a(divsf3.o) (__divsf3x)
c:/program files (x86)/atmel/studio/7.0/toolchain/avr8/avr8-gnu-toolchain/bin/../lib/gcc/avr/5.4.0/../../../../avr/lib/avr5\libm.a(floatsisf.o)
                              main.o (__floatsisf)
c:/program files (x86)/atmel/studio/7.0/toolchain/avr8/avr8-gnu-toolchain/bin/../lib/gcc/avr/5.4.0/../../../../avr/lib/avr5\libm.a(fp_cmp.o)
                              c:/program files (x86)/atmel/studio/7.0/toolchain/avr8/avr8-gnu-toolchain/bin/../lib/gcc/avr/5.4.0/../../../../avr/lib/avr5\libm.a(cmpsf2.o) (__fp_cmp)
c:/program files (x86)/atmel/studio/7.0/toolchain/avr8/avr8-gnu-toolchain/bin/../lib/gcc/avr/5.4.0/../../../../avr/lib/avr5\libm.a(fp_inf.o)
                              c:/program files (x86)/atmel/studio/7.0/toolchain/avr8/avr8-gnu-toolchain/bin/../lib/gcc/avr/5.4.0/../../../../avr/lib/avr5\libm.a(addsf3x.o) (__fp_inf)
c:/program files (x86)/atmel/studio/7.0/toolchain/avr8/avr8-gnu-toolchain/bin/../lib/gcc/avr/5.4.0/../../../../avr/lib/avr5\libm.a(fp_nan.o)
                              c:/program files (x86)/atmel/studio/7.0/toolchain/avr8/avr8-gnu-toolchain/bin/../lib/gcc/avr/5.4.0/../../../../avr/lib/avr5\libm.a(addsf3x.o) (__fp_nan)
c:/program files (x86)/atmel/studio/7.0/toolchain/avr8/avr8-gnu-toolchain/bin/../lib/gcc/avr/5.4.0/../../../../avr/lib/avr5\libm.a(fp_pscA.o)
                              c:/program files (x86)/atmel/studio/7.0/toolchain/avr8/avr8-gnu-toolchain/bin/../lib/gcc/avr/5.4.0/../../../../avr/lib/avr5\libm.a(addsf3x.o) (__fp_pscA)
c:/program files (x86)/atmel/studio/7.0/toolchain/avr8/avr8-gnu-toolchain/bin/../lib/gcc/avr/5.4.0/../../../../avr/lib/avr5\libm.a(fp_pscB.o)
                              c:/program files (x86)/atmel/studio/7.0/toolchain/avr8/avr8-gnu-toolchain/bin/../lib/gcc/avr/5.4.0/../../../../avr/lib/avr5\libm.a(addsf3x.o) (__fp_pscB)
c:/program files (x86)/atmel/studio/7.0/toolchain/avr8/avr8-gnu-toolchain/bin/../lib/gcc/avr/5.4.0/../../../../avr/lib/avr5\libm.a(fp_round.o)
                              c:/program files (x86)/atmel/studio/7.0/toolchain/avr8/avr8-gnu-toolchain/bin/../lib/gcc/avr/5.4.0/../../../../avr/lib/avr5\libm.a(addsf3.o) (__fp_round)
c:/program files (x86)/atmel/studio/7.0/toolchain/avr8/avr8-gnu-toolchain/bin/../lib/gcc/avr/5.4.0/../../../../avr/lib/avr5\libm.a(fp_split3.o)
                              c:/program files (x86)/atmel/studio/7.0/toolchain/avr8/avr8-gnu-toolchain/bin/../lib/gcc/avr/5.4.0/../../../../avr/lib/avr5\libm.a(addsf3x.o) (__fp_split3)
c:/program files (x86)/atmel/studio/7.0/toolchain/avr8/avr8-gnu-toolchain/bin/../lib/gcc/avr/5.4.0/../../../../avr/lib/avr5\libm.a(fp_zero.o)
                              c:/program files (x86)/atmel/studio/7.0/toolchain/avr8/avr8-gnu-toolchain/bin/../lib/gcc/avr/5.4.0/../../../../avr/lib/avr5\libm.a(addsf3x.o) (__fp_zero)
c:/program files (x86)/atmel/studio/7.0/toolchain/avr8/avr8-gnu-toolchain/bin/../lib/gcc/avr/5.4.0/../../../../avr/lib/avr5\libm.a(gesf2.o)
                              my_eeprom.o (__gesf2)
c:/program files (x86)/atmel/studio/7.0/toolchain/avr8/avr8-gnu-toolchain/bin/../lib/gcc/avr/5.4.0/../../../../avr/lib/avr5\libm.a(mulsf3.o)
                              main.o (__mulsf3)
c:/program files (x86)/atmel/studio/7.0/toolchain/avr8/avr8-gnu-toolchain/bin/../lib/gcc/avr/5.4.0/../../../../avr/lib/avr5\libm.a(mulsf3x.o)
                              c:/program files (x86)/atmel/studio/7.0/toolchain/avr8/avr8-gnu-toolchain/bin/../lib/gcc/avr/5.4.0/../../../../avr/lib/avr5\libm.a(mulsf3.o) (__mulsf3x)
c:/program files (x86)/atmel/studio/7.0/toolchain/avr8/avr8-gnu-toolchain/bin/../lib/gcc/avr/5.4.0/../../../../avr/lib/avr5\libm.a(pow.o)
                              my_i2c.o (pow)
[...]
Memory Configuration

Name             Origin             Length             Attributes
text             0x00000000         0x00008000         xr
data             0x00800100         0x00000800         rw !x
eeprom           0x00810000         0x00000400         rw !x
fuse             0x00820000         0x00000003         rw !x
lock             0x00830000         0x00000400         rw !x
signature        0x00840000         0x00000400         rw !x
user_signatures  0x00850000         0x00000400         rw !x
*default*        0x00000000         0xffffffff

Linker script and memory map

Address of section .data set to 0x800100
LOAD C:/Program Files (x86)/Atmel/Studio/7.0/Packs/atmel/ATmega_DFP/1.6.364/gcc/dev/atmega328p/avr5/crtatmega328p.o
LOAD ff/ff.o
LOAD ff/mmc.o
LOAD ff/rtc.o
LOAD main.o
LOAD my_eeprom.o
LOAD my_i2c.o
LOAD my_uart.o
LOAD my_xbee.o
START GROUP
LOAD c:/program files (x86)/atmel/studio/7.0/toolchain/avr8/avr8-gnu-toolchain/bin/../lib/gcc/avr/5.4.0/../../../../avr/lib/avr5\libm.a
END GROUP
LOAD c:/program files (x86)/atmel/studio/7.0/toolchain/avr8/avr8-gnu-toolchain/bin/../lib/gcc/avr/5.4.0/avr5\libgcc.a
LOAD c:/program files (x86)/atmel/studio/7.0/toolchain/avr8/avr8-gnu-toolchain/bin/../lib/gcc/avr/5.4.0/../../../../avr/lib/avr5\libm.a
START GROUP
LOAD c:/program files (x86)/atmel/studio/7.0/toolchain/avr8/avr8-gnu-toolchain/bin/../lib/gcc/avr/5.4.0/avr5\libgcc.a
LOAD c:/program files (x86)/atmel/studio/7.0/toolchain/avr8/avr8-gnu-toolchain/bin/../lib/gcc/avr/5.4.0/../../../../avr/lib/avr5\libm.a
LOAD c:/program files (x86)/atmel/studio/7.0/toolchain/avr8/avr8-gnu-toolchain/bin/../lib/gcc/avr/5.4.0/../../../../avr/lib/avr5\libc.a
LOAD C:/Program Files (x86)/Atmel/Studio/7.0/Packs/atmel/ATmega_DFP/1.6.364/gcc/dev/atmega328p/avr5\libatmega328p.a
END GROUP
                0x00000000                __TEXT_REGION_ORIGIN__ = DEFINED (__TEXT_REGION_ORIGIN__)?__TEXT_REGION_ORIGIN__:0x0
                [0x00800100]                __DATA_REGION_ORIGIN__ = DEFINED (__DATA_REGION_ORIGIN__)?__DATA_REGION_ORIGIN__:0x800060
                [0x00008000]                __TEXT_REGION_LENGTH__ = DEFINED (__TEXT_REGION_LENGTH__)?__TEXT_REGION_LENGTH__:0x20000
                [0x00000800]                __DATA_REGION_LENGTH__ = DEFINED (__DATA_REGION_LENGTH__)?__DATA_REGION_LENGTH__:0xffa0
                [0x00000400]                __EEPROM_REGION_LENGTH__ = DEFINED (__EEPROM_REGION_LENGTH__)?__EEPROM_REGION_LENGTH__:0x10000
                [0x00000003]                __FUSE_REGION_LENGTH__ = DEFINED (__FUSE_REGION_LENGTH__)?__FUSE_REGION_LENGTH__:0x400
                0x00000400                __LOCK_REGION_LENGTH__ = DEFINED (__LOCK_REGION_LENGTH__)?__LOCK_REGION_LENGTH__:0x400
                0x00000400                __SIGNATURE_REGION_LENGTH__ = DEFINED (__SIGNATURE_REGION_LENGTH__)?__SIGNATURE_REGION_LENGTH__:0x400
                0x00000400                __USER_SIGNATURE_REGION_LENGTH__ = DEFINED (__USER_SIGNATURE_REGION_LENGTH__)?__USER_SIGNATURE_REGION_LENGTH__:0x400

.hash
 *(.hash)

.dynsym
 *(.dynsym)

.dynstr
 *(.dynstr)

.gnu.version
 *(.gnu.version)

.gnu.version_d
 *(.gnu.version_d)

.gnu.version_r
 *(.gnu.version_r)

.rel.init
 *(.rel.init)

.rela.init
 *(.rela.init)

.rel.text
 *(.rel.text)
 *(.rel.text.*)
 *(.rel.gnu.linkonce.t*)

.rela.text
 *(.rela.text)
 *(.rela.text.*)
 *(.rela.gnu.linkonce.t*)

.rel.fini
 *(.rel.fini)

.rela.fini
 *(.rela.fini)

.rel.rodata
 *(.rel.rodata)
 *(.rel.rodata.*)
 *(.rel.gnu.linkonce.r*)

.rela.rodata
 *(.rela.rodata)
 *(.rela.rodata.*)
 *(.rela.gnu.linkonce.r*)

.rel.data
 *(.rel.data)
 *(.rel.data.*)
 *(.rel.gnu.linkonce.d*)

.rela.data
 *(.rela.data)
 *(.rela.data.*)
 *(.rela.gnu.linkonce.d*)

.rel.ctors
 *(.rel.ctors)

.rela.ctors
 *(.rela.ctors)

.rel.dtors
 *(.rel.dtors)

.rela.dtors
 *(.rela.dtors)

.rel.got
 *(.rel.got)

.rela.got
 *(.rela.got)

.rel.bss
 *(.rel.bss)

.rela.bss
 *(.rela.bss)

.rel.plt
 *(.rel.plt)

.rela.plt
 *(.rela.plt)

.text           0x00000000     0x74ec
 *(.vectors)
 .vectors       0x00000000       0x68 C:/Program Files (x86)/Atmel/Studio/7.0/Packs/atmel/ATmega_DFP/1.6.364/gcc/dev/atmega328p/avr5/crtatmega328p.o
                0x00000000                __vector_default
                0x00000000                __vectors
 *(.vectors)
 *(.progmem.gcc*)
 .progmem.gcc_sw_table.mmc_disk_ioctl
                0x00000068       0x74 ff/mmc.o
 .progmem.gcc_fplib
                0x000000dc       0x28 c:/program files (x86)/atmel/studio/7.0/toolchain/avr8/avr8-gnu-toolchain/bin/../lib/gcc/avr/5.4.0/../../../../avr/lib/avr5\libm.a(exp.o)
 .progmem.gcc_fplib
                0x00000104       0x5a c:/program files (x86)/atmel/studio/7.0/toolchain/avr8/avr8-gnu-toolchain/bin/../lib/gcc/avr/5.4.0/../../../../avr/lib/avr5\libm.a(log.o)
                0x0000015e                . = ALIGN (0x2)
                0x0000015e                __trampolines_start = .
 *(.trampolines)
 .trampolines   0x0000015e        0x0 linker stubs
 *(.trampolines*)
                0x0000015e                __trampolines_end = .
 *libprintf_flt.a:*(.progmem.data)
 *libc.a:*(.progmem.data)
 .progmem.data  0x0000015e       0xfa c:/program files (x86)/atmel/studio/7.0/toolchain/avr8/avr8-gnu-toolchain/bin/../lib/gcc/avr/5.4.0/../../../../avr/lib/avr5\libc.a(ftoa_engine.o)
 *(.progmem*)
                0x00000258                . = ALIGN (0x2)
 *(.jumptables)
 *(.jumptables*)
 *(.lowtext)
 *(.lowtext*)
                0x00000258                __ctors_start = .
 *(.ctors)
                0x00000258                __ctors_end = .
                0x00000258                __dtors_start = .
 *(.dtors)
                0x00000258                __dtors_end = .
 SORT(*)(.ctors)
 SORT(*)(.dtors)
 *(.init0)
 .init0         0x00000258        0x0 C:/Program Files (x86)/Atmel/Studio/7.0/Packs/atmel/ATmega_DFP/1.6.364/gcc/dev/atmega328p/avr5/crtatmega328p.o
                0x00000258                __init
 *(.init0)
 *(.init1)
 *(.init1)
 *(.init2)
 .init2         0x00000258        0xc C:/Program Files (x86)/Atmel/Studio/7.0/Packs/atmel/ATmega_DFP/1.6.364/gcc/dev/atmega328p/avr5/crtatmega328p.o
 *(.init2)
 *(.init3)
 *(.init3)
 *(.init4)
 .init4         0x00000264       0x16 c:/program files (x86)/atmel/studio/7.0/toolchain/avr8/avr8-gnu-toolchain/bin/../lib/gcc/avr/5.4.0/avr5\libgcc.a(_copy_data.o)
                0x00000264                __do_copy_data
 .init4         0x0000027a       0x10 c:/program files (x86)/atmel/studio/7.0/toolchain/avr8/avr8-gnu-toolchain/bin/../lib/gcc/avr/5.4.0/avr5\libgcc.a(_clear_bss.o)
                0x0000027a                __do_clear_bss
 *(.init4)
 *(.init5)
 *(.init5)
 *(.init6)
 *(.init6)
 *(.init7)
 *(.init7)
 *(.init8)
 *(.init8)
 *(.init9)
 .init9         0x0000028a        0x8 C:/Program Files (x86)/Atmel/Studio/7.0/Packs/atmel/ATmega_DFP/1.6.364/gcc/dev/atmega328p/avr5/crtatmega328p.o
 *(.init9)
 *(.text)
 .text          0x00000292        0x4 C:/Program Files (x86)/Atmel/Studio/7.0/Packs/atmel/ATmega_DFP/1.6.364/gcc/dev/atmega328p/avr5/crtatmega328p.o
                0x00000292                __vector_22
                0x00000292                __vector_24
                0x00000292                __vector_12
                0x00000292                __bad_interrupt
                0x00000292                __vector_6
                0x00000292                __vector_3
                0x00000292                __vector_23
                0x00000292                __vector_25
                0x00000292                __vector_13
                0x00000292                __vector_17
                0x00000292                __vector_19
                0x00000292                __vector_7
                0x00000292                __vector_5
                0x00000292                __vector_4
                0x00000292                __vector_2
                0x00000292                __vector_21
                0x00000292                __vector_15
                0x00000292                __vector_8
                0x00000292                __vector_14
                0x00000292                __vector_10
                0x00000292                __vector_16
                0x00000292                __vector_20
 .text          0x00000296      0x18e c:/program files (x86)/atmel/studio/7.0/toolchain/avr8/avr8-gnu-toolchain/bin/../lib/gcc/avr/5.4.0/../../../../avr/lib/avr5\libc.a(gmtime_r.o)
                0x00000296                gmtime_r
                0x00000424                . = ALIGN (0x2)
 *(.text.*)
 .text.ld_word  0x00000424       0x14 ff/ff.o
 .text.ld_dword
                0x00000438       0x36 ff/ff.o
 .text.st_word  0x0000046e        0x8 ff/ff.o
 .text.st_dword
                0x00000476        0xc ff/ff.o
 .text.mem_cpy  0x00000482       0x1e ff/ff.o
 .text.mem_set  0x000004a0       0x12 ff/ff.o
 .text.mem_cmp  0x000004b2       0x30 ff/ff.o
 .text.chk_chr  0x000004e2       0x1a ff/ff.o
 .text.dbc_1st  0x000004fc       0x2e ff/ff.o
 .text.dbc_2nd  0x0000052a       0x32 ff/ff.o
 .text.clst2sect
                0x0000055c       0x5c ff/ff.o
 .text.ld_clust
                0x000005b8       0x5a ff/ff.o
 .text.st_clust
                0x00000612       0x4a ff/ff.o
 .text.create_name
                0x0000065c      0x202 ff/ff.o
 .text.get_ldnumber
                0x0000085e       0x6e ff/ff.o
 .text.putc_init
                0x000008cc       0x10 ff/ff.o
 .text.validate
                0x000008dc       0x6a ff/ff.o
 .text.sync_window
                0x00000946       0xb4 ff/ff.o
 .text.move_window
                0x000009fa       0x7c ff/ff.o
 .text.check_fs
                0x00000a76       0x8c ff/ff.o
 .text.find_volume
                0x00000b02      0x5ae ff/ff.o
 .text.put_fat  0x000010b0      0x254 ff/ff.o
 .text.get_fat  0x00001304      0x1c4 ff/ff.o
 .text.dir_sdi  0x000014c8      0x1cc ff/ff.o
 .text.create_chain
                0x00001694      0x2a2 ff/ff.o
 .text.remove_chain
                0x00001936      0x12a ff/ff.o
 .text.dir_clear
                0x00001a60       0xb0 ff/ff.o
 .text.dir_next
                0x00001b10      0x1f0 ff/ff.o
 .text.dir_find
                0x00001d00       0x80 ff/ff.o
 .text.follow_path
                0x00001d80      0x12a ff/ff.o
 .text.dir_alloc
                0x00001eaa       0x80 ff/ff.o
 .text.dir_register
                0x00001f2a       0x68 ff/ff.o
 .text.sync_fs  0x00001f92       0xe2 ff/ff.o
 .text.f_mount  0x00002074       0x8c ff/ff.o
                0x00002074                f_mount
 .text.f_open   0x00002100      0x37e ff/ff.o
                0x00002100                f_open
 .text.f_write  0x0000247e      0x394 ff/ff.o
                0x0000247e                f_write
 .text.putc_bfd
                0x00002812       0x86 ff/ff.o
 .text.putc_flush
                0x00002898       0x66 ff/ff.o
 .text.f_sync   0x000028fe      0x10e ff/ff.o
                0x000028fe                f_sync
 .text.f_close  0x00002a0c       0x3c ff/ff.o
                0x00002a0c                f_close
 .text.f_puts   0x00002a48       0x5a ff/ff.o
                0x00002a48                f_puts
 .text.power_on
                0x00002aa2       0x1e ff/mmc.o
 .text.power_off
                0x00002ac0        0xe ff/mmc.o
 .text.xchg_spi
                0x00002ace        0xc ff/mmc.o
 .text.rcvr_spi_multi
                0x00002ada       0x30 ff/mmc.o
 .text.xmit_spi_multi
                0x00002b0a       0x28 ff/mmc.o
 .text.wait_ready
                0x00002b32       0x3a ff/mmc.o
 .text.deselect
                0x00002b6c        0xe ff/mmc.o
 .text.select   0x00002b7a       0x30 ff/mmc.o
 .text.rcvr_datablock
                0x00002baa       0x50 ff/mmc.o
 .text.xmit_datablock
                0x00002bfa       0x58 ff/mmc.o
 .text.send_cmd
                0x00002c52       0x98 ff/mmc.o
 .text.mmc_disk_initialize
                0x00002cea      0x1ae ff/mmc.o
                0x00002cea                mmc_disk_initialize
 .text.mmc_disk_status
                0x00002e98        0x6 ff/mmc.o
                0x00002e98                mmc_disk_status
 .text.mmc_disk_read
                0x00002e9e       0x9c ff/mmc.o
                0x00002e9e                mmc_disk_read
 .text.mmc_disk_write
                0x00002f3a       0xde ff/mmc.o
                0x00002f3a                mmc_disk_write
 .text.mmc_disk_ioctl
                0x00003018      0x6fc ff/mmc.o
                0x00003018                mmc_disk_ioctl
 .text.disk_timerproc
                0x00003714       0x28 ff/mmc.o
                0x00003714                disk_timerproc
 .text.disk_initialize
                0x0000373c        0x6 ff/mmc.o
                0x0000373c                disk_initialize
 .text.disk_status
                0x00003742        0x6 ff/mmc.o
                0x00003742                disk_status
 .text.disk_read
                0x00003748       0x16 ff/mmc.o
                0x00003748                disk_read
 .text.disk_write
                0x0000375e       0x16 ff/mmc.o
                0x0000375e                disk_write
 .text.disk_ioctl
                0x00003774        0xa ff/mmc.o
                0x00003774                disk_ioctl
 .text.get_fattime
                0x0000377e       0xc0 ff/rtc.o
                0x0000377e                get_fattime
 .text._ZL15initialize_portv
                0x0000383e       0x50 main.o
 .text._ZL16initialize_timerv
                0x0000388e       0x4c main.o
 .text._ZL14readGlbVoltagev
                0x000038da       0xca main.o
 .text._ZL14readVelVoltagev
                0x000039a4       0xca main.o
 .text._ZL13solve_commandv
                0x00003a6e      0x3e6 main.o
 .text._ZL14append_commandv
                0x00003e54       0x96 main.o
 .text._ZL11writeSDcard2tmPKc
                0x00003eea      0x10a main.o
 .text.main     0x00003ff4      0x11a main.o
                0x00003ff4                main
 .text.__vector_18
                0x0000410e       0xea main.o
                0x0000410e                __vector_18
 .text.__vector_11
                0x000041f8       0x48 main.o
                0x000041f8                __vector_11
 .text.__vector_9
                0x00004240      0x87e main.o
                0x00004240                __vector_9
 .text.__vector_1
                0x00004abe       0x8e main.o
                0x00004abe                __vector_1
 .text._ZN9my_eeprom20LoadCorrectionFactorEv
                0x00004b4c      0x2ae my_eeprom.o
                0x00004b4c                _ZN9my_eeprom20LoadCorrectionFactorEv
 .text._ZN9my_eeprom19SetCorrectionFactorEPKc
                0x00004dfa      0x514 my_eeprom.o
                0x00004dfa                _ZN9my_eeprom19SetCorrectionFactorEPKc
 .text._ZN9my_eeprom26MakeCorrectionFactorStringEPcPKc
                0x0000530e      0x294 my_eeprom.o
                0x0000530e                _ZN9my_eeprom26MakeCorrectionFactorStringEPcPKc
 .text._ZN9my_eeprom22LoadMeasurementSettingEv
                0x000055a2       0xca my_eeprom.o
                0x000055a2                _ZN9my_eeprom22LoadMeasurementSettingEv
 .text._ZN9my_eeprom21SetMeasurementSettingEv
                0x0000566c       0xd4 my_eeprom.o
                0x0000566c                _ZN9my_eeprom21SetMeasurementSettingEv
 .text._ZL10_bus_delayv
                0x00005740        0xa my_i2c.o
 .text._ZL11SCL_SetHighv
                0x0000574a        0xc my_i2c.o
 .text._ZL10SCL_SetLowv
                0x00005756        0xc my_i2c.o
 .text._ZL10_bus_startv
                0x00005762       0x16 my_i2c.o
 .text._ZL10_bus_writeh
                0x00005778       0x68 my_i2c.o
 .text._ZL12_bus_q_delayv
                0x000057e0        0x8 my_i2c.o
 .text._ZL9_bus_stopv
                0x000057e8       0x20 my_i2c.o
 .text._ZL9_bus_readb
                0x00005808       0x6c my_i2c.o
 .text._ZN6my_i2c13InitializeI2CEv
                0x00005874        0xe my_i2c.o
                0x00005874                _ZN6my_i2c13InitializeI2CEv
 .text._ZN6my_i2c13InitializeOPTEh
                0x00005882       0x54 my_i2c.o
                0x00005882                _ZN6my_i2c13InitializeOPTEh
 .text._ZN6my_i2c9ReadAHT20EPfS0_
                0x000058d6      0x27a my_i2c.o
                0x000058d6                _ZN6my_i2c9ReadAHT20EPfS0_
 .text._ZN6my_i2c7ReadOPTEh
                0x00005b50       0xcc my_i2c.o
                0x00005b50                _ZN6my_i2c7ReadOPTEh
 .text._ZN7my_uart10InitializeEv
                0x00005c1c       0x18 my_uart.o
                0x00005c1c                _ZN7my_uart10InitializeEv
 .text._ZN7my_uart9send_charEh
                0x00005c34        0xe my_uart.o
                0x00005c34                _ZN7my_uart9send_charEh
 .text._ZN7my_xbee15get_char_lengthEPKc
                0x00005c42       0x18 my_xbee.o
                0x00005c42                _ZN7my_xbee15get_char_lengthEPKc
 .text._ZN7my_xbee8add_csumEic
                0x00005c5a        0x8 my_xbee.o
                0x00005c5a                _ZN7my_xbee8add_csumEic
 .text._ZN7my_xbee8tx_charsEPKc
                0x00005c62       0xd8 my_xbee.o
                0x00005c62                _ZN7my_xbee8tx_charsEPKc
 .text._ZN7my_xbee8bl_charsEPKc
                0x00005d3a       0xa8 my_xbee.o
                0x00005d3a                _ZN7my_xbee8bl_charsEPKc
 .text._ZN7my_xbee10bltx_charsEPKc
                0x00005de2       0x16 my_xbee.o
                0x00005de2                _ZN7my_xbee10bltx_charsEPKc
 .text.avr-libc.fplib
                0x00005df8        0xe c:/program files (x86)/atmel/studio/7.0/toolchain/avr8/avr8-gnu-toolchain/bin/../lib/gcc/avr/5.4.0/../../../../avr/lib/avr5\libm.a(addsf3.o)
                0x00005df8                __subsf3
                0x00005dfa                __addsf3
 .text.avr-libc.fplib
                0x00005e06       0xcc c:/program files (x86)/atmel/studio/7.0/toolchain/avr8/avr8-gnu-toolchain/bin/../lib/gcc/avr/5.4.0/../../../../avr/lib/avr5\libm.a(addsf3x.o)
                0x00005e28                __addsf3x
 .text.avr-libc.fplib
                0x00005ed2        0xa c:/program files (x86)/atmel/studio/7.0/toolchain/avr8/avr8-gnu-toolchain/bin/../lib/gcc/avr/5.4.0/../../../../avr/lib/avr5\libm.a(cmpsf2.o)
                0x00005ed2                __nesf2
                0x00005ed2                __eqsf2
                0x00005ed2                __cmpsf2
                0x00005ed2                __ltsf2
                0x00005ed2                __lesf2
 .text.avr-libc.fplib
                0x00005edc        0x8 c:/program files (x86)/atmel/studio/7.0/toolchain/avr8/avr8-gnu-toolchain/bin/../lib/gcc/avr/5.4.0/../../../../avr/lib/avr5\libm.a(divsf3.o)
                0x00005edc                __divsf3
 .text.avr-libc.fplib
                0x00005ee4       0xdc c:/program files (x86)/atmel/studio/7.0/toolchain/avr8/avr8-gnu-toolchain/bin/../lib/gcc/avr/5.4.0/../../../../avr/lib/avr5\libm.a(divsf3x.o)
                0x00005f04                __divsf3x
                0x00005f0a                __divsf3_pse
 .text.avr-libc.fplib
                0x00005fc0       0x7a c:/program files (x86)/atmel/studio/7.0/toolchain/avr8/avr8-gnu-toolchain/bin/../lib/gcc/avr/5.4.0/../../../../avr/lib/avr5\libm.a(floatsisf.o)
                0x00005fc0                __floatunsisf
                0x00005fc4                __floatsisf
 .text.avr-libc.fplib
                0x0000603a       0x48 c:/program files (x86)/atmel/studio/7.0/toolchain/avr8/avr8-gnu-toolchain/bin/../lib/gcc/avr/5.4.0/../../../../avr/lib/avr5\libm.a(fp_cmp.o)
                0x0000603a                __fp_cmp
 .text.avr-libc.fplib
                0x00006082        0xc c:/program files (x86)/atmel/studio/7.0/toolchain/avr8/avr8-gnu-toolchain/bin/../lib/gcc/avr/5.4.0/../../../../avr/lib/avr5\libm.a(fp_inf.o)
                0x00006082                __fp_inf
 .text.avr-libc.fplib
                0x0000608e        0x6 c:/program files (x86)/atmel/studio/7.0/toolchain/avr8/avr8-gnu-toolchain/bin/../lib/gcc/avr/5.4.0/../../../../avr/lib/avr5\libm.a(fp_nan.o)
                0x0000608e                __fp_nan
 .text.avr-libc.fplib
                0x00006094        0xe c:/program files (x86)/atmel/studio/7.0/toolchain/avr8/avr8-gnu-toolchain/bin/../lib/gcc/avr/5.4.0/../../../../avr/lib/avr5\libm.a(fp_pscA.o)
                0x00006094                __fp_pscA
 .text.avr-libc.fplib
                0x000060a2        0xe c:/program files (x86)/atmel/studio/7.0/toolchain/avr8/avr8-gnu-toolchain/bin/../lib/gcc/avr/5.4.0/../../../../avr/lib/avr5\libm.a(fp_pscB.o)
                0x000060a2                __fp_pscB
 .text.avr-libc.fplib
                0x000060b0       0x22 c:/program files (x86)/atmel/studio/7.0/toolchain/avr8/avr8-gnu-toolchain/bin/../lib/gcc/avr/5.4.0/../../../../avr/lib/avr5\libm.a(fp_round.o)
                0x000060b0                __fp_round
 .text.avr-libc.fplib
                0x000060d2       0x44 c:/program files (x86)/atmel/studio/7.0/toolchain/avr8/avr8-gnu-toolchain/bin/../lib/gcc/avr/5.4.0/../../../../avr/lib/avr5\libm.a(fp_split3.o)
                0x000060d2                __fp_split3
                0x000060e2                __fp_splitA
 .text.avr-libc.fplib
                0x00006116        0xe c:/program files (x86)/atmel/studio/7.0/toolchain/avr8/avr8-gnu-toolchain/bin/../lib/gcc/avr/5.4.0/../../../../avr/lib/avr5\libm.a(fp_zero.o)
                0x00006116                __fp_zero
                0x00006118                __fp_szero
 .text.avr-libc.fplib
                0x00006124        0xa c:/program files (x86)/atmel/studio/7.0/toolchain/avr8/avr8-gnu-toolchain/bin/../lib/gcc/avr/5.4.0/../../../../avr/lib/avr5\libm.a(gesf2.o)
                0x00006124                __gesf2
                0x00006124                __gtsf2
 .text.avr-libc.fplib
                0x0000612e        0x8 c:/program files (x86)/atmel/studio/7.0/toolchain/avr8/avr8-gnu-toolchain/bin/../lib/gcc/avr/5.4.0/../../../../avr/lib/avr5\libm.a(mulsf3.o)
                0x0000612e                __mulsf3
 .text.avr-libc.fplib
                0x00006136       0xd2 c:/program files (x86)/atmel/studio/7.0/toolchain/avr8/avr8-gnu-toolchain/bin/../lib/gcc/avr/5.4.0/../../../../avr/lib/avr5\libm.a(mulsf3x.o)
                0x00006154                __mulsf3x
                0x0000615a                __mulsf3_pse
 .text.avr-libc.fplib
                0x00006208       0xa0 c:/program files (x86)/atmel/studio/7.0/toolchain/avr8/avr8-gnu-toolchain/bin/../lib/gcc/avr/5.4.0/../../../../avr/lib/avr5\libm.a(pow.o)
                0x00006208                pow
 .text.avr-libc.fplib
                0x000062a8       0x74 c:/program files (x86)/atmel/studio/7.0/toolchain/avr8/avr8-gnu-toolchain/bin/../lib/gcc/avr/5.4.0/../../../../avr/lib/avr5\libm.a(exp.o)
                0x000062b8                exp
 .text.avr-libc.fplib
                0x0000631c       0x4e c:/program files (x86)/atmel/studio/7.0/toolchain/avr8/avr8-gnu-toolchain/bin/../lib/gcc/avr/5.4.0/../../../../avr/lib/avr5\libm.a(fp_powser.o)
                0x0000631c                __fp_powser
 .text.avr-libc.fplib
                0x0000636a       0x10 c:/program files (x86)/atmel/studio/7.0/toolchain/avr8/avr8-gnu-toolchain/bin/../lib/gcc/avr/5.4.0/../../../../avr/lib/avr5\libm.a(inverse.o)
                0x0000636a                inverse
 .text.avr-libc.fplib
                0x0000637a       0x74 c:/program files (x86)/atmel/studio/7.0/toolchain/avr8/avr8-gnu-toolchain/bin/../lib/gcc/avr/5.4.0/../../../../avr/lib/avr5\libm.a(ldexp.o)
                0x00006382                ldexp
 .text.avr-libc.fplib
                0x000063ee       0xa0 c:/program files (x86)/atmel/studio/7.0/toolchain/avr8/avr8-gnu-toolchain/bin/../lib/gcc/avr/5.4.0/../../../../avr/lib/avr5\libm.a(log.o)
                0x000063fe                log
 .text.avr-libc.fplib
                0x0000648e       0x68 c:/program files (x86)/atmel/studio/7.0/toolchain/avr8/avr8-gnu-toolchain/bin/../lib/gcc/avr/5.4.0/../../../../avr/lib/avr5\libm.a(modf.o)
                0x0000648e                modf
                0x0000648e                modff
 .text.avr-libc.fplib
                0x000064f6       0x1c c:/program files (x86)/atmel/studio/7.0/toolchain/avr8/avr8-gnu-toolchain/bin/../lib/gcc/avr/5.4.0/../../../../avr/lib/avr5\libm.a(fp_mpack.o)
                0x000064f6                __fp_mpack
                0x000064fa                __fp_mpack_finite
 .text.libgcc.div
                0x00006512       0x44 c:/program files (x86)/atmel/studio/7.0/toolchain/avr8/avr8-gnu-toolchain/bin/../lib/gcc/avr/5.4.0/avr5\libgcc.a(_udivmodsi4.o)
                0x00006512                __udivmodsi4
 .text.libgcc   0x00006556        0xc c:/program files (x86)/atmel/studio/7.0/toolchain/avr8/avr8-gnu-toolchain/bin/../lib/gcc/avr/5.4.0/avr5\libgcc.a(_tablejump2.o)
                0x00006556                __tablejump2__
 .text.libgcc.mul
                0x00006562       0x1e c:/program files (x86)/atmel/studio/7.0/toolchain/avr8/avr8-gnu-toolchain/bin/../lib/gcc/avr/5.4.0/avr5\libgcc.a(_umulhisi3.o)
                0x00006562                __umulhisi3
 .text.libgcc.mul
                0x00006580       0x16 c:/program files (x86)/atmel/studio/7.0/toolchain/avr8/avr8-gnu-toolchain/bin/../lib/gcc/avr/5.4.0/avr5\libgcc.a(_muluhisi3.o)
                0x00006580                __muluhisi3
 .text.avr-libc
                0x00006596       0x40 c:/program files (x86)/atmel/studio/7.0/toolchain/avr8/avr8-gnu-toolchain/bin/../lib/gcc/avr/5.4.0/../../../../avr/lib/avr5\libc.a(dtostrf.o)
                0x00006596                dtostrf
 .text.avr-libc
                0x000065d6      0x242 c:/program files (x86)/atmel/studio/7.0/toolchain/avr8/avr8-gnu-toolchain/bin/../lib/gcc/avr/5.4.0/../../../../avr/lib/avr5\libc.a(malloc.o)
                0x000065d6                malloc
                0x00006706                free
 .text.avr-libc
                0x00006818       0x3c c:/program files (x86)/atmel/studio/7.0/toolchain/avr8/avr8-gnu-toolchain/bin/../lib/gcc/avr/5.4.0/../../../../avr/lib/avr5\libc.a(atoi.o)
                0x00006818                atoi
 .text.avr-libc
                0x00006854       0x4e c:/program files (x86)/atmel/studio/7.0/toolchain/avr8/avr8-gnu-toolchain/bin/../lib/gcc/avr/5.4.0/../../../../avr/lib/avr5\libc.a(atol.o)
                0x00006854                atol
 .text.avr-libc
                0x000068a2       0x1c c:/program files (x86)/atmel/studio/7.0/toolchain/avr8/avr8-gnu-toolchain/bin/../lib/gcc/avr/5.4.0/../../../../avr/lib/avr5\libc.a(strncmp.o)
                0x000068a2                strncmp
 .text.avr-libc
                0x000068be       0x1e c:/program files (x86)/atmel/studio/7.0/toolchain/avr8/avr8-gnu-toolchain/bin/../lib/gcc/avr/5.4.0/../../../../avr/lib/avr5\libc.a(strncpy.o)
                0x000068be                strncpy
 .text.avr-libc
                0x000068dc       0x2a c:/program files (x86)/atmel/studio/7.0/toolchain/avr8/avr8-gnu-toolchain/bin/../lib/gcc/avr/5.4.0/../../../../avr/lib/avr5\libc.a(mulsi10.o)
                0x000068dc                __mulsi_const_10
 .text.avr-libc
                0x00006906       0x10 c:/program files (x86)/atmel/studio/7.0/toolchain/avr8/avr8-gnu-toolchain/bin/../lib/gcc/avr/5.4.0/../../../../avr/lib/avr5\libc.a(mul10.o)
                0x00006906                __mulhi_const_10
 .text.avr-libc
                0x00006916       0x60 c:/program files (x86)/atmel/studio/7.0/toolchain/avr8/avr8-gnu-toolchain/bin/../lib/gcc/avr/5.4.0/../../../../avr/lib/avr5\libc.a(snprintf.o)
                0x00006916                snprintf
 .text.avr-libc
                0x00006976       0x44 c:/program files (x86)/atmel/studio/7.0/toolchain/avr8/avr8-gnu-toolchain/bin/../lib/gcc/avr/5.4.0/../../../../avr/lib/avr5\libc.a(sprintf.o)
                0x00006976                sprintf
 .text.avr-libc
                0x000069ba      0x3c2 c:/program files (x86)/atmel/studio/7.0/toolchain/avr8/avr8-gnu-toolchain/bin/../lib/gcc/avr/5.4.0/../../../../avr/lib/avr5\libc.a(vfprintf_std.o)
                0x000069ba                vfprintf
 .text.avr-libc
                0x00006d7c      0x2b4 c:/program files (x86)/atmel/studio/7.0/toolchain/avr8/avr8-gnu-toolchain/bin/../lib/gcc/avr/5.4.0/../../../../avr/lib/avr5\libc.a(dtoa_prf.o)
                0x00006d7c                dtoa_prf
 .text.avr-libc
                0x00007030      0x1b0 c:/program files (x86)/atmel/studio/7.0/toolchain/avr8/avr8-gnu-toolchain/bin/../lib/gcc/avr/5.4.0/../../../../avr/lib/avr5\libc.a(ftoa_engine.o)
                0x00007030                __ftoa_engine
 .text.avr-libc
                0x000071e0       0x16 c:/program files (x86)/atmel/studio/7.0/toolchain/avr8/avr8-gnu-toolchain/bin/../lib/gcc/avr/5.4.0/../../../../avr/lib/avr5\libc.a(strnlen_P.o)
                0x000071e0                strnlen_P
 .text.avr-libc
                0x000071f6       0x16 c:/program files (x86)/atmel/studio/7.0/toolchain/avr8/avr8-gnu-toolchain/bin/../lib/gcc/avr/5.4.0/../../../../avr/lib/avr5\libc.a(strnlen.o)
                0x000071f6                strnlen
 .text.avr-libc
                0x0000720c       0x78 c:/program files (x86)/atmel/studio/7.0/toolchain/avr8/avr8-gnu-toolchain/bin/../lib/gcc/avr/5.4.0/../../../../avr/lib/avr5\libc.a(fputc.o)
                0x0000720c                fputc
 .text.avr-libc
                0x00007284       0xbc c:/program files (x86)/atmel/studio/7.0/toolchain/avr8/avr8-gnu-toolchain/bin/../lib/gcc/avr/5.4.0/../../../../avr/lib/avr5\libc.a(ultoa_invert.o)
                0x00007284                __ultoa_invert
 .text.avr-libc
                0x00007340       0x10 C:/Program Files (x86)/Atmel/Studio/7.0/Packs/atmel/ATmega_DFP/1.6.364/gcc/dev/atmega328p/avr5\libatmega328p.a(eerd_byte.o)
                0x00007340                eeprom_read_byte
 .text.avr-libc
                0x00007350        0xc C:/Program Files (x86)/Atmel/Studio/7.0/Packs/atmel/ATmega_DFP/1.6.364/gcc/dev/atmega328p/avr5\libatmega328p.a(eerd_dword.o)
                0x00007350                eeprom_read_float
                0x00007350                eeprom_read_dword
 .text.avr-libc
                0x0000735c        0xc C:/Program Files (x86)/Atmel/Studio/7.0/Packs/atmel/ATmega_DFP/1.6.364/gcc/dev/atmega328p/avr5\libatmega328p.a(eerd_word.o)
                0x0000735c                eeprom_read_word
 .text.avr-libc
                0x00007368       0x24 C:/Program Files (x86)/Atmel/Studio/7.0/Packs/atmel/ATmega_DFP/1.6.364/gcc/dev/atmega328p/avr5\libatmega328p.a(eeupd_byte.o)
                0x00007368                eeprom_update_byte
                0x0000736a                eeprom_update_r18
 .text.avr-libc
                0x0000738c       0x18 C:/Program Files (x86)/Atmel/Studio/7.0/Packs/atmel/ATmega_DFP/1.6.364/gcc/dev/atmega328p/avr5\libatmega328p.a(eeupd_dword.o)
                0x0000738c                eeprom_update_float
                0x0000738c                eeprom_update_dword
 .text.avr-libc
                0x000073a4        0xc C:/Program Files (x86)/Atmel/Studio/7.0/Packs/atmel/ATmega_DFP/1.6.364/gcc/dev/atmega328p/avr5\libatmega328p.a(eeupd_word.o)
                0x000073a4                eeprom_update_word
 .text.avr-libc
                0x000073b0       0x1c C:/Program Files (x86)/Atmel/Studio/7.0/Packs/atmel/ATmega_DFP/1.6.364/gcc/dev/atmega328p/avr5\libatmega328p.a(eewr_byte.o)
                0x000073b0                eeprom_write_byte
                0x000073b2                eeprom_write_r18
 .text.avr-libc
                0x000073cc       0x20 C:/Program Files (x86)/Atmel/Studio/7.0/Packs/atmel/ATmega_DFP/1.6.364/gcc/dev/atmega328p/avr5\libatmega328p.a(eerd_block.o)
                0x000073cc                eeprom_read_block
                0x000073d0                eeprom_read_blraw
 .text.libgcc.div
                0x000073ec       0x28 c:/program files (x86)/atmel/studio/7.0/toolchain/avr8/avr8-gnu-toolchain/bin/../lib/gcc/avr/5.4.0/avr5\libgcc.a(_udivmodhi4.o)
                0x000073ec                __udivmodhi4
 .text.libgcc.div
                0x00007414       0x28 c:/program files (x86)/atmel/studio/7.0/toolchain/avr8/avr8-gnu-toolchain/bin/../lib/gcc/avr/5.4.0/avr5\libgcc.a(_divmodhi4.o)
                0x00007414                _div
                0x00007414                __divmodhi4
 .text.libgcc.div
                0x0000743c       0x2e c:/program files (x86)/atmel/studio/7.0/toolchain/avr8/avr8-gnu-toolchain/bin/../lib/gcc/avr/5.4.0/avr5\libgcc.a(_divmodsi4.o)
                0x0000743c                __divmodsi4
 .text.libgcc.div
                0x0000746a       0x10 c:/program files (x86)/atmel/studio/7.0/toolchain/avr8/avr8-gnu-toolchain/bin/../lib/gcc/avr/5.4.0/avr5\libgcc.a(_negsi2.o)
                0x0000746a                __negsi2
 .text.libgcc.prologue
                0x0000747a       0x38 c:/program files (x86)/atmel/studio/7.0/toolchain/avr8/avr8-gnu-toolchain/bin/../lib/gcc/avr/5.4.0/avr5\libgcc.a(_prologue.o)
                0x0000747a                __prologue_saves__
 .text.libgcc.prologue
                0x000074b2       0x36 c:/program files (x86)/atmel/studio/7.0/toolchain/avr8/avr8-gnu-toolchain/bin/../lib/gcc/avr/5.4.0/avr5\libgcc.a(_epilogue.o)
                0x000074b2                __epilogue_restores__
                0x000074e8                . = ALIGN (0x2)
 *(.fini9)
 .fini9         0x000074e8        0x0 c:/program files (x86)/atmel/studio/7.0/toolchain/avr8/avr8-gnu-toolchain/bin/../lib/gcc/avr/5.4.0/avr5\libgcc.a(_exit.o)
                0x000074e8                _exit
                0x000074e8                exit
 *(.fini9)
 *(.fini8)
 *(.fini8)
 *(.fini7)
 *(.fini7)
 *(.fini6)
 *(.fini6)
 *(.fini5)
 *(.fini5)
 *(.fini4)
 *(.fini4)
 *(.fini3)
 *(.fini3)
 *(.fini2)
 *(.fini2)
 *(.fini1)
 *(.fini1)
 *(.fini0)
 .fini0         0x000074e8        0x4 c:/program files (x86)/atmel/studio/7.0/toolchain/avr8/avr8-gnu-toolchain/bin/../lib/gcc/avr/5.4.0/avr5\libgcc.a(_exit.o)
 *(.fini0)
                0x000074ec                _etext = .

.data           0x00800100      0x134 load address 0x000074ec
                0x00800100                PROVIDE (__data_start, .)
 *(.data)
 .data          0x00800100        0x6 c:/program files (x86)/atmel/studio/7.0/toolchain/avr8/avr8-gnu-toolchain/bin/../lib/gcc/avr/5.4.0/../../../../avr/lib/avr5\libc.a(malloc.o)
                0x00800100                __malloc_heap_end
                0x00800102                __malloc_heap_start
                0x00800104                __malloc_margin
 *(.data*)
 .data.Stat     0x00800106        0x1 ff/mmc.o
 .data._ZL12outputToXBee
                0x00800107        0x1 main.o
 .data._ZL10xbeeOffset
                0x00800108        0x1 main.o
 .data._ZL9startTime
                0x00800109        0x4 main.o
 .data._ZN9my_eeprom12interval_illE
                0x0080010d        0x2 my_eeprom.o
                0x0080010d                _ZN9my_eeprom12interval_illE
 .data._ZN9my_eeprom12interval_velE
                0x0080010f        0x2 my_eeprom.o
                0x0080010f                _ZN9my_eeprom12interval_velE
 .data._ZN9my_eeprom12interval_glbE
                0x00800111        0x2 my_eeprom.o
                0x00800111                _ZN9my_eeprom12interval_glbE
 .data._ZN9my_eeprom11interval_thE
                0x00800113        0x2 my_eeprom.o
                0x00800113                _ZN9my_eeprom11interval_thE
 .data._ZN9my_eeprom11measure_illE
                0x00800115        0x1 my_eeprom.o
                0x00800115                _ZN9my_eeprom11measure_illE
 .data._ZN9my_eeprom11measure_velE
                0x00800116        0x1 my_eeprom.o
                0x00800116                _ZN9my_eeprom11measure_velE
 .data._ZN9my_eeprom11measure_glbE
                0x00800117        0x1 my_eeprom.o
                0x00800117                _ZN9my_eeprom11measure_glbE
 .data._ZN9my_eeprom10measure_thE
                0x00800118        0x1 my_eeprom.o
                0x00800118                _ZN9my_eeprom10measure_thE
 .data._ZN9my_eeprom7Cf_vel0E
                0x00800119        0x4 my_eeprom.o
                0x00800119                _ZN9my_eeprom7Cf_vel0E
 .data._ZN9my_eeprom7Cf_velAE
                0x0080011d        0x4 my_eeprom.o
                0x0080011d                _ZN9my_eeprom7Cf_velAE
 .data._ZN9my_eeprom7Cf_luxAE
                0x00800121        0x4 my_eeprom.o
                0x00800121                _ZN9my_eeprom7Cf_luxAE
 .data._ZN9my_eeprom7Cf_glbAE
                0x00800125        0x4 my_eeprom.o
                0x00800125                _ZN9my_eeprom7Cf_glbAE
 .data._ZN9my_eeprom7Cf_hmdAE
                0x00800129        0x4 my_eeprom.o
                0x00800129                _ZN9my_eeprom7Cf_hmdAE
 .data._ZN9my_eeprom7Cf_dbtAE
                0x0080012d        0x4 my_eeprom.o
                0x0080012d                _ZN9my_eeprom7Cf_dbtAE
 *(.gnu.linkonce.d*)
 *(.rodata)
 *(.rodata*)
 .rodata.str1.1
                0x00800131       0x19 ff/ff.o
 .rodata.str1.1
                0x0080014a       0xc4 main.o
                                 0xc5 (size before relaxing)
 .rodata.str1.1
                0x0080020e       0x25 my_eeprom.o
 *(.gnu.linkonce.r*)
                0x00800234                . = ALIGN (0x2)
 *fill*         0x00800233        0x1 
                0x00800234                _edata = .
                0x00800234                PROVIDE (__data_end, .)

.bss            0x00800234      0x16c
                0x00800234                PROVIDE (__bss_start, .)
 *(.bss)
 *(.bss*)
 .bss.Fsid      0x00800234        0x2 ff/ff.o
 .bss.FatFs     0x00800236        0x2 ff/ff.o
 .bss.CardType  0x00800238        0x1 ff/mmc.o
 .bss.Timer2    0x00800239        0x1 ff/mmc.o
 .bss.Timer1    0x0080023a        0x1 ff/mmc.o
 .bss._ZL8charBuff
                0x0080023b       0x64 main.o
 .bss._ZL7fatFile
                0x0080029f        0x2 main.o
 .bss._ZL7fSystem
                0x008002a1        0x2 main.o
 .bss.initSD    0x008002a3        0x1 main.o
                0x008002a3                initSD
 .bss._ZL7wc_time
                0x008002a4        0x1 main.o
 .bss._ZL8pass_ill
                0x008002a5        0x2 main.o
 .bss._ZL8pass_vel
                0x008002a7        0x2 main.o
 .bss._ZL8pass_glb
                0x008002a9        0x2 main.o
 .bss._ZL7pass_th
                0x008002ab        0x2 main.o
 .bss._ZL14outputToSDCard
                0x008002ad        0x1 main.o
 .bss._ZL11outputToBLE
                0x008002ae        0x1 main.o
 .bss._ZL7cmdBuff
                0x008002af       0x64 main.o
 .bss._ZL9frameBuff
                0x00800313       0x64 main.o
 .bss._ZL9frameSize
                0x00800377        0x1 main.o
 .bss._ZL13framePosition
                0x00800378        0x1 main.o
 .bss._ZL12readingFrame
                0x00800379        0x1 main.o
 .bss._ZL7logging
                0x0080037a        0x1 main.o
 .bss._ZL11currentTime
                0x0080037b        0x4 main.o
 .bss.myRTC     0x0080037f        0x8 main.o
                0x0080037f                myRTC
 .bss._ZN9my_eeprom9startAutoE
                0x00800387        0x1 my_eeprom.o
                0x00800387                _ZN9my_eeprom9startAutoE
 .bss._ZN9my_eeprom7Cf_velBE
                0x00800388        0x4 my_eeprom.o
                0x00800388                _ZN9my_eeprom7Cf_velBE
 .bss._ZN9my_eeprom7Cf_luxBE
                0x0080038c        0x4 my_eeprom.o
                0x0080038c                _ZN9my_eeprom7Cf_luxBE
 .bss._ZN9my_eeprom7Cf_glbBE
                0x00800390        0x4 my_eeprom.o
                0x00800390                _ZN9my_eeprom7Cf_glbBE
 .bss._ZN9my_eeprom7Cf_hmdBE
                0x00800394        0x4 my_eeprom.o
                0x00800394                _ZN9my_eeprom7Cf_hmdBE
 .bss._ZN9my_eeprom7Cf_dbtBE
                0x00800398        0x4 my_eeprom.o
                0x00800398                _ZN9my_eeprom7Cf_dbtBE
 *(COMMON)
 COMMON         0x0080039c        0x4 c:/program files (x86)/atmel/studio/7.0/toolchain/avr8/avr8-gnu-toolchain/bin/../lib/gcc/avr/5.4.0/../../../../avr/lib/avr5\libc.a(malloc.o)
                0x0080039c                __brkval
                0x0080039e                __flp
                0x008003a0                PROVIDE (__bss_end, .)
                0x000074ec                __data_load_start = LOADADDR (.data)
                0x00007620                __data_load_end = (__data_load_start + SIZEOF (.data))

.noinit         0x008003a0        0x0
                [!provide]                PROVIDE (__noinit_start, .)
 *(.noinit*)
                [!provide]                PROVIDE (__noinit_end, .)
                0x008003a0                _end = .
                0x008003a0                PROVIDE (__heap_start, .)

.eeprom         0x00810000       0x3a
 *(.eeprom*)
 .eeprom        0x00810000       0x3a my_eeprom.o
                0x0081003a                __eeprom_end = .

.fuse
 *(.fuse)
 *(.lfuse)
 *(.hfuse)
 *(.efuse)

.lock
 *(.lock*)

.signature
 *(.signature*)

.user_signatures
 *(.user_signatures*)

.stab
 *(.stab)

.stabstr
 *(.stabstr)

.stab.excl
 *(.stab.excl)

.stab.exclstr
 *(.stab.exclstr)

.stab.index
 *(.stab.index)

.stab.indexstr
 *(.stab.indexstr)

.comment        0x00000000       0x5c
 *(.comment)
 .comment       0x00000000       0x30 ff/ff.o
                                 0x31 (size before relaxing)
 .comment       0x00000030       0x31 ff/mmc.o
 .comment       0x00000030       0x31 ff/rtc.o
 .comment       0x00000030       0x31 main.o
 .comment       0x00000030       0x31 my_eeprom.o
 .comment       0x00000030       0x31 my_i2c.o
 .comment       0x00000030       0x31 my_uart.o
 .comment       0x00000030       0x31 my_xbee.o
 .comment       0x00000030       0x31 c:/program files (x86)/atmel/studio/7.0/toolchain/avr8/avr8-gnu-toolchain/bin/../lib/gcc/avr/5.4.0/../../../../avr/lib/avr5\libc.a(dtostrf.o)
 .comment       0x00000030       0x31 c:/program files (x86)/atmel/studio/7.0/toolchain/avr8/avr8-gnu-toolchain/bin/../lib/gcc/avr/5.4.0/../../../../avr/lib/avr5\libc.a(malloc.o)
 .comment       0x00000030       0x31 c:/program files (x86)/atmel/studio/7.0/toolchain/avr8/avr8-gnu-toolchain/bin/../lib/gcc/avr/5.4.0/../../../../avr/lib/avr5\libc.a(snprintf.o)
 .comment       0x00000030       0x31 c:/program files (x86)/atmel/studio/7.0/toolchain/avr8/avr8-gnu-toolchain/bin/../lib/gcc/avr/5.4.0/../../../../avr/lib/avr5\libc.a(sprintf.o)
 .comment       0x00000030       0x31 c:/program files (x86)/atmel/studio/7.0/toolchain/avr8/avr8-gnu-toolchain/bin/../lib/gcc/avr/5.4.0/../../../../avr/lib/avr5\libc.a(gmtime_r.o)
 .comment       0x00000030       0x2c c:/program files (x86)/atmel/studio/7.0/toolchain/avr8/avr8-gnu-toolchain/bin/../lib/gcc/avr/5.4.0/../../../../avr/lib/avr5\libc.a(vfprintf_std.o)
                                 0x2d (size before relaxing)
 .comment       0x0000005c       0x31 c:/program files (x86)/atmel/studio/7.0/toolchain/avr8/avr8-gnu-toolchain/bin/../lib/gcc/avr/5.4.0/../../../../avr/lib/avr5\libc.a(dtoa_prf.o)
 .comment       0x0000005c       0x31 c:/program files (x86)/atmel/studio/7.0/toolchain/avr8/avr8-gnu-toolchain/bin/../lib/gcc/avr/5.4.0/../../../../avr/lib/avr5\libc.a(fputc.o)

.note.gnu.avr.deviceinfo
                0x00000000       0x40
 .note.gnu.avr.deviceinfo
                0x00000000       0x40 C:/Program Files (x86)/Atmel/Studio/7.0/Packs/atmel/ATmega_DFP/1.6.364/gcc/dev/atmega328p/avr5/crtatmega328p.o

.note.gnu.build-id
 *(.note.gnu.build-id)

.debug
 *(.debug)

.line
 *(.line)

.debug_srcinfo
 *(.debug_srcinfo)

.debug_sfnames
 *(.debug_sfnames)

.debug_aranges  0x00000000      0x550
 *(.debug_aranges)
 .debug_aranges
                0x00000000      0x188 ff/ff.o
 .debug_aranges
                0x00000188       0xc8 ff/mmc.o
 .debug_aranges
                0x00000250       0x48 ff/rtc.o
 .debug_aranges
                0x00000298       0x78 main.o
 .debug_aranges
                0x00000310       0x40 my_eeprom.o
 .debug_aranges
                0x00000350       0x88 my_i2c.o
 .debug_aranges
                0x000003d8       0x38 my_uart.o
 .debug_aranges
                0x00000410       0x40 my_xbee.o
 .debug_aranges
                0x00000450       0x20 C:/Program Files (x86)/Atmel/Studio/7.0/Packs/atmel/ATmega_DFP/1.6.364/gcc/dev/atmega328p/avr5\libatmega328p.a(eerd_byte.o)
 .debug_aranges
                0x00000470       0x20 C:/Program Files (x86)/Atmel/Studio/7.0/Packs/atmel/ATmega_DFP/1.6.364/gcc/dev/atmega328p/avr5\libatmega328p.a(eerd_dword.o)
 .debug_aranges
                0x00000490       0x20 C:/Program Files (x86)/Atmel/Studio/7.0/Packs/atmel/ATmega_DFP/1.6.364/gcc/dev/atmega328p/avr5\libatmega328p.a(eerd_word.o)
 .debug_aranges
                0x000004b0       0x20 C:/Program Files (x86)/Atmel/Studio/7.0/Packs/atmel/ATmega_DFP/1.6.364/gcc/dev/atmega328p/avr5\libatmega328p.a(eeupd_byte.o)
 .debug_aranges
                0x000004d0       0x20 C:/Program Files (x86)/Atmel/Studio/7.0/Packs/atmel/ATmega_DFP/1.6.364/gcc/dev/atmega328p/avr5\libatmega328p.a(eeupd_dword.o)
 .debug_aranges
                0x000004f0       0x20 C:/Program Files (x86)/Atmel/Studio/7.0/Packs/atmel/ATmega_DFP/1.6.364/gcc/dev/atmega328p/avr5\libatmega328p.a(eeupd_word.o)
 .debug_aranges
                0x00000510       0x20 C:/Program Files (x86)/Atmel/Studio/7.0/Packs/atmel/ATmega_DFP/1.6.364/gcc/dev/atmega328p/avr5\libatmega328p.a(eewr_byte.o)
 .debug_aranges
                0x00000530       0x20 C:/Program Files (x86)/Atmel/Studio/7.0/Packs/atmel/ATmega_DFP/1.6.364/gcc/dev/atmega328p/avr5\libatmega328p.a(eerd_block.o)

.debug_pubnames
 *(.debug_pubnames)

.debug_info     0x00000000     0x9057
 *(.debug_info .gnu.linkonce.wi.*)
 .debug_info    0x00000000      0x5f4 C:/Program Files (x86)/Atmel/Studio/7.0/Packs/atmel/ATmega_DFP/1.6.364/gcc/dev/atmega328p/avr5/crtatmega328p.o
 .debug_info    0x000005f4     0x2cec ff/ff.o
 .debug_info    0x000032e0     0x1129 ff/mmc.o
 .debug_info    0x00004409      0x2a1 ff/rtc.o
 .debug_info    0x000046aa     0x1d38 main.o
 .debug_info    0x000063e2     0x1463 my_eeprom.o
 .debug_info    0x00007845      0xc8a my_i2c.o
 .debug_info    0x000084cf      0x173 my_uart.o
 .debug_info    0x00008642      0x53f my_xbee.o
 .debug_info    0x00008b81       0x9a C:/Program Files (x86)/Atmel/Studio/7.0/Packs/atmel/ATmega_DFP/1.6.364/gcc/dev/atmega328p/avr5\libatmega328p.a(eerd_byte.o)
 .debug_info    0x00008c1b       0x9b C:/Program Files (x86)/Atmel/Studio/7.0/Packs/atmel/ATmega_DFP/1.6.364/gcc/dev/atmega328p/avr5\libatmega328p.a(eerd_dword.o)
 .debug_info    0x00008cb6       0x9a C:/Program Files (x86)/Atmel/Studio/7.0/Packs/atmel/ATmega_DFP/1.6.364/gcc/dev/atmega328p/avr5\libatmega328p.a(eerd_word.o)
 .debug_info    0x00008d50       0x9b C:/Program Files (x86)/Atmel/Studio/7.0/Packs/atmel/ATmega_DFP/1.6.364/gcc/dev/atmega328p/avr5\libatmega328p.a(eeupd_byte.o)
 .debug_info    0x00008deb       0x9c C:/Program Files (x86)/Atmel/Studio/7.0/Packs/atmel/ATmega_DFP/1.6.364/gcc/dev/atmega328p/avr5\libatmega328p.a(eeupd_dword.o)
 .debug_info    0x00008e87       0x9b C:/Program Files (x86)/Atmel/Studio/7.0/Packs/atmel/ATmega_DFP/1.6.364/gcc/dev/atmega328p/avr5\libatmega328p.a(eeupd_word.o)
 .debug_info    0x00008f22       0x9a C:/Program Files (x86)/Atmel/Studio/7.0/Packs/atmel/ATmega_DFP/1.6.364/gcc/dev/atmega328p/avr5\libatmega328p.a(eewr_byte.o)
 .debug_info    0x00008fbc       0x9b C:/Program Files (x86)/Atmel/Studio/7.0/Packs/atmel/ATmega_DFP/1.6.364/gcc/dev/atmega328p/avr5\libatmega328p.a(eerd_block.o)

.debug_abbrev   0x00000000     0x1821
 *(.debug_abbrev)
 .debug_abbrev  0x00000000      0x5a2 C:/Program Files (x86)/Atmel/Studio/7.0/Packs/atmel/ATmega_DFP/1.6.364/gcc/dev/atmega328p/avr5/crtatmega328p.o
 .debug_abbrev  0x000005a2      0x26b ff/ff.o
 .debug_abbrev  0x0000080d      0x24a ff/mmc.o
 .debug_abbrev  0x00000a57      0x101 ff/rtc.o
 .debug_abbrev  0x00000b58      0x4c2 main.o
 .debug_abbrev  0x0000101a      0x1c4 my_eeprom.o
 .debug_abbrev  0x000011de      0x2ce my_i2c.o
 .debug_abbrev  0x000014ac      0x12c my_uart.o
 .debug_abbrev  0x000015d8      0x1a9 my_xbee.o
 .debug_abbrev  0x00001781       0x14 C:/Program Files (x86)/Atmel/Studio/7.0/Packs/atmel/ATmega_DFP/1.6.364/gcc/dev/atmega328p/avr5\libatmega328p.a(eerd_byte.o)
 .debug_abbrev  0x00001795       0x14 C:/Program Files (x86)/Atmel/Studio/7.0/Packs/atmel/ATmega_DFP/1.6.364/gcc/dev/atmega328p/avr5\libatmega328p.a(eerd_dword.o)
 .debug_abbrev  0x000017a9       0x14 C:/Program Files (x86)/Atmel/Studio/7.0/Packs/atmel/ATmega_DFP/1.6.364/gcc/dev/atmega328p/avr5\libatmega328p.a(eerd_word.o)
 .debug_abbrev  0x000017bd       0x14 C:/Program Files (x86)/Atmel/Studio/7.0/Packs/atmel/ATmega_DFP/1.6.364/gcc/dev/atmega328p/avr5\libatmega328p.a(eeupd_byte.o)
 .debug_abbrev  0x000017d1       0x14 C:/Program Files (x86)/Atmel/Studio/7.0/Packs/atmel/ATmega_DFP/1.6.364/gcc/dev/atmega328p/avr5\libatmega328p.a(eeupd_dword.o)
 .debug_abbrev  0x000017e5       0x14 C:/Program Files (x86)/Atmel/Studio/7.0/Packs/atmel/ATmega_DFP/1.6.364/gcc/dev/atmega328p/avr5\libatmega328p.a(eeupd_word.o)
 .debug_abbrev  0x000017f9       0x14 C:/Program Files (x86)/Atmel/Studio/7.0/Packs/atmel/ATmega_DFP/1.6.364/gcc/dev/atmega328p/avr5\libatmega328p.a(eewr_byte.o)
 .debug_abbrev  0x0000180d       0x14 C:/Program Files (x86)/Atmel/Studio/7.0/Packs/atmel/ATmega_DFP/1.6.364/gcc/dev/atmega328p/avr5\libatmega328p.a(eerd_block.o)

.debug_line     0x00000000     0x4ab6
 *(.debug_line .debug_line.* .debug_line_end)
 .debug_line    0x00000000      0x134 C:/Program Files (x86)/Atmel/Studio/7.0/Packs/atmel/ATmega_DFP/1.6.364/gcc/dev/atmega328p/avr5/crtatmega328p.o
 .debug_line    0x00000134     0x1d02 ff/ff.o
 .debug_line    0x00001e36      0xadc ff/mmc.o
 .debug_line    0x00002912      0x17d ff/rtc.o
 .debug_line    0x00002a8f      0xbc2 main.o
 .debug_line    0x00003651      0x689 my_eeprom.o
 .debug_line    0x00003cda      0x6e4 my_i2c.o
 .debug_line    0x000043be       0xd7 my_uart.o
 .debug_line    0x00004495      0x1fc my_xbee.o
 .debug_line    0x00004691       0x7a C:/Program Files (x86)/Atmel/Studio/7.0/Packs/atmel/ATmega_DFP/1.6.364/gcc/dev/atmega328p/avr5\libatmega328p.a(eerd_byte.o)
 .debug_line    0x0000470b       0x68 C:/Program Files (x86)/Atmel/Studio/7.0/Packs/atmel/ATmega_DFP/1.6.364/gcc/dev/atmega328p/avr5\libatmega328p.a(eerd_dword.o)
 .debug_line    0x00004773       0x67 C:/Program Files (x86)/Atmel/Studio/7.0/Packs/atmel/ATmega_DFP/1.6.364/gcc/dev/atmega328p/avr5\libatmega328p.a(eerd_word.o)
 .debug_line    0x000047da       0xb6 C:/Program Files (x86)/Atmel/Studio/7.0/Packs/atmel/ATmega_DFP/1.6.364/gcc/dev/atmega328p/avr5\libatmega328p.a(eeupd_byte.o)
 .debug_line    0x00004890       0x7b C:/Program Files (x86)/Atmel/Studio/7.0/Packs/atmel/ATmega_DFP/1.6.364/gcc/dev/atmega328p/avr5\libatmega328p.a(eeupd_dword.o)
 .debug_line    0x0000490b       0x62 C:/Program Files (x86)/Atmel/Studio/7.0/Packs/atmel/ATmega_DFP/1.6.364/gcc/dev/atmega328p/avr5\libatmega328p.a(eeupd_word.o)
 .debug_line    0x0000496d       0x9e C:/Program Files (x86)/Atmel/Studio/7.0/Packs/atmel/ATmega_DFP/1.6.364/gcc/dev/atmega328p/avr5\libatmega328p.a(eewr_byte.o)
 .debug_line    0x00004a0b       0xab C:/Program Files (x86)/Atmel/Studio/7.0/Packs/atmel/ATmega_DFP/1.6.364/gcc/dev/atmega328p/avr5\libatmega328p.a(eerd_block.o)

.debug_frame    0x00000000     0x13b8
 *(.debug_frame)
 .debug_frame   0x00000000      0xa0c ff/ff.o
 .debug_frame   0x00000a0c      0x284 ff/mmc.o
 .debug_frame   0x00000c90       0x74 ff/rtc.o
 .debug_frame   0x00000d04      0x2cc main.o
 .debug_frame   0x00000fd0       0xf4 my_eeprom.o
 .debug_frame   0x000010c4      0x1b4 my_i2c.o
 .debug_frame   0x00001278       0x68 my_uart.o
 .debug_frame   0x000012e0       0xd8 my_xbee.o

.debug_str      0x00000000     0x1668
 *(.debug_str)
 .debug_str     0x00000000      0x208 C:/Program Files (x86)/Atmel/Studio/7.0/Packs/atmel/ATmega_DFP/1.6.364/gcc/dev/atmega328p/avr5/crtatmega328p.o
 .debug_str     0x00000208      0x5ca ff/ff.o
                                0x681 (size before relaxing)
 .debug_str     0x000007d2      0x140 ff/mmc.o
                                0x34e (size before relaxing)
 .debug_str     0x00000912       0x4c ff/rtc.o
                                0x1ea (size before relaxing)
 .debug_str     0x0000095e      0x893 main.o
                                0xbe5 (size before relaxing)
 .debug_str     0x000011f1      0x38d my_eeprom.o
                                0x794 (size before relaxing)
 .debug_str     0x0000157e       0xb6 my_i2c.o
                                0x35c (size before relaxing)
 .debug_str     0x00001634       0x16 my_uart.o
                                0x225 (size before relaxing)
 .debug_str     0x0000164a       0x1e my_xbee.o
                                0x30b (size before relaxing)

.debug_loc      0x00000000     0x7fb6
 *(.debug_loc)
 .debug_loc     0x00000000     0x4a02 ff/ff.o
 .debug_loc     0x00004a02     0x136a ff/mmc.o
 .debug_loc     0x00005d6c       0x90 ff/rtc.o
 .debug_loc     0x00005dfc      0xf91 main.o
 .debug_loc     0x00006d8d      0x24e my_eeprom.o
 .debug_loc     0x00006fdb      0xb5d my_i2c.o
 .debug_loc     0x00007b38       0xa3 my_uart.o
 .debug_loc     0x00007bdb      0x3db my_xbee.o

.debug_macinfo
 *(.debug_macinfo)

.debug_weaknames
 *(.debug_weaknames)

.debug_funcnames
 *(.debug_funcnames)

.debug_typenames
 *(.debug_typenames)

.debug_varnames
 *(.debug_varnames)

.debug_pubtypes
 *(.debug_pubtypes)

.debug_ranges   0x00000000      0x448
 *(.debug_ranges)
 .debug_ranges  0x00000000      0x178 ff/ff.o
 .debug_ranges  0x00000178       0xb8 ff/mmc.o
 .debug_ranges  0x00000230       0x38 ff/rtc.o
 .debug_ranges  0x00000268       0xc8 main.o
 .debug_ranges  0x00000330       0x30 my_eeprom.o
 .debug_ranges  0x00000360       0x90 my_i2c.o
 .debug_ranges  0x000003f0       0x28 my_uart.o
 .debug_ranges  0x00000418       0x30 my_xbee.o

.debug_macro
 *(.debug_macro)
OUTPUT(mlogger.elf elf32-avr)
LOAD linker stubs
